05-13 08:45:02.823 21513 21513 I InsetsController: onStateChanged: host=com.netflix.mediaclient/com.netflix.mediaclient.ui.player.PlayerActivity, from=android.view.ViewRootImpl$ViewRootHandler.handleMessageImpl:7194, state=InsetsState: {mDisplayFrame=Rect(0, 0 - 2340, 1080), mDisplayCutout=DisplayCutout{insets=Rect(76, 0 - 0, 0) waterfall=Insets{left=0, top=0, right=0, bottom=0} boundingRect={Bounds=[Rect(0, 515 - 76, 565), Rect(0, 0 - 0, 0), Rect(0, 0 - 0, 0), Rect(0, 0 - 0, 0)]} cutoutPathParserInfo={CutoutPathParserInfo{displayWidth=1080 displayHeight=2340 physicalDisplayWidth=1080 physicalDisplayHeight=2340 density={2.8125} cutoutSpec={M 0,0 H -8.933333333333333 V 26.93333333333333 H 8.933333333333333 V 0 H 0 Z @dp} rotation={1} scale={1.0} physicalPixelDisplaySizeRatio={1.0}}}}, mRoundedCorners=RoundedCorners{[RoundedCorner{position=TopLeft, radius=4, center=Point(4, 4)}, RoundedCorner{position=TopRight, radius=4, center=Point(2336, 4)}, RoundedCorner{position=BottomRight, radius=4, center=Point(2336, 1076)}, RoundedCorner{position=BottomLeft, radius=4, center=Point(4, 1076)}]}  mRoundedCornerFrame=Rect(0, 0 - 2340, 1080), mPrivacyIndicatorBounds=PrivacyIndicatorBounds {static bounds=Rect(2224, 0 - 2340, 63) rotation=1}, mDisplayShape=DisplayShape{ spec=-1951251426 displayWidth=1440 displayHeight=3120 physicalPixelDisplaySizeRatio=1.0 rotation=1 offsetX=0 offsetY=0 scale=1.0}, mSources= { InsetsSource: {b0820000 mType=statusBars mFrame=[0,0][2340,63] mVisible=false mFlags=[]}, InsetsSource: {b0820005 mType=mandatorySystemGestures mFrame=[0,0][2340,63] mVisible=true mFlags=[]}, InsetsSource: {b0820006 mType=tappableElement mFrame=[0,0][2340,63] mVisible=true mFlags=[]}, InsetsSource: {d8e10001 mType=navigationBars mFrame=[2214,0][2340,1080] mVisible=false mFlags=[]}, InsetsSource: {d8e10004 mType=systemGestures mFrame=[0,0][0,0] mVisible=true mFlags=[]}, InsetsSource: {d8e10005 mType=mandatorySystemGestures mFrame=[2214,0][2340,1080] mVisible=true mFlags=[]}, InsetsSource: {d8e10006 mType=tappableElement mFrame=[2214,0][2340,1080] mVisible=true mFlags=[]}, InsetsSource: {d8e10024 mType=systemGestures mFrame=[0,0][0,0] mVisible=true mFlags=[]}, InsetsSource: {3 mType=ime mFrame=[0,0][0,0] mVisible=false mFlags=[]}, InsetsSource: {7 mType=displayCutout mFrame=[0,0][76,1080] mVisible=true mFlags=[]} }
05-13 08:45:02.824  2377  2598 V WindowManager: performShowLocked: mDrawState=HAS_DRAWN in Window{c9dc567 u0 com.netflix.mediaclient/com.netflix.mediaclient.ui.player.PlayerActivity}
05-13 08:45:02.826  2377  2598 V WindowManager: Start calculating TransitionInfo based on participants: {Task{8b81c46 #180 type=standard A=10312:com.netflix.mediaclient}, Display{#0 state=ON size=2340x1080 ROTATION_90}}
05-13 08:45:02.826  2377  2598 V WindowManager:   Final targets: [Task{8b81c46 #180 type=standard A=10312:com.netflix.mediaclient}, DefaultTaskDisplayArea_d0@218423179, Display{#0 state=ON size=2340x1080 ROTATION_90}]
05-13 08:45:02.828  2377  2598 V WindowManager: Calling onTransitionReady: {id=285 t=CHANGE f=0x0 trk=0 r=[0@Point(0, 0)] c=[{WCT{RemoteToken{214391 Task{8b81c46 #180 type=standard A=10312:com.netflix.mediaclient}}} m=CHANGE f=NONE p=WCT{RemoteToken{a1ffc3f DefaultTaskDisplayArea_d0@218423179}} leash=Surface(name=Task=180)/@0x1e3441b sb=Rect(0, 0 - 1080, 2340) eb=Rect(0, 0 - 2340, 1080) d=0 r=0->1:0 inset=Rect(76, 0 - 0, 0)},{WCT{RemoteToken{a1ffc3f DefaultTaskDisplayArea_d0@218423179}} m=CHANGE f=IS_TASK_DISPLAY_AREA p=WCT{RemoteToken{762f38e Display{#0 state=ON size=2340x1080 ROTATION_90}}} leash=Surface(name=DefaultTaskDisplayArea_d0)/@0xd1cf4e3 sb=Rect(0, 0 - 1080, 2340) eb=Rect(0, 0 - 2340, 1080) d=0 r=0->1:-1 inset=Rect(0, 0 - 0, 0)},{WCT{RemoteToken{762f38e Display{#0 state=ON size=2340x1080 ROTATION_90}}} m=CHANGE f=IS_DISPLAY leash=Surface(name=WindowedMagnification:0:31)/@0x1c8898f sb=Rect(0, 0 - 1080, 2340) eb=Rect(0, 0 - 2340, 1080) d=0 r=0->1:3 inset=Rect(0, 0 - 0, 0)}]}
05-13 08:45:02.829  2377  2598 D PowerManagerService: [api] acquire WakeLock SCREEN_BRIGHT_WAKE_LOCK        'WindowManager/displayId:0' ON_AFTER_RELEASE (uid=1000 pid=2377 ws=WorkSource{10312 com.netflix.mediaclient} displayId=0 lock=13f34df)
05-13 08:45:02.829  1669  1669 D CompositionEngine: Layer: com.netflix.mediaclient/com.netflix.mediaclient.ui.player.PlayerActivity$_21513#4984 had an out of bounds transparent region
05-13 08:45:02.831  2377  7237 V WindowManager: Relayout Window{c9dc567 u0 com.netflix.mediaclient/com.netflix.mediaclient.ui.player.PlayerActivity}: viewVisibility=0 req=2340x1080 ty=1 d0
05-13 08:45:02.831  2377  2594 V WindowManager:     info={id=285 t=CHANGE f=0x0 trk=0 r=[0@Point(0, 0)] c=[{WCT{RemoteToken{214391 Task{8b81c46 #180 type=standard A=10312:com.netflix.mediaclient}}} m=CHANGE f=NONE p=WCT{RemoteToken{a1ffc3f DefaultTaskDisplayArea_d0@218423179}} leash=Surface(name=Task=180)/@0x1e3441b sb=Rect(0, 0 - 1080, 2340) eb=Rect(0, 0 - 2340, 1080) d=0 r=0->1:0 inset=Rect(76, 0 - 0, 0)},{WCT{RemoteToken{a1ffc3f DefaultTaskDisplayArea_d0@218423179}} m=CHANGE f=IS_TASK_DISPLAY_AREA p=WCT{RemoteToken{762f38e Display{#0 state=ON size=2340x1080 ROTATION_90}}} leash=Surface(name=DefaultTaskDisplayArea_d0)/@0xd1cf4e3 sb=Rect(0, 0 - 1080, 2340) eb=Rect(0, 0 - 2340, 1080) d=0 r=0->1:-1 inset=Rect(0, 0 - 0, 0)},{WCT{RemoteToken{762f38e Display{#0 state=ON size=2340x1080 ROTATION_90}}} m=CHANGE f=IS_DISPLAY leash=Surface(name=WindowedMagnification:0:31)/@0x1c8898f sb=Rect(0, 0 - 1080, 2340) eb=Rect(0, 0 - 2340, 1080) d=0 r=0->1:3 inset=Rect(0, 0 - 0, 0)}]}
05-13 08:45:02.836  1669  1761 D SurfaceFlinger: [com.netflix.mediaclient/com.netflix.mediaclient.ui.player.PlayerActivity$_21513#4984] setTransactionState with buffer. bufferData(ID: 0, frameNumber: 18, barrierFrameNumber: 17)
05-13 08:45:02.837  2377  7237 D WindowManager: finishDrawingWindow: Window{c9dc567 u0 com.netflix.mediaclient/com.netflix.mediaclient.ui.player.PlayerActivity} mDrawState=HAS_DRAWN seqId=2
05-13 08:45:02.837  1669  1669 I Layer   : Layer::reparent [ActivityRecord{13bd2dd u0 com.netflix.mediaclient/.ui.player.PlayerActivity t180}#4978] newParent : Task=180#4947 , isRemovedFromCurrentState : 0 -------------------------
05-13 08:45:02.837  1669  1669 I Layer   : Layer::reparent [ActivityRecord{13bd2dd u0 com.netflix.mediaclient/.ui.player.PlayerActivity t180}#4978] End -------------------------
05-13 08:45:02.837  1669  1669 I Layer   : Layer::reparent [Surface(name=ActivityRecord{13bd2dd u0 com.netflix.mediaclient/.ui.player.PlayerActivity t180})/@0x467dd7b - rotation-leash#4986] newParentHandle : null -------------------------
05-13 08:45:02.837  1669  1669 I Layer   : id=4986 removeFromCurrentState Surface(name=ActivityRecord{13bd2dd u0 com.netflix.mediaclient/.ui.player.PlayerActivity t180})/@0x467dd7b - rotation-leash#4986 (151)
05-13 08:45:02.837  1669  1669 I Layer   : Layer::reparent [Surface(name=ActivityRecord{13bd2dd u0 com.netflix.mediaclient/.ui.player.PlayerActivity t180})/@0x467dd7b - rotation-leash#4986] End -------------------------
05-13 08:45:02.838  1669  1669 I Layer   : id=4960 removeFromCurrentState ActivityRecord{8573ba1 u0 com.netflix.mediaclient/o.cqo t180}#4960 (151)
05-13 08:45:02.838  1669  1669 I Layer   : id=4971 removeFromCurrentState 7c3d9ab ActivityRecordInputSink com.netflix.mediaclient/o.cqo#4971 (151)
05-13 08:45:02.838  1669  1669 I Layer   : id=4966 removeFromCurrentState d040d74 com.netflix.mediaclient/o.cqo#4966 (151)
05-13 08:45:02.838  1669  1669 I Layer   : id=4967 removeFromCurrentState com.netflix.mediaclient/o.cqo$_21513#4967 (151)
05-13 08:45:02.838  1669  1669 I Layer   : id=4978 removeFromCurrentState ActivityRecord{13bd2dd u0 com.netflix.mediaclient/.ui.player.PlayerActivity t180}#4978 (151)
05-13 08:45:02.838  1669  1669 I Layer   : id=4987 removeFromCurrentState addf787 ActivityRecordInputSink com.netflix.mediaclient/.ui.player.PlayerActivity#4987 (151)
05-13 08:45:02.838  1669  1669 I Layer   : id=4983 removeFromCurrentState c9dc567 com.netflix.mediaclient/com.netflix.mediaclient.ui.player.PlayerActivity#4983 (151)
05-13 08:45:02.838  1669  1669 I Layer   : id=4984 removeFromCurrentState com.netflix.mediaclient/com.netflix.mediaclient.ui.player.PlayerActivity$_21513#4984 (151)
05-13 08:45:02.838  1669  1669 I Layer   : id=4989 removeFromCurrentState Bounds for - com.netflix.mediaclient/com.netflix.mediaclient.ui.player.PlayerActivity@0#4989 (151)
05-13 08:45:02.838  1669  1669 I Layer   : id=4990 removeFromCurrentState SurfaceView[com.netflix.mediaclient/com.netflix.mediaclient.ui.player.PlayerActivity]@0#4990 (151)
05-13 08:45:02.838  1669  1669 I Layer   : id=4992 removeFromCurrentState Background for SurfaceView[com.netflix.mediaclient/com.netflix.mediaclient.ui.player.PlayerActivity]@0#4992 (151)
05-13 08:45:02.838  1669  1669 I Layer   : id=4991 removeFromCurrentState SurfaceView[com.netflix.mediaclient/com.netflix.mediaclient.ui.player.PlayerActivity]@0(BLAST)#4991 (151)
05-13 08:45:02.838  1669  1669 I Layer   : id=4960 addToCurrentState ActivityRecord{8573ba1 u0 com.netflix.mediaclient/o.cqo t180}#4960 (151)
05-13 08:45:02.838  1669  1669 I Layer   : id=4971 addToCurrentState 7c3d9ab ActivityRecordInputSink com.netflix.mediaclient/o.cqo#4971 (151)
05-13 08:45:02.838  1669  1669 I Layer   : id=4966 addToCurrentState d040d74 com.netflix.mediaclient/o.cqo#4966 (151)
05-13 08:45:02.838  1669  1669 I Layer   : id=4967 addToCurrentState com.netflix.mediaclient/o.cqo$_21513#4967 (151)
05-13 08:45:02.838  1669  1669 I Layer   : id=4978 addToCurrentState ActivityRecord{13bd2dd u0 com.netflix.mediaclient/.ui.player.PlayerActivity t180}#4978 (151)

05-13 08:45:02.838  1669  1669 I Layer   : id=4987 addToCurrentState addf787 ActivityRecordInputSink com.netflix.mediaclient/.ui.player.PlayerActivity#4987 (151)

05-13 08:45:02.838  1669  1669 I Layer   : id=4983 addToCurrentState c9dc567 com.netflix.mediaclient/com.netflix.mediaclient.ui.player.PlayerActivity#4983 (151) 05-13 08:45:02.838  1669  1669 I Layer   : id=4984 addToCurrentState com.netflix.mediaclient/com.netflix.mediaclient.ui.player.PlayerActivity$_21513#4984 (151)
05-13 08:45:02.838  1669  1669 I Layer   : id=4989 addToCurrentState Bounds for - com.netflix.mediaclient/com.netflix.mediaclient.ui.player.PlayerActivity@0#4989 (151)
05-13 08:45:02.838  1669  1669 I Layer   : id=4990 addToCurrentState SurfaceView[com.netflix.mediaclient/com.netflix.mediaclient.ui.player.PlayerActivity]@0#4990 (151)
05-13 08:45:02.838  1669  1669 I Layer   : id=4992 addToCurrentState Background for SurfaceView[com.netflix.mediaclient/com.netflix.mediaclient.ui.player.PlayerActivity]@0#4992 (151)
05-13 08:45:02.838  1669  1669 I Layer   : id=4991 addToCurrentState SurfaceView[com.netflix.mediaclient/com.netflix.mediaclient.ui.player.PlayerActivity]@0(BLAST)#4991 (151)
05-13 08:45:02.839  2377  7238 D WindowManager: rotationForOrientation, orientationSource=ActivityRecord{13bd2dd u0 com.netflix.mediaclient/.ui.player.PlayerActivity t180}
05-13 08:45:02.839  1669  1669 D CompositionEngine: Layer: com.netflix.mediaclient/com.netflix.mediaclient.ui.player.PlayerActivity$_21513#4984 had an out of bounds transparent region
05-13 08:45:02.844  2377  4406 V WindowManager: Relayout Window{d040d74 u0 com.netflix.mediaclient/o.cqo}: viewVisibility=8 req=1080x2340 ty=1 d0
05-13 08:45:02.845  1669  1669 I Layer   : Layer [com.netflix.mediaclient/o.cqo$_21513#4967] hidden!! flag(1)
05-13 08:45:02.846  1669  1669 D CompositionEngine: Layer: com.netflix.mediaclient/com.netflix.mediaclient.ui.player.PlayerActivity$_21513#4984 had an out of bounds transparent region
05-13 08:45:02.850 21513 21513 I InsetsController: onStateChanged: host=com.netflix.mediaclient/com.netflix.mediaclient.ui.player.PlayerActivity, from=android.view.ViewRootImpl$ViewRootHandler.handleMessageImpl:7194, state=InsetsState: {mDisplayFrame=Rect(0, 0 - 2340, 1080), mDisplayCutout=DisplayCutout{insets=Rect(76, 0 - 0, 0) waterfall=Insets{left=0, top=0, right=0, bottom=0} boundingRect={Bounds=[Rect(0, 515 - 76, 565), Rect(0, 0 - 0, 0), Rect(0, 0 - 0, 0), Rect(0, 0 - 0, 0)]} cutoutPathParserInfo={CutoutPathParserInfo{displayWidth=1080 displayHeight=2340 physicalDisplayWidth=1080 physicalDisplayHeight=2340 density={2.8125} cutoutSpec={M 0,0 H -8.933333333333333 V 26.93333333333333 H 8.933333333333333 V 0 H 0 Z @dp} rotation={1} scale={1.0} physicalPixelDisplaySizeRatio={1.0}}}}, mRoundedCorners=RoundedCorners{[RoundedCorner{position=TopLeft, radius=4, center=Point(4, 4)}, RoundedCorner{position=TopRight, radius=4, center=Point(2336, 4)}, RoundedCorner{position=BottomRight, radius=4, center=Point(2336, 1076)}, RoundedCorner{position=BottomLeft, radius=4, center=Point(4, 1076)}]}  mRoundedCornerFrame=Rect(0, 0 - 2340, 1080), mPrivacyIndicatorBounds=PrivacyIndicatorBounds {static bounds=Rect(2224, 0 - 2340, 63) rotation=1}, mDisplayShape=DisplayShape{ spec=-1951251426 displayWidth=1440 displayHeight=3120 physicalPixelDisplaySizeRatio=1.0 rotation=1 offsetX=0 offsetY=0 scale=1.0}, mSources= { InsetsSource: {b0820000 mType=statusBars mFrame=[0,0][2340,63] mVisible=false mFlags=[]}, InsetsSource: {b0820005 mType=mandatorySystemGestures mFrame=[0,0][2340,63] mVisible=true mFlags=[]}, InsetsSource: {b0820006 mType=tappableElement mFrame=[0,0][2340,63] mVisible=true mFlags=[]}, InsetsSource: {d8e10001 mType=navigationBars mFrame=[2214,0][2340,1080] mVisible=false mFlags=[]}, InsetsSource: {d8e10004 mType=systemGestures mFrame=[0,0][0,0] mVisible=true mFlags=[]}, InsetsSource: {d8e10005 mType=mandatorySystemGestures mFrame=[2214,0][2340,1080] mVisible=true mFlags=[]}, InsetsSource: {d8e10006 mType=tappableElement mFrame=[2214,0][2340,1080] mVisible=true mFlags=[]}, InsetsSource: {d8e10024 mType=systemGestures mFrame=[0,0][0,0] mVisible=true mFlags=[]}, InsetsSource: {3 mType=ime mFrame=[0,0][0,0] mVisible=false mFlags=[]}, InsetsSource: {7 mType=displayCutout mFrame=[0,0][76,1080] mVisible=true mFlags=[]} }
05-13 08:45:02.851 21513 21513 D ViewRootImpl@f3db6e[cqo]: WindowStopped on com.netflix.mediaclient/o.cqo set to true
05-13 08:45:02.854  2377  5042 V WindowManager: Relayout Window{d040d74 u0 com.netflix.mediaclient/o.cqo}: viewVisibility=8 req=1080x2340 ty=1 d0
05-13 08:45:02.854  1669  1669 D CompositionEngine: Layer: com.netflix.mediaclient/com.netflix.mediaclient.ui.player.PlayerActivity$_21513#4984 had an out of bounds transparent region
05-13 08:45:02.857  2377  5042 E WindowManager: win=Window{d040d74 u0 com.netflix.mediaclient/o.cqo} destroySurfaces: appStopped=true cleanupOnResume=false win.mWindowRemovalAllowed=false win.mRemoveOnExit=false win.mViewVisibility=8 caller=com.android.server.wm.ActivityRecord.destroySurfaces:6923 com.android.server.wm.ActivityRecord.destroySurfaces:6904 com.android.server.wm.ActivityRecord.activityStopped:7604 com.android.server.wm.ActivityClientController.activityStopped:310 android.app.IActivityClientController$Stub.onTransact:702 com.android.server.wm.ActivityClientController.onTransact:175 android.os.Binder.execTransactInternal:1380
05-13 08:45:02.857  2377  5042 I WindowManager: Destroying surface Surface(name=com.netflix.mediaclient/o.cqo$_21513)/@0x75799cc called by com.android.server.wm.WindowStateAnimator.destroySurface:799 com.android.server.wm.WindowStateAnimator.destroySurfaceLocked:472 com.android.server.wm.WindowState.destroySurfaceUnchecked:4163 com.android.server.wm.WindowState.destroySurface:4137 com.android.server.wm.ActivityRecord.destroySurfaces:6923 com.android.server.wm.ActivityRecord.destroySurfaces:6904 com.android.server.wm.ActivityRecord.activityStopped:7604 com.android.server.wm.ActivityClientController.activityStopped:310
05-13 08:45:02.862  1669  1669 I Layer   : Layer::reparent [com.netflix.mediaclient/o.cqo$_21513#4967] newParentHandle : null -------------------------
05-13 08:45:02.862  1669  1669 I Layer   : id=4967 removeFromCurrentState com.netflix.mediaclient/o.cqo$_21513#4967 (154)
05-13 08:45:02.862  1669  1669 I Layer   : Layer::reparent [com.netflix.mediaclient/o.cqo$_21513#4967] End -------------------------
05-13 08:45:02.862  1669  1669 I SurfaceFlinger: id=4967 Removed com.netflix.mediaclient/o.cqo$_21513#4967 (154)
05-13 08:45:02.863  1669  1669 D CompositionEngine: Layer: com.netflix.mediaclient/com.netflix.mediaclient.ui.player.PlayerActivity$_21513#4984 had an out of bounds transparent region
05-13 08:45:02.871  1669  1669 I Layer   : id=4967 Destroyed com.netflix.mediaclient/o.cqo$_21513#4967
05-13 08:45:02.872  1669  1669 D CompositionEngine: Layer: com.netflix.mediaclient/com.netflix.mediaclient.ui.player.PlayerActivity$_21513#4984 had an out of bounds transparent region
05-13 08:45:02.873  1669  1669 D SurfaceFlinger:      DEVICE | 0xb400007d08ee7d50 | 0182 | 0x7fa30c09   |    0.0   97.0 1920.0  983.0 |    0    0 1080 2340 | SurfaceView[com.netflix.mediaclient/[...]player.PlayerActivity]@0(BLAST)#4991
05-13 08:45:02.873  1669  1669 D SurfaceFlinger:      DEVICE | 0xb400007d08ef6d80 | 0100 | RGBA_8888    |    0.0    0.0 1080.0 2340.0 |    0    0 1080 2340 | com.netflix.mediaclient/com.netflix.[...]ui.player.PlayerActivity$_21513#4984
05-13 08:45:02.880  1669  1669 D CompositionEngine: Layer: com.netflix.mediaclient/com.netflix.mediaclient.ui.player.PlayerActivity$_21513#4984 had an out of bounds transparent region
05-13 08:45:02.881  1669  1669 D SurfaceFlinger:      DEVICE | 0xb400007d08ee7d50 | 0182 | 0x7fa30c09   |    0.0   97.0 1920.0  983.0 |    0    0 1080 2340 | SurfaceView[com.netflix.mediaclient/[...]player.PlayerActivity]@0(BLAST)#4991
05-13 08:45:02.881  1669  1669 D SurfaceFlinger:      DEVICE | 0xb400007d08eda940 | 0100 | RGBA_8888    |    0.0    0.0 1080.0 2340.0 |    0    0 1080 2340 | com.netflix.mediaclient/com.netflix.[...]ui.player.PlayerActivity$_21513#4984
05-13 08:45:02.887  1669  1669 D CompositionEngine: Layer: com.netflix.mediaclient/com.netflix.mediaclient.ui.player.PlayerActivity$_21513#4984 had an out of bounds transparent region
05-13 08:45:02.896  1669  1669 D CompositionEngine: Layer: com.netflix.mediaclient/com.netflix.mediaclient.ui.player.PlayerActivity$_21513#4984 had an out of bounds transparent region
05-13 08:45:02.904  1669  1669 D CompositionEngine: Layer: com.netflix.mediaclient/com.netflix.mediaclient.ui.player.PlayerActivity$_21513#4984 had an out of bounds transparent region
05-13 08:45:02.912  1669  1669 D CompositionEngine: Layer: com.netflix.mediaclient/com.netflix.mediaclient.ui.player.PlayerActivity$_21513#4984 had an out of bounds transparent region
05-13 08:45:02.921  1669  1669 D CompositionEngine: Layer: com.netflix.mediaclient/com.netflix.mediaclient.ui.player.PlayerActivity$_21513#4984 had an out of bounds transparent region
05-13 08:45:02.929  1669  1669 D CompositionEngine: Layer: com.netflix.mediaclient/com.netflix.mediaclient.ui.player.PlayerActivity$_21513#4984 had an out of bounds transparent region
05-13 08:45:02.933  4696  4696 I smedia  : SMediaControllerCallback.onMetadataChanged(com.netflix.mediaclient)
05-13 08:45:02.937  1669  1669 D CompositionEngine: Layer: com.netflix.mediaclient/com.netflix.mediaclient.ui.player.PlayerActivity$_21513#4984 had an out of bounds transparent region
05-13 08:45:02.937  4086  4086 V MediaPlayerWrapper: sendMediaUpdate(): Metadata has been updated for com.netflix.mediaclient
05-13 08:45:02.944  4086  4086 V MediaPlayerWrapper: sendMediaUpdate(): Metadata has been updated for com.netflix.mediaclient
05-13 08:45:02.946  1669  1669 D CompositionEngine: Layer: com.netflix.mediaclient/com.netflix.mediaclient.ui.player.PlayerActivity$_21513#4984 had an out of bounds transparent region
05-13 08:45:02.947  4086  4086 V MediaPlayerWrapper: sendMediaUpdate(): Metadata has been updated for com.netflix.mediaclient
05-13 08:45:02.954  1669  1669 D CompositionEngine: Layer: com.netflix.mediaclient/com.netflix.mediaclient.ui.player.PlayerActivity$_21513#4984 had an out of bounds transparent region
05-13 08:45:02.962  1669  1669 D CompositionEngine: Layer: com.netflix.mediaclient/com.netflix.mediaclient.ui.player.PlayerActivity$_21513#4984 had an out of bounds transparent region
05-13 08:45:02.969  2377  2597 D SGM:GameManager: identifyForegroundApp. com.netflix.mediaclient, mCurrentUserId: 0, callerUserId: 0
05-13 08:45:02.969  2377  2597 D SGM:PkgDataHelper: getGamePkgData(). com.netflix.mediaclient
05-13 08:45:02.970  1669  1669 D CompositionEngine: Layer: com.netflix.mediaclient/com.netflix.mediaclient.ui.player.PlayerActivity$_21513#4984 had an out of bounds transparent region
05-13 08:45:02.979  1669  1669 D CompositionEngine: Layer: com.netflix.mediaclient/com.netflix.mediaclient.ui.player.PlayerActivity$_21513#4984 had an out of bounds transparent region
05-13 08:45:02.987  1669  1669 D CompositionEngine: Layer: com.netflix.mediaclient/com.netflix.mediaclient.ui.player.PlayerActivity$_21513#4984 had an out of bounds transparent region
05-13 08:45:02.995  1669  1669 D CompositionEngine: Layer: com.netflix.mediaclient/com.netflix.mediaclient.ui.player.PlayerActivity$_21513#4984 had an out of bounds transparent region
05-13 08:45:03.004  1669  1669 D CompositionEngine: Layer: com.netflix.mediaclient/com.netflix.mediaclient.ui.player.PlayerActivity$_21513#4984 had an out of bounds transparent region
05-13 08:45:03.012  1669  1669 D CompositionEngine: Layer: com.netflix.mediaclient/com.netflix.mediaclient.ui.player.PlayerActivity$_21513#4984 had an out of bounds transparent region
05-13 08:45:03.020  1669  1669 D CompositionEngine: Layer: com.netflix.mediaclient/com.netflix.mediaclient.ui.player.PlayerActivity$_21513#4984 had an out of bounds transparent region
05-13 08:45:03.029  1669  1669 D CompositionEngine: Layer: com.netflix.mediaclient/com.netflix.mediaclient.ui.player.PlayerActivity$_21513#4984 had an out of bounds transparent region
05-13 08:45:03.037  1669  1669 D CompositionEngine: Layer: com.netflix.mediaclient/com.netflix.mediaclient.ui.player.PlayerActivity$_21513#4984 had an out of bounds transparent region
05-13 08:45:03.045  1669  1669 D CompositionEngine: Layer: com.netflix.mediaclient/com.netflix.mediaclient.ui.player.PlayerActivity$_21513#4984 had an out of bounds transparent region
05-13 08:45:03.054  1669  1669 D CompositionEngine: Layer: com.netflix.mediaclient/com.netflix.mediaclient.ui.player.PlayerActivity$_21513#4984 had an out of bounds transparent region
05-13 08:45:03.062  1669  1669 D CompositionEngine: Layer: com.netflix.mediaclient/com.netflix.mediaclient.ui.player.PlayerActivity$_21513#4984 had an out of bounds transparent region
05-13 08:45:03.070  1669  1669 D CompositionEngine: Layer: com.netflix.mediaclient/com.netflix.mediaclient.ui.player.PlayerActivity$_21513#4984 had an out of bounds transparent region
05-13 08:45:03.079  1669  1669 D CompositionEngine: Layer: com.netflix.mediaclient/com.netflix.mediaclient.ui.player.PlayerActivity$_21513#4984 had an out of bounds transparent region
05-13 08:45:03.087  1669  1669 D CompositionEngine: Layer: com.netflix.mediaclient/com.netflix.mediaclient.ui.player.PlayerActivity$_21513#4984 had an out of bounds transparent region
05-13 08:45:03.095  1669  1669 D CompositionEngine: Layer: com.netflix.mediaclient/com.netflix.mediaclient.ui.player.PlayerActivity$_21513#4984 had an out of bounds transparent region
05-13 08:45:03.104  1669  1669 D CompositionEngine: Layer: com.netflix.mediaclient/com.netflix.mediaclient.ui.player.PlayerActivity$_21513#4984 had an out of bounds transparent region
05-13 08:45:03.112  1669  1669 D CompositionEngine: Layer: com.netflix.mediaclient/com.netflix.mediaclient.ui.player.PlayerActivity$_21513#4984 had an out of bounds transparent region
05-13 08:45:03.120  1669  1669 D CompositionEngine: Layer: com.netflix.mediaclient/com.netflix.mediaclient.ui.player.PlayerActivity$_21513#4984 had an out of bounds transparent region
05-13 08:45:03.129  1669  1669 D CompositionEngine: Layer: com.netflix.mediaclient/com.netflix.mediaclient.ui.player.PlayerActivity$_21513#4984 had an out of bounds transparent region
05-13 08:45:03.136  2377  2438 W system_server: ApkAssets: Deleting an ApkAssets object '<empty> and /data/app/~~x5lakcI4tqkhnfDRAtBzRQ==/com.netflix.mediaclient-00JaiFuBohd1TbqYWkkM9Q==/base.apk' with 1 weak references
05-13 08:45:03.136  2377  2438 W system_server: ApkAssets: Deleting an ApkAssets object '<empty> and /data/app/~~x5lakcI4tqkhnfDRAtBzRQ==/com.netflix.mediaclient-00JaiFuBohd1TbqYWkkM9Q==/split_config.arm64_v8a.apk' with 1 weak references
05-13 08:45:03.136  2377  2438 W system_server: ApkAssets: Deleting an ApkAssets object '<empty> and /data/app/~~x5lakcI4tqkhnfDRAtBzRQ==/com.netflix.mediaclient-00JaiFuBohd1TbqYWkkM9Q==/split_config.en.apk' with 1 weak references
05-13 08:45:03.136  2377  2438 W system_server: ApkAssets: Deleting an ApkAssets object '<empty> and /data/app/~~x5lakcI4tqkhnfDRAtBzRQ==/com.netflix.mediaclient-00JaiFuBohd1TbqYWkkM9Q==/split_config.vi.apk' with 1 weak references
05-13 08:45:03.136  2377  2438 W system_server: ApkAssets: Deleting an ApkAssets object '<empty> and /data/app/~~x5lakcI4tqkhnfDRAtBzRQ==/com.netflix.mediaclient-00JaiFuBohd1TbqYWkkM9Q==/split_config.xxhdpi.apk' with 1 weak references
05-13 08:45:03.136  2377  2438 W system_server: ApkAssets: Deleting an ApkAssets object '<empty> and /data/app/~~x5lakcI4tqkhnfDRAtBzRQ==/com.netflix.mediaclient-00JaiFuBohd1TbqYWkkM9Q==/split_partnermodule.apk' with 1 weak references
05-13 08:45:03.136  2377  2438 W system_server: ApkAssets: Deleting an ApkAssets object '<empty> and /data/app/~~x5lakcI4tqkhnfDRAtBzRQ==/com.netflix.mediaclient-00JaiFuBohd1TbqYWkkM9Q==/split_partnermodule.config.en.apk' with 1 weak references
05-13 08:45:03.136  2377  2438 W system_server: ApkAssets: Deleting an ApkAssets object '<empty> and /data/app/~~x5lakcI4tqkhnfDRAtBzRQ==/com.netflix.mediaclient-00JaiFuBohd1TbqYWkkM9Q==/split_partnermodule.config.vi.apk' with 1 weak references
05-13 08:45:03.136  2377  2438 W system_server: ApkAssets: Deleting an ApkAssets object '<empty> and /data/app/~~x5lakcI4tqkhnfDRAtBzRQ==/com.netflix.mediaclient-00JaiFuBohd1TbqYWkkM9Q==/split_partnermodule.config.xxhdpi.apk' with 1 weak references
05-13 08:45:03.136  2377  2438 W system_server: ApkAssets: Deleting an ApkAssets object '<empty> and /data/app/~~x5lakcI4tqkhnfDRAtBzRQ==/com.netflix.mediaclient-00JaiFuBohd1TbqYWkkM9Q==/split_voip.apk' with 1 weak references
05-13 08:45:03.136  2377  2438 W system_server: ApkAssets: Deleting an ApkAssets object '<empty> and /data/app/~~x5lakcI4tqkhnfDRAtBzRQ==/com.netflix.mediaclient-00JaiFuBohd1TbqYWkkM9Q==/split_voip.config.arm64_v8a.apk' with 1 weak references
05-13 08:45:03.136  2377  2438 W system_server: ApkAssets: Deleting an ApkAssets object '<empty> and /data/app/~~x5lakcI4tqkhnfDRAtBzRQ==/com.netflix.mediaclient-00JaiFuBohd1TbqYWkkM9Q==/split_voip.config.xxhdpi.apk' with 1 weak references
05-13 08:45:03.137  1669  1669 D CompositionEngine: Layer: com.netflix.mediaclient/com.netflix.mediaclient.ui.player.PlayerActivity$_21513#4984 had an out of bounds transparent region
05-13 08:45:03.145  1669  1669 D CompositionEngine: Layer: com.netflix.mediaclient/com.netflix.mediaclient.ui.player.PlayerActivity$_21513#4984 had an out of bounds transparent region
05-13 08:45:03.146  1669  1669 D SurfaceFlinger:      DEVICE | 0xb400007d08f051e0 | 0182 | 0x7fa30c09   |    0.0   97.0 1920.0  983.0 |    0    0 1080 2340 | SurfaceView[com.netflix.mediaclient/[...]player.PlayerActivity]@0(BLAST)#4991
05-13 08:45:03.146  1669  1669 D SurfaceFlinger:      DEVICE | 0xb400007d08ef6d80 | 0100 | RGBA_8888    |    0.0    0.0 1080.0 2340.0 |    0    0 1080 2340 | com.netflix.mediaclient/com.netflix.[...]ui.player.PlayerActivity$_21513#4984
05-13 08:45:03.154  1669  1669 D CompositionEngine: Layer: com.netflix.mediaclient/com.netflix.mediaclient.ui.player.PlayerActivity$_21513#4984 had an out of bounds transparent region
05-13 08:45:03.162  1669  1669 D CompositionEngine: Layer: com.netflix.mediaclient/com.netflix.mediaclient.ui.player.PlayerActivity$_21513#4984 had an out of bounds transparent region
05-13 08:45:03.163  1669  1669 D SurfaceFlinger:      DEVICE | 0xb400007d08f051e0 | 0182 | 0x7fa30c09   |    0.0   97.0 1920.0  983.0 |    0    0 1080 2340 | SurfaceView[com.netflix.mediaclient/[...]player.PlayerActivity]@0(BLAST)#4991
05-13 08:45:03.163  1669  1669 D SurfaceFlinger:      DEVICE | 0xb400007d08edd9a0 | 0100 | RGBA_8888    |    0.0    0.0 1080.0 2340.0 |    0    0 1080 2340 | com.netflix.mediaclient/com.netflix.[...]ui.player.PlayerActivity$_21513#4984
05-13 08:45:03.170  1669  1669 D CompositionEngine: Layer: com.netflix.mediaclient/com.netflix.mediaclient.ui.player.PlayerActivity$_21513#4984 had an out of bounds transparent region
05-13 08:45:03.179  1669  1669 D CompositionEngine: Layer: com.netflix.mediaclient/com.netflix.mediaclient.ui.player.PlayerActivity$_21513#4984 had an out of bounds transparent region
05-13 08:45:03.187  1669  1669 D CompositionEngine: Layer: com.netflix.mediaclient/com.netflix.mediaclient.ui.player.PlayerActivity$_21513#4984 had an out of bounds transparent region
05-13 08:45:03.189 21513 21513 I InsetsController: cancelAnimation: types=statusBars navigationBars, animType=1, host=com.netflix.mediaclient/com.netflix.mediaclient.ui.player.PlayerActivity, from=android.view.InsetsController.notifyFinished:1747 android.view.InsetsAnimationThreadControlRunner$1.lambda$notifyFinished$0:85 android.view.InsetsAnimationThreadControlRunner$1.$r8$lambda$RAf1SfIREsj9-wH5FOigMy6eLkM:0
05-13 08:45:03.195  1669  1669 D CompositionEngine: Layer: com.netflix.mediaclient/com.netflix.mediaclient.ui.player.PlayerActivity$_21513#4984 had an out of bounds transparent region
05-13 08:45:03.204  1669  1669 D CompositionEngine: Layer: com.netflix.mediaclient/com.netflix.mediaclient.ui.player.PlayerActivity$_21513#4984 had an out of bounds transparent region
05-13 08:45:03.212  1669  1669 D CompositionEngine: Layer: com.netflix.mediaclient/com.netflix.mediaclient.ui.player.PlayerActivity$_21513#4984 had an out of bounds transparent region
05-13 08:45:03.220  1669  1669 D CompositionEngine: Layer: com.netflix.mediaclient/com.netflix.mediaclient.ui.player.PlayerActivity$_21513#4984 had an out of bounds transparent region
05-13 08:45:03.229  1669  1669 D CompositionEngine: Layer: com.netflix.mediaclient/com.netflix.mediaclient.ui.player.PlayerActivity$_21513#4984 had an out of bounds transparent region
05-13 08:45:03.237  1669  1669 D CompositionEngine: Layer: com.netflix.mediaclient/com.netflix.mediaclient.ui.player.PlayerActivity$_21513#4984 had an out of bounds transparent region
05-13 08:45:03.245  1669  1669 D CompositionEngine: Layer: com.netflix.mediaclient/com.netflix.mediaclient.ui.player.PlayerActivity$_21513#4984 had an out of bounds transparent region
05-13 08:45:03.254  1669  1669 D CompositionEngine: Layer: com.netflix.mediaclient/com.netflix.mediaclient.ui.player.PlayerActivity$_21513#4984 had an out of bounds transparent region
05-13 08:45:03.262  1669  1669 D CompositionEngine: Layer: com.netflix.mediaclient/com.netflix.mediaclient.ui.player.PlayerActivity$_21513#4984 had an out of bounds transparent region
05-13 08:45:03.270  1669  1669 D CompositionEngine: Layer: com.netflix.mediaclient/com.netflix.mediaclient.ui.player.PlayerActivity$_21513#4984 had an out of bounds transparent region
05-13 08:45:03.278  1669  1669 D CompositionEngine: Layer: com.netflix.mediaclient/com.netflix.mediaclient.ui.player.PlayerActivity$_21513#4984 had an out of bounds transparent region
05-13 08:45:03.287  1669  1669 D CompositionEngine: Layer: com.netflix.mediaclient/com.netflix.mediaclient.ui.player.PlayerActivity$_21513#4984 had an out of bounds transparent region
05-13 08:45:03.295  1669  1669 D CompositionEngine: Layer: com.netflix.mediaclient/com.netflix.mediaclient.ui.player.PlayerActivity$_21513#4984 had an out of bounds transparent region
05-13 08:45:03.303  1669  1669 D CompositionEngine: Layer: com.netflix.mediaclient/com.netflix.mediaclient.ui.player.PlayerActivity$_21513#4984 had an out of bounds transparent region
05-13 08:45:03.312  1669  1669 D CompositionEngine: Layer: com.netflix.mediaclient/com.netflix.mediaclient.ui.player.PlayerActivity$_21513#4984 had an out of bounds transparent region
05-13 08:45:03.320  1669  1669 D CompositionEngine: Layer: com.netflix.mediaclient/com.netflix.mediaclient.ui.player.PlayerActivity$_21513#4984 had an out of bounds transparent region
05-13 08:45:03.329  1669  1669 D CompositionEngine: Layer: com.netflix.mediaclient/com.netflix.mediaclient.ui.player.PlayerActivity$_21513#4984 had an out of bounds transparent region
05-13 08:45:03.337  1669  1669 D CompositionEngine: Layer: com.netflix.mediaclient/com.netflix.mediaclient.ui.player.PlayerActivity$_21513#4984 had an out of bounds transparent region
05-13 08:45:03.345  1669  1669 D CompositionEngine: Layer: com.netflix.mediaclient/com.netflix.mediaclient.ui.player.PlayerActivity$_21513#4984 had an out of bounds transparent region
05-13 08:45:03.354  1669  1669 D CompositionEngine: Layer: com.netflix.mediaclient/com.netflix.mediaclient.ui.player.PlayerActivity$_21513#4984 had an out of bounds transparent region
05-13 08:45:03.362  1669  1669 D CompositionEngine: Layer: com.netflix.mediaclient/com.netflix.mediaclient.ui.player.PlayerActivity$_21513#4984 had an out of bounds transparent region
05-13 08:45:03.370  1669  1669 D CompositionEngine: Layer: com.netflix.mediaclient/com.netflix.mediaclient.ui.player.PlayerActivity$_21513#4984 had an out of bounds transparent region
05-13 08:45:03.387  1669  1669 D CompositionEngine: Layer: com.netflix.mediaclient/com.netflix.mediaclient.ui.player.PlayerActivity$_21513#4984 had an out of bounds transparent region
05-13 08:45:03.395  1669  1669 D CompositionEngine: Layer: com.netflix.mediaclient/com.netflix.mediaclient.ui.player.PlayerActivity$_21513#4984 had an out of bounds transparent region
05-13 08:45:03.477  2377  7238 D SGM:GameManager: identifyForegroundApp. com.netflix.mediaclient, mCurrentUserId: 0, callerUserId: 0
05-13 08:45:03.478  2377  7238 D SGM:PkgDataHelper: getGamePkgData(). com.netflix.mediaclient
05-13 08:45:03.728  1669  1669 D CompositionEngine: Layer: com.netflix.mediaclient/com.netflix.mediaclient.ui.player.PlayerActivity$_21513#4984 had an out of bounds transparent region
05-13 08:45:05.767  1669  1669 I LayerHistory: SurfaceView[com.netflix.mediaclient/com.netflix.mediaclient.ui.player.PlayerActivity]@0(BLAST)#4991 voted 5, 23.98 fps
05-13 08:45:05.767  1669  1669 I LayerHistory: com.netflix.mediaclient/com.netflix.mediaclient.ui.player.PlayerActivity$_21513#4984 is infrequent
05-13 08:45:07.907  1669  1669 I LayerHistory: SurfaceView[com.netflix.mediaclient/com.netflix.mediaclient.ui.player.PlayerActivity]@0(BLAST)#4991 voted 5, 23.98 fps
05-13 08:45:07.907  1669  1669 I LayerHistory: com.netflix.mediaclient/com.netflix.mediaclient.ui.player.PlayerActivity$_21513#4984 Max (can't resolve refresh rate)
05-13 08:45:07.983  1669  1669 D CompositionEngine: Layer: com.netflix.mediaclient/com.netflix.mediaclient.ui.player.PlayerActivity$_21513#4984 had an out of bounds transparent region
05-13 08:45:07.999  1669  1669 D CompositionEngine: Layer: com.netflix.mediaclient/com.netflix.mediaclient.ui.player.PlayerActivity$_21513#4984 had an out of bounds transparent region
05-13 08:45:08.049  1669  1669 D CompositionEngine: Layer: com.netflix.mediaclient/com.netflix.mediaclient.ui.player.PlayerActivity$_21513#4984 had an out of bounds transparent region
05-13 08:45:09.241  2377  2595 D WindowManager: requestTransientBars: swipeTarget=Window{2150db0 u0 NavigationBar0}, controlTarget=Window{c9dc567 u0 com.netflix.mediaclient/com.netflix.mediaclient.ui.player.PlayerActivity}, canShowTransient=true, restorePositionTypes=0x0, from=com.android.server.wm.DisplayPolicy$1.onSwipeFromRight:615 com.android.server.wm.SystemGesturesPointerEventListener.onPointerEvent:272
05-13 08:45:09.242  2377  2595 D InsetsSourceProvider: updateFakeControlTarget: fakeControl=InsetsSourceControl: {d8e10001 mType=navigationBars mSurfacePosition=Point(0, 0) mInsetsHint=Insets{left=0, top=0, right=0, bottom=0}}, fakeTarget=Window{c9dc567 u0 com.netflix.mediaclient/com.netflix.mediaclient.ui.player.PlayerActivity}
05-13 08:45:09.244  2377  2595 D InsetsSourceProvider: updateFakeControlTarget: fakeControl=InsetsSourceControl: {b0820000 mType=statusBars mSurfacePosition=Point(0, 0) mInsetsHint=Insets{left=0, top=0, right=0, bottom=0}}, fakeTarget=Window{c9dc567 u0 com.netflix.mediaclient/com.netflix.mediaclient.ui.player.PlayerActivity}
05-13 08:45:09.246  1669  1669 D CompositionEngine: Layer: com.netflix.mediaclient/com.netflix.mediaclient.ui.player.PlayerActivity$_21513#4984 had an out of bounds transparent region
05-13 08:45:09.254  1669  1669 D CompositionEngine: Layer: com.netflix.mediaclient/com.netflix.mediaclient.ui.player.PlayerActivity$_21513#4984 had an out of bounds transparent region
05-13 08:45:09.255  1669  1669 D SurfaceFlinger:      DEVICE | 0xb400007d08efe700 | 0182 | 0x7fa30c09   |    0.0   97.0 1920.0  983.0 |    0    0 1080 2340 | SurfaceView[com.netflix.mediaclient/[...]player.PlayerActivity]@0(BLAST)#4991
05-13 08:45:09.255  1669  1669 D SurfaceFlinger:      DEVICE | 0xb400007d08ef6d80 | 0100 | RGBA_8888    |    0.0    0.0 1080.0 2340.0 |    0    0 1080 2340 | com.netflix.mediaclient/com.netflix.[...]ui.player.PlayerActivity$_21513#4984
05-13 08:45:09.263  1669  1669 D CompositionEngine: Layer: com.netflix.mediaclient/com.netflix.mediaclient.ui.player.PlayerActivity$_21513#4984 had an out of bounds transparent region
05-13 08:45:09.281  1669  1669 D CompositionEngine: Layer: com.netflix.mediaclient/com.netflix.mediaclient.ui.player.PlayerActivity$_21513#4984 had an out of bounds transparent region
05-13 08:45:09.283  1669  1669 D SurfaceFlinger:      DEVICE | 0xb400007d08efe700 | 0182 | 0x7fa30c09   |    0.0   97.0 1920.0  983.0 |    0    0 1080 2340 | SurfaceView[com.netflix.mediaclient/[...]player.PlayerActivity]@0(BLAST)#4991
05-13 08:45:09.283  1669  1669 D SurfaceFlinger:      DEVICE | 0xb400007d08ef6d80 | 0100 | RGBA_8888    |    0.0    0.0 1080.0 2340.0 |    0    0 1080 2340 | com.netflix.mediaclient/com.netflix.[...]ui.player.PlayerActivity$_21513#4984
05-13 08:45:09.288  1669  1669 D CompositionEngine: Layer: com.netflix.mediaclient/com.netflix.mediaclient.ui.player.PlayerActivity$_21513#4984 had an out of bounds transparent region
05-13 08:45:09.289  1669  1669 D SurfaceFlinger:      DEVICE | 0xb400007d08efe700 | 0182 | 0x7fa30c09   |    0.0   97.0 1920.0  983.0 |    0    0 1080 2340 | SurfaceView[com.netflix.mediaclient/[...]player.PlayerActivity]@0(BLAST)#4991
05-13 08:45:09.289  1669  1669 D SurfaceFlinger:      DEVICE | 0xb400007d08ef6d80 | 0100 | RGBA_8888    |    0.0    0.0 1080.0 2340.0 |    0    0 1080 2340 | com.netflix.mediaclient/com.netflix.[...]ui.player.PlayerActivity$_21513#4984
05-13 08:45:09.296  1669  1669 D CompositionEngine: Layer: com.netflix.mediaclient/com.netflix.mediaclient.ui.player.PlayerActivity$_21513#4984 had an out of bounds transparent region
05-13 08:45:09.305  1669  1669 D CompositionEngine: Layer: com.netflix.mediaclient/com.netflix.mediaclient.ui.player.PlayerActivity$_21513#4984 had an out of bounds transparent region
05-13 08:45:09.313  1669  1669 D CompositionEngine: Layer: com.netflix.mediaclient/com.netflix.mediaclient.ui.player.PlayerActivity$_21513#4984 had an out of bounds transparent region
05-13 08:45:09.321  1669  1669 D CompositionEngine: Layer: com.netflix.mediaclient/com.netflix.mediaclient.ui.player.PlayerActivity$_21513#4984 had an out of bounds transparent region
05-13 08:45:09.329  1669  1669 D CompositionEngine: Layer: com.netflix.mediaclient/com.netflix.mediaclient.ui.player.PlayerActivity$_21513#4984 had an out of bounds transparent region
05-13 08:45:09.338  1669  1669 D CompositionEngine: Layer: com.netflix.mediaclient/com.netflix.mediaclient.ui.player.PlayerActivity$_21513#4984 had an out of bounds transparent region
05-13 08:45:09.346  1669  1669 D CompositionEngine: Layer: com.netflix.mediaclient/com.netflix.mediaclient.ui.player.PlayerActivity$_21513#4984 had an out of bounds transparent region
05-13 08:45:09.354  1669  1669 D CompositionEngine: Layer: com.netflix.mediaclient/com.netflix.mediaclient.ui.player.PlayerActivity$_21513#4984 had an out of bounds transparent region
05-13 08:45:09.363  1669  1669 D CompositionEngine: Layer: com.netflix.mediaclient/com.netflix.mediaclient.ui.player.PlayerActivity$_21513#4984 had an out of bounds transparent region
05-13 08:45:09.371  1669  1669 D CompositionEngine: Layer: com.netflix.mediaclient/com.netflix.mediaclient.ui.player.PlayerActivity$_21513#4984 had an out of bounds transparent region
05-13 08:45:09.375 11724 11724 I SGPController: performSwipeAction() pos=right, handleIndex=1, type=HORIZONTAL_SWIPE, action=key_back, pkg=com.netflix.mediaclient
05-13 08:45:09.379  1669  1669 D CompositionEngine: Layer: com.netflix.mediaclient/com.netflix.mediaclient.ui.player.PlayerActivity$_21513#4984 had an out of bounds transparent region
05-13 08:45:09.385  2377  3532 D SemWifiMediaStateMonitor: com.netflix.mediaclient - Paused[BW:false, NSS:false, ]
05-13 08:45:09.385  4696  4696 I smedia  : SMediaControllerCallback.OnPlaybackStateChanged(com.netflix.mediaclient)
05-13 08:45:09.385  2377  4024 I MediaSessionStack: removeSession | record: com.netflix.mediaclient/PlaybackMediaSessionWrapper (userId=0)
05-13 08:45:09.386  4696  4696 I smedia  : SMediaSessionHelper.releaseActiveController(false): 'com.netflix.mediaclient'
05-13 08:45:09.386  4696  4696 I smedia  : SMediaSessionHelper.setActiveController(false): 'com.netflix.mediaclient' -> 'com.netflix.mediaclient' [0]
05-13 08:45:09.386  4696  4696 I smedia  : SMediaController.onActiveControllerSet(com.netflix.mediaclient, false)
05-13 08:45:09.386  4696  4696 I smedia  : SMediaController.sendActiveMediaInfo(com.netflix.mediaclient)
05-13 08:45:09.386  2377  3532 D SemWifiMediaStateMonitor: com.netflix.mediaclient - Destroyed[BW:false, NSS:false, ]
05-13 08:45:09.387  1669  1669 I SurfaceFlinger: [SurfaceView[com.netflix.mediaclient/com.netflix.mediaclient.ui.player.PlayerActivity]@0(BLAST)#4991] setFrameRate: 0.000000, Compatibility: 0, Strategy: 0
05-13 08:45:09.387  1669  1669 D CompositionEngine: Layer: com.netflix.mediaclient/com.netflix.mediaclient.ui.player.PlayerActivity$_21513#4984 had an out of bounds transparent region
05-13 08:45:09.388  4696  4696 I smedia  : SMediaMessageManager.preSendMessage(1): {"msgId":"music-playstatechange-rsp","result":"success","reason":0,"appId":"com.netflix.mediaclient","playstate":2,"position":0}
05-13 08:45:09.388  4696  4696 I smedia  : SMediaMessageManager.preSendMessage(1): {"msgId":"music-playstatechange-rsp","result":"success","reason":0,"appId":"com.netflix.mediaclient","playstate":2,"position":0}
05-13 08:45:09.389  4696  4696 I smedia  : SMediaSessionHelper.releaseActiveController(true): 'com.netflix.mediaclient'
05-13 08:45:09.389  4696  4696 I smedia  : SMediaSessionHelper.setActiveController(true): 'com.netflix.mediaclient' -> '' [empty]
05-13 08:45:09.389  4086  4086 V MediaPlayerWrapper: onPlaybackStateChanged(): com.netflix.mediaclient tried to update with no queue
05-13 08:45:09.389  4086  4086 V MediaPlayerWrapper: onPlaybackStateChanged(): com.netflix.mediaclient tried to update with no queue
05-13 08:45:09.389  4696  4696 I smedia  : SMediaMessageManager.preSendMessage(0): {"msgId":"music-applist-rsp","result":"success","reason":0,"count":2,"list":[{"appId":"com.zing.zalo","appName":"Zalo"},{"appId":"com.netflix.mediaclient","appName":"Netflix"}]}
05-13 08:45:09.389  4086  4086 V MediaPlayerWrapper: onPlaybackStateChanged(): com.netflix.mediaclient tried to update with no queue
05-13 08:45:09.390  4086  4086 W MediaPlayerWrapper: The session was destroyed com.netflix.mediaclient
05-13 08:45:09.390  4086  4086 D MediaPlayerList: sessionUpdatedCallback(): packageName: com.netflix.mediaclient
05-13 08:45:09.390  4086  4086 W MediaPlayerWrapper: The session was destroyed com.netflix.mediaclient
05-13 08:45:09.390  4086  4086 D MediaPlayerList: sessionUpdatedCallback(): packageName: com.netflix.mediaclient
05-13 08:45:09.390  4696  4696 I smedia  : SMediaMessageManager.preSendMessage(0): {"msgId":"music-applist-rsp","result":"success","reason":0,"count":2,"list":[{"appId":"com.zing.zalo","appName":"Zalo"},{"appId":"com.netflix.mediaclient","appName":"Netflix"}]}
05-13 08:45:09.396  4086  4086 W MediaPlayerWrapper: The session was destroyed com.netflix.mediaclient
05-13 08:45:09.396  4086  4086 D MediaPlayerList: sessionUpdatedCallback(): packageName: com.netflix.mediaclient
05-13 08:45:09.396  1669  1669 D CompositionEngine: Layer: com.netflix.mediaclient/com.netflix.mediaclient.ui.player.PlayerActivity$_21513#4984 had an out of bounds transparent region
05-13 08:45:09.404  1669  1669 D CompositionEngine: Layer: com.netflix.mediaclient/com.netflix.mediaclient.ui.player.PlayerActivity$_21513#4984 had an out of bounds transparent region
05-13 08:45:09.412  1669  1669 D CompositionEngine: Layer: com.netflix.mediaclient/com.netflix.mediaclient.ui.player.PlayerActivity$_21513#4984 had an out of bounds transparent region
05-13 08:45:09.421  1669  1669 D CompositionEngine: Layer: com.netflix.mediaclient/com.netflix.mediaclient.ui.player.PlayerActivity$_21513#4984 had an out of bounds transparent region
05-13 08:45:09.428  2377  3276 D InputDispatcher: Waiting to send key to c9dc567 com.netflix.mediaclient/com.netflix.mediaclient.ui.player.PlayerActivity because there are unprocessed events that may cause focus to change
05-13 08:45:09.429  1669  1669 D CompositionEngine: Layer: com.netflix.mediaclient/com.netflix.mediaclient.ui.player.PlayerActivity$_21513#4984 had an out of bounds transparent region
05-13 08:45:09.430  2377  7207 V WindowManager: Collecting in transition 286: ActivityRecord{13bd2dd u0 com.netflix.mediaclient/.ui.player.PlayerActivity t180 f}}, caller=com.android.server.wm.Transition.collectExistenceChange:921 com.android.server.wm.TransitionController.collectExistenceChange:940 com.android.server.wm.TransitionController.requestCloseTransitionIfNeeded:886 com.android.server.wm.ActivityRecord.finishIfPossible:4301 com.android.server.wm.ActivityClientController.finishActivity:598
05-13 08:45:09.430  2377  7207 D WindowManager: prepareSync <SYNC_STATE_WAITING_FOR_DRAW>, mPrepareSyncSeqId=0, win=Window{c9dc567 u0 com.netflix.mediaclient/com.netflix.mediaclient.ui.player.PlayerActivity}
05-13 08:45:09.430  2377  7207 V WindowManager: Collecting in transition 286: ActivityRecord{13bd2dd u0 com.netflix.mediaclient/.ui.player.PlayerActivity t180 f}}, caller=com.android.server.wm.TransitionController.collect:898 com.android.server.wm.ActivityRecord.setVisibility:6319 com.android.server.wm.ActivityRecord.setVisibility:6271 com.android.server.wm.ActivityRecord.finishIfPossible:4378 com.android.server.wm.ActivityClientController.finishActivity:598
05-13 08:45:09.430  2377  7207 D WindowManager: VisibleRequested updated, r=ActivityRecord{13bd2dd u0 com.netflix.mediaclient/.ui.player.PlayerActivity t180 f}} 05-13 08:45:09.430  2377  7207 D ActivityTaskManager: scheduleTopResumedActivityChanged, onTop=false, r=ActivityRecord{13bd2dd u0 com.netflix.mediaclient/.ui.player.PlayerActivity t180 f}}, caller=com.android.server.wm.ActivityTaskSupervisor.updateTopResumedActivityIfNeeded:2818 com.android.server.wm.TaskFragment.setResumedActivity:574 com.android.server.wm.TaskFragment.onActivityStateChanged:883 com.android.server.wm.ActivityRecord.setState:6782 com.android.server.wm.TaskFragment.startPausing:1985 com.android.server.wm.ActivityRecord.finishIfPossible:4396
05-13 08:45:09.433  2377  7237 V WindowManager: Relayout Window{c9dc567 u0 com.netflix.mediaclient/com.netflix.mediaclient.ui.player.PlayerActivity}: viewVisibility=0 req=2340x1080 ty=1 d0
05-13 08:45:09.437  1669  1669 D CompositionEngine: Layer: com.netflix.mediaclient/com.netflix.mediaclient.ui.player.PlayerActivity$_21513#4984 had an out of bounds transparent region
05-13 08:45:09.437  2377  7237 D InputDispatcher: Focus left window (0): c9dc567 com.netflix.mediaclient/com.netflix.mediaclient.ui.player.PlayerActivity
05-13 08:45:09.440  2377  7237 V WindowManager: Collecting in transition 286: ActivityRecord{8573ba1 u0 com.netflix.mediaclient/o.cqo t180}, caller=com.android.server.wm.TransitionController.collect:898 com.android.server.wm.ActivityRecord.setVisibility:6319 com.android.server.wm.ActivityRecord.setVisibility:6271 com.android.server.wm.TaskFragment.resumeTopActivity:1712 com.android.server.wm.TaskFragment.resumeTopActivity:1381
05-13 08:45:09.440  2377  7237 D WindowManager: prepareSync <SYNC_STATE_WAITING_FOR_DRAW>, mPrepareSyncSeqId=0, win=Window{d040d74 u0 com.netflix.mediaclient/o.cqo}
05-13 08:45:09.440  2377  7237 V WindowManager: Setting visibility of Window{d040d74 u0 com.netflix.mediaclient/o.cqo}: true, caller=com.android.server.wm.WindowContainer.sendAppVisibilityToClients:1281 com.android.server.wm.WindowToken.setClientVisible:446 com.android.server.wm.ActivityRecord.setClientVisible:8092 com.android.server.wm.ActivityRecord.setVisibility:6422 com.android.server.wm.ActivityRecord.setVisibility:6271
05-13 08:45:09.440  2377  7237 D InputDispatcher: Focused application(0): ActivityRecord{8573ba1 u0 com.netflix.mediaclient/o.cqo t180}
05-13 08:45:09.440  2377  7237 V WindowManager: Changing focus from Window{c9dc567 u0 com.netflix.mediaclient/com.netflix.mediaclient.ui.player.PlayerActivity} to null displayId=0 Callers=com.android.server.wm.RootWindowContainer.updateFocusedWindowLocked:576 com.android.server.wm.WindowManagerService.updateFocusedWindowLocked:6883 com.android.server.wm.ActivityTaskManagerService.setLastResumedActivityUncheckLocked:6114 com.android.server.wm.ActivityTaskSupervisor.updateTopResumedActivityIfNeeded:2839
