05-13 08:44:55.600  2377  2440 D InsetsSourceProvider: updateControlForTarget: control=InsetsSourceControl: {d8e10001 mType=navigationBars initiallyVisible mSurfacePosition=Point(0, 2214) mInsetsHint=Insets{left=0, top=0, right=0, bottom=126}}, target=Window{14d99cb u0 com.netflix.mediaclient/com.netflix.mediaclient.ui.launch.UIWebViewActivity}, from=com.android.server.wm.InsetsStateController.onControlTargetChanged:358 com.android.server.wm.InsetsStateController.onBarControlTargetChanged:327 com.android.server.wm.InsetsPolicy.updateBarControlTarget:172 com.android.server.wm.InsetsPolicy.updateSystemBars:800 com.android.server.wm.DisplayPolicy.updateSystemBarsLw:3418
05-13 08:44:55.600  2377  2440 D InsetsSourceProvider: updateControlForTarget: control=InsetsSourceControl: {b0820000 mType=statusBars initiallyVisible mSurfacePosition=Point(0, 0) mInsetsHint=Insets{left=0, top=76, right=0, bottom=0}}, target=Window{14d99cb u0 com.netflix.mediaclient/com.netflix.mediaclient.ui.launch.UIWebViewActivity}, from=com.android.server.wm.InsetsStateController.onControlTargetChanged:358 com.android.server.wm.InsetsStateController.onBarControlTargetChanged:324 com.android.server.wm.InsetsPolicy.updateBarControlTarget:172 com.android.server.wm.InsetsPolicy.updateSystemBars:800 com.android.server.wm.DisplayPolicy.updateSystemBarsLw:3418
05-13 08:44:55.605  1669  1669 I Layer   : Layer [14d99cb com.netflix.mediaclient/com.netflix.mediaclient.ui.launch.UIWebViewActivity#4953] hidden!! flag(0)
05-13 08:44:55.606  2377  3432 D MdnieScenarioControlService:  packageName : com.netflix.mediaclient    className : com.netflix.mediaclient.ui.launch.UIWebViewActivity
05-13 08:44:55.614  2377  7226 D InputDispatcher: Focus request (0): 14d99cb com.netflix.mediaclient/com.netflix.mediaclient.ui.launch.UIWebViewActivity but waiting because NO_WINDOW
05-13 08:44:55.615  2377  7226 D WindowManager: finishDrawingWindow: Window{14d99cb u0 com.netflix.mediaclient/com.netflix.mediaclient.ui.launch.UIWebViewActivity} mDrawState=DRAW_PENDING seqId=0
05-13 08:44:55.615  2377  2598 V WindowManager: Finish starting ActivityRecord{1a51021 u0 com.netflix.mediaclient/.ui.launch.UIWebViewActivity t180}: first real window is shown, no animation
05-13 08:44:55.615  2377  2598 V WindowManager: Schedule remove starting ActivityRecord{1a51021 u0 com.netflix.mediaclient/.ui.launch.UIWebViewActivity t180} startingWindow=Window{cf666a0 u0 Splash Screen com.netflix.mediaclient} animate=true Callers=com.android.server.wm.ActivityRecord.removeStartingWindow:3450 com.android.server.wm.ActivityRecord.onFirstWindowDrawn:7864 com.android.server.wm.WindowState.performShowLocked:5291 com.android.server.wm.WindowStateAnimator.commitFinishDrawingLocked:280 com.android.server.wm.DisplayContent.lambda$new$8:1293
05-13 08:44:55.615  2377  2598 D TaskOrganizerController: applyStartingWindowAnimation, window=Window{14d99cb u0 com.netflix.mediaclient/com.netflix.mediaclient.ui.launch.UIWebViewActivity}, caller=com.android.server.wm.TaskOrganizerController.removeStartingWindow:774 com.android.server.wm.StartingSurfaceController$StartingSurface.remove:292 com.android.server.wm.ActivityRecord.removeStartingWindowAnimation:3530
05-13 08:44:55.616  2377  2598 I WindowManager: Reparenting to leash, surface=Surface(name=14d99cb com.netflix.mediaclient/com.netflix.mediaclient.ui.launch.UIWebViewActivity)/@0xfb5d9ec, leashParent=Surface(name=ActivityRecord{1a51021 u0 com.netflix.mediaclient/.ui.launch.UIWebViewActivity t180})/@0xc294e2a
05-13 08:44:55.616  1669  2869 I SurfaceFlinger: id=4959 createSurf, flag=24000, Surface(name=14d99cb com.netflix.mediaclient/com.netflix.mediaclient.ui.launch.UIWebViewActivity)/@0xfb5d9ec - animation-leash of starting_reveal#4959
05-13 08:44:55.617  2377  2598 D WindowManager: makeSurface duration=1 leash=Surface(name=Surface(name=14d99cb com.netflix.mediaclient/com.netflix.mediaclient.ui.launch.UIWebViewActivity)/@0xfb5d9ec - animation-leash of starting_reveal)/@0x15be1b5
05-13 08:44:55.617  2377  2598 V WindowManager: performShowLocked: mDrawState=HAS_DRAWN in Window{14d99cb u0 com.netflix.mediaclient/com.netflix.mediaclient.ui.launch.UIWebViewActivity}
05-13 08:44:55.622  1669  1669 I Layer   : Layer::reparent [14d99cb com.netflix.mediaclient/com.netflix.mediaclient.ui.launch.UIWebViewActivity#4953] newParent : Surface(name=14d99cb com.netflix.mediaclient/com.netflix.mediaclient.ui.launch.UIWebViewActivity)/@0xfb5d9ec - animation-leash of starting_reveal#4959 , isRemovedFromCurrentState : 0 -------------------------
05-13 08:44:55.622  1669  1669 I Layer   : Layer::reparent [14d99cb com.netflix.mediaclient/com.netflix.mediaclient.ui.launch.UIWebViewActivity#4953] End -------------------------
05-13 08:44:55.622  1669  1669 I Layer   : Layer [com.netflix.mediaclient/com.netflix.mediaclient.ui.launch.UIWebViewActivity$_21513#4954] hidden!! flag(0)
05-13 08:44:55.623  2377  2440 D InputDispatcher: Focus entered window (0): 14d99cb com.netflix.mediaclient/com.netflix.mediaclient.ui.launch.UIWebViewActivity
05-13 08:44:55.624  2377  2594 I PkgPredictorService-SecIpmManagerServiceImpl: reportToNAP uid:10312 com.netflix.mediaclient/com.netflix.mediaclient.ui.launch.UIWebViewActivity thisTime:182
05-13 08:44:55.625  1669  1669 D SurfaceFlinger:      CLIENT | 0xb400007d08ec8ee0 | 0102 | RGBA_8888    |    0.0    0.0 1080.0 2340.0 |   27   58 1053 2282 | com.netflix.mediaclient/com.netflix.[...]launch.UIWebViewActivity$_21513#4954
05-13 08:44:55.625  1669  1669 D SurfaceFlinger:      CLIENT | 0xb400007d08ed5f00 | 0100 | RGBA_8888    |    0.0    0.0 1080.0 2340.0 |   27   58 1053 2282 | Splash Screen com.netflix.mediaclient$_3777#4950
05-13 08:44:55.625 21513 21513 I InsetsSourceConsumer: applyRequestedVisibilityToControl: visible=true, type=navigationBars, host=com.netflix.mediaclient/com.netflix.mediaclient.ui.launch.UIWebViewActivity
05-13 08:44:55.625 21513 21513 I InsetsSourceConsumer: applyRequestedVisibilityToControl: visible=true, type=statusBars, host=com.netflix.mediaclient/com.netflix.mediaclient.ui.launch.UIWebViewActivity
05-13 08:44:55.628 21513 16844 W MobStoreFlagStore: Unable to update local snapshot for com.google.android.gms.cast_dynamite#com.netflix.mediaclient, may result in stale flags.
05-13 08:44:55.628 21513 16844 W MobStoreFlagStore: java.util.concurrent.ExecutionException: java.lang.SecurityException: GoogleCertificatesRslt: not allowed: pkg=com.netflix.mediaclient, sha256=[363863596ea99241eb71b1a985553aa604de3ea3c5f0c546742390e682164e6b], atk=false, ver=241616038.true (go/gsrlt)
05-13 08:44:55.628 21513 16844 W MobStoreFlagStore: Caused by: java.lang.SecurityException: GoogleCertificatesRslt: not allowed: pkg=com.netflix.mediaclient, sha256=[363863596ea99241eb71b1a985553aa604de3ea3c5f0c546742390e682164e6b], atk=false, ver=241616038.true (go/gsrlt)
05-13 08:44:55.629  2377  2594 I ActivityTaskManager: Displayed com.netflix.mediaclient/.ui.launch.UIWebViewActivity for user 0: +182ms
05-13 08:44:55.629  2377  2594 I Pageboost: Launch time gathered : pid 21513 com.netflix.mediaclient 182
05-13 08:44:55.631  2377  2597 I ChimeraSystemEventListener: appLaunchIntent package name is: com.netflix.mediaclient
05-13 08:44:55.631  2377  2440 V WindowManager: Collecting in transition 283: ActivityRecord{8573ba1 u0 com.netflix.mediaclient/o.cqo, caller=com.android.server.wm.TransitionController.collect:898 com.android.server.wm.ActivityStarter.startActivityUnchecked:2376 com.android.server.wm.ActivityStarter.executeRequest:1953 com.android.server.wm.ActivityStarter.execute:1093 com.android.server.wm.ActivityTaskManagerService.startActivityAsUser:1980
05-13 08:44:55.631  2377  2440 D ActivityTaskManager: TaskLaunchParamsModifier:task=null activity=ActivityRecord{8573ba1 u0 com.netflix.mediaclient/o.cqo t-1} display-area-from-source=DefaultTaskDisplayArea_d0@218423179 display-id=0 task-display-area-windowing-mode=1 suggested-display-area=DefaultTaskDisplayArea_d0@218423179
05-13 08:44:55.631  2377  2440 D ActivityTaskManager: TaskLaunchParamsModifier:task=Task{8b81c46 #180 type=standard A=10312:com.netflix.mediaclient} activity=ActivityRecord{8573ba1 u0 com.netflix.mediaclient/o.cqo t-1} display-area-from-source=DefaultTaskDisplayArea_d0@218423179 display-id=0 task-display-area-windowing-mode=1 suggested-display-area=DefaultTaskDisplayArea_d0@218423179 inherit-from-source=fullscreen non-freeform-task-display-area display-area=DefaultTaskDisplayArea_d0@218423179 default-portrait freeform-size-mismatch=Rect(81, 560 - 999, 1730)
05-13 08:44:55.632  1669  1760 I SurfaceFlinger: id=4960 createSurf, flag=84004, ActivityRecord{8573ba1 u0 com.netflix.mediaclient/o.cqo t180}#4960
05-13 08:44:55.633  2377  2440 D ActivityTaskManager: scheduleTopResumedActivityChanged, onTop=false, r=ActivityRecord{1a51021 u0 com.netflix.mediaclient/.ui.launch.UIWebViewActivity t180}, caller=com.android.server.wm.ActivityTaskSupervisor.updateTopResumedActivityIfNeeded:2818 com.android.server.wm.TaskDisplayArea.positionChildTaskAt:566 com.android.server.wm.TaskDisplayArea.positionChildAt:482 com.android.server.wm.Task.moveToFront:6001 com.android.server.wm.Task.moveToFront:5893 com.android.server.wm.TaskDisplayArea.moveHomeRootTaskToFront:2262
05-13 08:44:55.633  2377  2440 V WindowManager: Collecting in transition 283: ActivityRecord{8573ba1 u0 com.netflix.mediaclient/o.cqo t180}, caller=com.android.server.wm.Transition.collectExistenceChange:921 com.android.server.wm.TransitionController.collectExistenceChange:940 com.android.server.wm.ActivityStarter.handleStartResult:2558 com.android.server.wm.ActivityStarter.startActivityUnchecked:2384 com.android.server.wm.ActivityStarter.executeRequest:1953
05-13 08:44:55.633  2377  2440 I ActivityTaskManager: START u0 {flg=0x20000 cmp=com.netflix.mediaclient/o.cqo (has extras)} with LAUNCH_SINGLE_TOP from uid 10312 (BAL_ALLOW_VISIBLE_WINDOW) result code=0
05-13 08:44:55.635  2377  3666 V WindowManager: Collecting in transition 283: ActivityRecord{1a51021 u0 com.netflix.mediaclient/.ui.launch.UIWebViewActivity t180 f}}, caller=com.android.server.wm.Transition.collectExistenceChange:921 com.android.server.wm.TransitionController.collectExistenceChange:940 com.android.server.wm.TransitionController.requestCloseTransitionIfNeeded:886 com.android.server.wm.ActivityRecord.finishIfPossible:4301 com.android.server.wm.ActivityClientController.finishActivity:598
05-13 08:44:55.635  2377  3666 D WindowManager: prepareSync <SYNC_STATE_WAITING_FOR_DRAW>, mPrepareSyncSeqId=0, win=Window{cf666a0 u0 Splash Screen com.netflix.mediaclient}
05-13 08:44:55.635  2377  3666 D WindowManager: prepareSync <SYNC_STATE_WAITING_FOR_DRAW>, mPrepareSyncSeqId=0, win=Window{14d99cb u0 com.netflix.mediaclient/com.netflix.mediaclient.ui.launch.UIWebViewActivity}
05-13 08:44:55.635  2377  7226 W ActivityTaskManager: Duplicate finish request for r=ActivityRecord{1a51021 u0 com.netflix.mediaclient/.ui.launch.UIWebViewActivity t180 f}}
05-13 08:44:55.635  3777  3902 V WindowManagerShell: Transition requested: android.os.BinderProxy@e5528d6 TransitionRequestInfo { type = OPEN, triggerTask = TaskInfo{userId=0 taskId=180 displayId=0 isRunning=true baseIntent=Intent { act=android.intent.action.MAIN cat=[android.intent.category.LAUNCHER] flg=0x10204000 cmp=com.netflix.mediaclient/.ui.launch.UIWebViewActivity } baseActivity=ComponentInfo{com.netflix.mediaclient/com.netflix.mediaclient.ui.launch.UIWebViewActivity} topActivity=ComponentInfo{com.netflix.mediaclient/o.cqo} origActivity=null realActivity=ComponentInfo{com.netflix.mediaclient/com.netflix.mediaclient.ui.launch.UIWebViewActivity} numActivities=2 lastActiveTime=63234568 supportsMultiWindow=false resizeMode=0 isResizeable=false minWidth=-1 minHeight=-1 maxWidth=-1 maxHeight=-1 defaultMinSize=220 token=WCT{android.window.IWindowContainerToken$Stub$Proxy@837c757} topActivityType=1 pictureInPictureParams=null shouldDockBigOverlays=false launchIntoPipHostTaskId=-1 lastParentTaskIdBeforePip=-1 displayCutoutSafeInsets=null topActivityInfo=ActivityInfo{2c69244 o.cqo} launchCookies=[] positionInParent=Point(0, 0) parentTaskId=-1 isFocused=true isVisible=true isVisibleRequested=true isSleeping=false topActivityInSizeCompat=false topActivityEligibleForLetterboxEducation= false topActivityLetterboxed= false isFromDoubleTap= false topActivityLetterboxVerticalPosition= -1 topActivityLetterboxHorizontalPosition= -1 topActivityLetterboxWidth=-1 topActivityLetterboxHeight=-1 locusId=null displayAreaFeatureId=1 cameraCompatControlState=hidden originallySupportedMultiWindow=false hasWallpaper=false topActivityInFixedAspectRatio=false rootAffinity=10312:com.netflix.mediaclient topActivityInDisplayCompat=false topActivityInBoundsCompat=false topActivityBounds=null singleTapFromLetterbox=false isTopTaskInStage=false topActivityUiMode=17 CoverLauncherWidgetTask=false CoverScreenTask=false isAllowedSeamlessRotation=false}, remoteTransition = null, displayChange = null }
05-13 08:44:55.636  2377  7226 I ImeTracker: com.netflix.mediaclient:5b626716: onRequestHide at ORIGIN_SERVER_HIDE_INPUT reason HIDE_UNSPECIFIED_WINDOW
05-13 08:44:55.636  2377  7226 I ImeTracker: com.netflix.mediaclient:5b626716: onCancelled at PHASE_SERVER_SHOULD_HIDE
05-13 08:44:55.640  2377  6557 V WindowManager: Collecting in transition 283: ActivityRecord{1a51021 u0 com.netflix.mediaclient/.ui.launch.UIWebViewActivity t180 f}}, caller=com.android.server.wm.TransitionController.collect:898 com.android.server.wm.ActivityRecord.setVisibility:6319 com.android.server.wm.ActivityRecord.setVisibility:6271 com.android.server.wm.TaskFragment.resumeTopActivity:1655 com.android.server.wm.TaskFragment.resumeTopActivity:1381
05-13 08:44:55.640  2377  6557 D WindowManager: VisibleRequested updated, r=ActivityRecord{1a51021 u0 com.netflix.mediaclient/.ui.launch.UIWebViewActivity t180 f}}
05-13 08:44:55.640  2377  6557 V WindowManager: Collecting in transition 283: ActivityRecord{8573ba1 u0 com.netflix.mediaclient/o.cqo t180}, caller=com.android.server.wm.TransitionController.collect:898 com.android.server.wm.ActivityRecord.setVisibility:6319 com.android.server.wm.ActivityRecord.setVisibility:6271 com.android.server.wm.ActivityRecord.makeVisibleIfNeeded:7073 com.android.server.wm.EnsureActivitiesVisibleHelper.setActivityVisibilityState:282
05-13 08:44:55.640  2377  6557 D WindowManager: rotationForOrientation, orientationSource=ActivityRecord{8573ba1 u0 com.netflix.mediaclient/o.cqo t180}
05-13 08:44:55.640  2377  6557 V WindowManager: Collecting in transition 283: ActivityRecord{8573ba1 u0 com.netflix.mediaclient/o.cqo t180}, caller=com.android.server.wm.TransitionController.collect:898 com.android.server.wm.ActivityRecord.setVisibility:6319 com.android.server.wm.ActivityRecord.setVisibility:6271 com.android.server.wm.ActivityTaskSupervisor.realStartActivityLocked:941 com.android.server.wm.ActivityTaskSupervisor.startSpecificActivity:1267
05-13 08:44:55.640  2377  6557 D SGM:PkgDataHelper: notifyAppCreate(), pkgName: com.netflix.mediaclient, userId: 0, sendRet: true
05-13 08:44:55.640  2377  3295 D SGM:FgCheckThread: onLooperPrepared(), msg: MSG_APP_CREATE, pkgName: com.netflix.mediaclient, userId: 0
05-13 08:44:55.641  2377  6557 D InputDispatcher: Focused application(0): ActivityRecord{8573ba1 u0 com.netflix.mediaclient/o.cqo t180}
05-13 08:44:55.641  2377  6557 V WindowManager: Changing focus from Window{14d99cb u0 com.netflix.mediaclient/com.netflix.mediaclient.ui.launch.UIWebViewActivity} to null displayId=0 Callers=com.android.server.wm.RootWindowContainer.updateFocusedWindowLocked:576 com.android.server.wm.WindowManagerService.updateFocusedWindowLocked:6883 com.android.server.wm.ActivityTaskManagerService.setLastResumedActivityUncheckLocked:6114 com.android.server.wm.ActivityTaskSupervisor.updateTopResumedActivityIfNeeded:2839
05-13 08:44:55.641  2377  6557 D InsetsSourceProvider: updateControlForTarget: control=InsetsSourceControl: {d8e10001 mType=navigationBars initiallyVisible mSurfacePosition=Point(0, 2214) mInsetsHint=Insets{left=0, top=0, right=0, bottom=126}}, target=Window{cf666a0 u0 Splash Screen com.netflix.mediaclient}, from=com.android.server.wm.InsetsStateController.onControlTargetChanged:358 com.android.server.wm.InsetsStateController.onBarControlTargetChanged:327 com.android.server.wm.InsetsPolicy.updateBarControlTarget:172 com.android.server.wm.InsetsPolicy.updateSystemBars:800 com.android.server.wm.DisplayPolicy.updateSystemBarsLw:3418
05-13 08:44:55.642  2377  6557 D InsetsSourceProvider: updateControlForTarget: control=InsetsSourceControl: {b0820000 mType=statusBars initiallyVisible mSurfacePosition=Point(0, 0) mInsetsHint=Insets{left=0, top=76, right=0, bottom=0}}, target=Window{cf666a0 u0 Splash Screen com.netflix.mediaclient}, from=com.android.server.wm.InsetsStateController.onControlTargetChanged:358 com.android.server.wm.InsetsStateController.onBarControlTargetChanged:324 com.android.server.wm.InsetsPolicy.updateBarControlTarget:172 com.android.server.wm.InsetsPolicy.updateSystemBars:800 com.android.server.wm.DisplayPolicy.updateSystemBarsLw:3418
05-13 08:44:55.642  2377  6557 D ActivityTaskManager: scheduleTopResumedActivityChanged, onTop=true, r=ActivityRecord{8573ba1 u0 com.netflix.mediaclient/o.cqo t180}, caller=com.android.server.wm.ActivityTaskSupervisor.scheduleTopResumedActivityStateIfNeeded:2849 com.android.server.wm.ActivityTaskSupervisor.updateTopResumedActivityIfNeeded:2841 com.android.server.wm.TaskFragment.setResumedActivity:574 com.android.server.wm.TaskFragment.onActivityStateChanged:898 com.android.server.wm.ActivityRecord.setState:6782 com.android.server.wm.Task.minimalResumeActivityLocked:6116
05-13 08:44:55.642  2377  6557 V WindowManager: Collecting in transition 283: ActivityRecord{8573ba1 u0 com.netflix.mediaclient/o.cqo t180}, caller=com.android.server.wm.TransitionController.collect:898 com.android.server.wm.ActivityRecord.setVisibility:6319 com.android.server.wm.ActivityRecord.setVisibility:6271 com.android.server.wm.ActivityRecord.completeResumeLocked:7366 com.android.server.wm.Task.minimalResumeActivityLocked:6117
05-13 08:44:55.642  2377  6557 D WindowManagerServiceExt: notifyOccludeChangeNotice: cn=ComponentInfo{com.netflix.mediaclient/o.cqo} occludesParent=true isInSplitScreenMode=false styleFloating=false caller=com.android.server.wm.ActivityRecord.completeResumeLocked:7423 com.android.server.wm.Task.minimalResumeActivityLocked:6117 com.android.server.wm.ActivityTaskSupervisor.realStartActivityLocked:1158 com.android.server.wm.ActivityTaskSupervisor.startSpecificActivity:1267 com.android.server.wm.TaskFragment.resumeTopActivity:1866
05-13 08:44:55.643  2377  6557 D WindowManager: SyncGroup 283:  Unfinished container: ActivityRecord{8573ba1 u0 com.netflix.mediaclient/o.cqo t180} mSyncState=2 05-13 08:44:55.644  2377  2597 D SGM:FgCheckThread: notePauseComponent(), received pkgName: com.netflix.mediaclient, userId: 0
05-13 08:44:55.644  2377  3666 D InsetsSourceProvider: updateControlForTarget: control=InsetsSourceControl: {3 mType=ime mSurfacePosition=Point(0, 76) mInsetsHint=Insets{left=0, top=0, right=0, bottom=1067}}, target=Window{14d99cb u0 com.netflix.mediaclient/com.netflix.mediaclient.ui.launch.UIWebViewActivity}, from=com.android.server.wm.ImeInsetsSourceProvider.updateControlForTarget:164 com.android.server.wm.InsetsStateController.onControlTargetChanged:358 com.android.server.wm.InsetsStateController.onImeControlTargetChanged:302 com.android.server.wm.DisplayContent.updateImeControlTarget:5713 com.android.server.wm.DisplayContent.updateImeInputAndControlTarget:5673
05-13 08:44:55.645  2377  2598 D WindowManager: SyncGroup 283:  Unfinished container: ActivityRecord{8573ba1 u0 com.netflix.mediaclient/o.cqo t180} mSyncState=2 05-13 08:44:55.646  4156  4156 I Edge.ActivityUtils: HomePackage : com.sec.android.app.launcher, resumePackageName : com.netflix.mediaclient
05-13 08:44:55.647  1669  1669 I Layer   : Layer::reparent [ImeContainer#17] newParent : ActivityRecord{1a51021 u0 com.netflix.mediaclient/.ui.launch.UIWebViewActivity t180}#4948 , isRemovedFromCurrentState : 0 -------------------------
05-13 08:44:55.648  2377  3666 D InputDispatcher: Focus left window (0): 14d99cb com.netflix.mediaclient/com.netflix.mediaclient.ui.launch.UIWebViewActivity
05-13 08:44:55.648  3777  3922 I InsetsSourceConsumer: applyRequestedVisibilityToControl: visible=true, type=navigationBars, host=Splash Screen com.netflix.mediaclient
05-13 08:44:55.648  3777  3922 I InsetsSourceConsumer: applyRequestedVisibilityToControl: visible=true, type=statusBars, host=Splash Screen com.netflix.mediaclient
05-13 08:44:55.649  2377  2597 D SGM:FgCheckThread: noteResumeComponent(), received pkgName: com.netflix.mediaclient, userId: 0
05-13 08:44:55.649  2377  2597 I GameSDK@LifeCycle: noteResumeComponent(): package name  : com.netflix.mediaclient
05-13 08:44:55.649  2377  3295 D SGM:FgCheckThread: onLooperPrepared(), msg: MSG_APP_RESUME, pkgName: com.netflix.mediaclient, userid: 0
05-13 08:44:55.650  1669  1669 D SurfaceFlinger:      CLIENT | 0xb400007d08ed23f0 | 0102 | RGBA_8888    |    0.0    0.0 1080.0 2340.0 |   20   42 1060 2298 | com.netflix.mediaclient/com.netflix.[...]launch.UIWebViewActivity$_21513#4954
05-13 08:44:55.650  1669  1669 D SurfaceFlinger:      CLIENT | 0xb400007d08ecbd90 | 0100 | RGBA_8888    |    0.0    0.0 1080.0 2340.0 |   20   42 1060 2298 | Splash Screen com.netflix.mediaclient$_3777#4950
05-13 08:44:55.675  2377  7226 V WindowManager: Relayout Window{cf666a0 u0 Splash Screen com.netflix.mediaclient}: viewVisibility=8 req=1080x2340 ty=3 d0
05-13 08:44:55.677  2377  7226 D InsetsSourceProvider: updateControlForTarget: control=InsetsSourceControl: {d8e10001 mType=navigationBars initiallyVisible mSurfacePosition=Point(0, 2214) mInsetsHint=Insets{left=0, top=0, right=0, bottom=126}}, target=Window{14d99cb u0 com.netflix.mediaclient/com.netflix.mediaclient.ui.launch.UIWebViewActivity}, from=com.android.server.wm.InsetsStateController.onControlTargetChanged:358 com.android.server.wm.InsetsStateController.onBarControlTargetChanged:327 com.android.server.wm.InsetsPolicy.updateBarControlTarget:172 com.android.server.wm.InsetsPolicy.updateSystemBars:800 com.android.server.wm.DisplayPolicy.updateSystemBarsLw:3418
05-13 08:44:55.677  2377  7226 D InsetsSourceProvider: updateControlForTarget: control=InsetsSourceControl: {b0820000 mType=statusBars initiallyVisible mSurfacePosition=Point(0, 0) mInsetsHint=Insets{left=0, top=76, right=0, bottom=0}}, target=Window{14d99cb u0 com.netflix.mediaclient/com.netflix.mediaclient.ui.launch.UIWebViewActivity}, from=com.android.server.wm.InsetsStateController.onControlTargetChanged:358 com.android.server.wm.InsetsStateController.onBarControlTargetChanged:324 com.android.server.wm.InsetsPolicy.updateBarControlTarget:172 com.android.server.wm.InsetsPolicy.updateSystemBars:800 com.android.server.wm.DisplayPolicy.updateSystemBarsLw:3418
05-13 08:44:55.678  2377  7226 D WindowManager: SyncGroup 283:  Unfinished container: ActivityRecord{8573ba1 u0 com.netflix.mediaclient/o.cqo t180} mSyncState=2 05-13 08:44:55.680  2377  2440 D CoreBackPreview: Window{cf666a0 u0 Splash Screen com.netflix.mediaclient EXITING}: Setting back callback null
05-13 08:44:55.680  2377  3554 D WindowManager: Starting window removed Window{cf666a0 u0 Splash Screen com.netflix.mediaclient EXITING}
05-13 08:44:55.680  2377  3554 I WindowManager: Cancelling animation restarting=false, leash=Surface(name=Surface(name=14d99cb com.netflix.mediaclient/com.netflix.mediaclient.ui.launch.UIWebViewActivity)/@0xfb5d9ec - animation-leash of starting_reveal)/@0x15be1b5
05-13 08:44:55.680  2377  3554 I WindowManager: Reparenting to original parent: Surface(name=ActivityRecord{1a51021 u0 com.netflix.mediaclient/.ui.launch.UIWebViewActivity t180})/@0xc294e2a, destroy=false, surface=Surface(name=14d99cb com.netflix.mediaclient/com.netflix.mediaclient.ui.launch.UIWebViewActivity)/@0xfb5d9ec

05-13 08:44:55.681  2377  3554 W InputManager-JNI: Input channel object 'cf666a0 Splash Screen com.netflix.mediaclient (client)' was disposed without first being removed with the input manager!
05-13 08:44:55.681  2377  3554 V WindowManager: Remove Window{cf666a0 u0 Splash Screen com.netflix.mediaclient EXITING}: mSurfaceController=Surface(name=Splash Screen com.netflix.mediaclient$_3777)/@0x2f6835a mAnimatingExit=true mRemoveOnExit=false mHasSurface=true surfaceShowing=true animating=false app-animation=false mDisplayFrozen=false callers=com.android.server.wm.WindowManagerService.removeWindow:2166 com.android.server.wm.Session.remove:257 android.view.IWindowSession$Stub.onTransact:734 com.android.server.wm.Session.onTransact:204 android.os.Binder.execTransactInternal:1380 android.os.Binder.execTransact:1311
05-13 08:44:55.681  2377  3554 D WindowManager: SyncGroup 283:  Unfinished container: ActivityRecord{8573ba1 u0 com.netflix.mediaclient/o.cqo t180} mSyncState=2 05-13 08:44:55.683  2377  2598 D WindowManager: SyncGroup 283:  Unfinished container: ActivityRecord{8573ba1 u0 com.netflix.mediaclient/o.cqo t180} mSyncState=2 05-13 08:44:55.685  2377  2598 D WindowManager: SyncGroup 283:  Unfinished container: ActivityRecord{8573ba1 u0 com.netflix.mediaclient/o.cqo t180} mSyncState=2 05-13 08:44:55.686  2377  7226 D SGM:GameManager: identifyGamePackage. com.netflix.mediaclient, mCurrentUserId: 0, callerUserId: 0, callingMethodInfo: com.samsung.android.game.IGameManagerService$Stub.onTransact(IGameManagerService.java:233)
05-13 08:44:55.686  2377  7226 D SGM:PkgDataHelper: getGamePkgData(). com.netflix.mediaclient
05-13 08:44:55.715  2377  7185 D WindowManager: prepareSync <SYNC_STATE_WAITING_FOR_DRAW>, mPrepareSyncSeqId=0, win=Window{d040d74 u0 com.netflix.mediaclient/o.cqo}
05-13 08:44:55.715  1669  1760 I SurfaceFlinger: id=4966 createSurf, flag=84004, d040d74 com.netflix.mediaclient/o.cqo#4966
05-13 08:44:55.716 21513 21513 I InsetsController: onStateChanged: host=com.netflix.mediaclient/o.cqo, from=android.view.ViewRootImpl.setView:1751, state=InsetsState: {mDisplayFrame=Rect(0, 0 - 1080, 2340), mDisplayCutout=DisplayCutout{insets=Rect(0, 76 - 0, 0) waterfall=Insets{left=0, top=0, right=0, bottom=0} boundingRect={Bounds=[Rect(0, 0 - 0, 0), Rect(515, 0 - 565, 76), Rect(0, 0 - 0, 0), Rect(0, 0 - 0, 0)]} cutoutPathParserInfo={CutoutPathParserInfo{displayWidth=1080 displayHeight=2340 physicalDisplayWidth=1080 physicalDisplayHeight=2340 density={2.8125} cutoutSpec={M 0,0 H -8.933333333333333 V 26.93333333333333 H 8.933333333333333 V 0 H 0 Z @dp} rotation={0} scale={1.0} physicalPixelDisplaySizeRatio={1.0}}}}, mRoundedCorners=RoundedCorners{[RoundedCorner{position=TopLeft, radius=4, center=Point(4, 4)}, RoundedCorner{position=TopRight, radius=4, center=Point(1076, 4)}, RoundedCorner{position=BottomRight, radius=4, center=Point(1076, 2336)}, RoundedCorner{position=BottomLeft, radius=4, center=Point(4, 2336)}]}  mRoundedCornerFrame=Rect(0, 0 - 1080, 2340), mPrivacyIndicatorBounds=PrivacyIndicatorBounds {static bounds=Rect(964, 0 - 1080, 76) rotation=0}, mDisplayShape=DisplayShape{ spec=-1951251426 displayWidth=1440 displayHeight=3120 physicalPixelDisplaySizeRatio=1.0 rotation=0 offsetX=0 offsetY=0 scale=1.0}, mSources= { InsetsSource: {b0820000 mType=statusBars mFrame=[0,0][1080,76] mVisible=true mFlags=[]}, InsetsSource: {b0820005 mType=mandatorySystemGestures mFrame=[0,0][1080,108] mVisible=true mFlags=[]}, InsetsSource: {b0820006 mType=tappableElement mFrame=[0,0][1080,76] mVisible=true mFlags=[]}, InsetsSource: {d8e10001 mType=navigationBars mFrame=[0,2214][1080,2340] mVisible=true mFlags=[]}, InsetsSource: {d8e10004 mType=systemGestures mFrame=[0,0][0,0] mVisible=true mFlags=[]}, InsetsSource: {d8e10005 mType=mandatorySystemGestures mFrame=[0,2214][1080,2340] mVisible=true mFlags=[]}, InsetsSource: {d8e10006 mType=tappableElement mFrame=[0,2214][1080,2340] mVisible=true mFlags=[]}, InsetsSource: {d8e10024 mType=systemGestures mFrame=[0,0][0,0] mVisible=true mFlags=[]}, InsetsSource: {27 mType=displayCutout mFrame=[0,0][1080,76] mVisible=true mFlags=[]} }
05-13 08:44:55.717 21513 21513 I InsetsSourceConsumer: applyRequestedVisibilityToControl: visible=false, type=ime, host=com.netflix.mediaclient/com.netflix.mediaclient.ui.launch.UIWebViewActivity
05-13 08:44:55.717  7839  7839 I HBD     : b [AiWriter] setContact : com.netflix.mediaclient
05-13 08:44:55.720  2377  7185 D CoreBackPreview: Window{d040d74 u0 com.netflix.mediaclient/o.cqo}: Setting back callback OnBackInvokedCallbackInfo{mCallback=android.window.IOnBackInvokedCallback$Stub$Proxy@666dae3, mPriority=0, mIsAnimationCallback=false}
05-13 08:44:55.725  2377  7185 V WindowManager: Relayout Window{d040d74 u0 com.netflix.mediaclient/o.cqo}: viewVisibility=0 req=1080x2340 ty=1 d0
05-13 08:44:55.725  1669  3597 I SurfaceFlinger: id=4967 createSurf, flag=44004, com.netflix.mediaclient/o.cqo$_21513#4967
05-13 08:44:55.726  2377  7185 D WindowManager: makeSurface duration=1 name=com.netflix.mediaclient/o.cqo$_21513
05-13 08:44:55.726  2377  7185 D WindowManager: SyncGroup 283:  Unfinished container: ActivityRecord{8573ba1 u0 com.netflix.mediaclient/o.cqo t180} mSyncState=2 05-13 08:44:55.727  2377  7185 V WindowManager: Changing focus from null to Window{d040d74 u0 com.netflix.mediaclient/o.cqo} displayId=0 Callers=com.android.server.wm.RootWindowContainer.updateFocusedWindowLocked:576 com.android.server.wm.WindowManagerService.updateFocusedWindowLocked:6883 com.android.server.wm.WindowManagerService.relayoutWindow:2773 com.android.server.wm.Session.relayout:282
05-13 08:44:55.727  2377  7185 D InsetsSourceProvider: updateControlForTarget: control=InsetsSourceControl: {d8e10001 mType=navigationBars initiallyVisible mSurfacePosition=Point(0, 2214) mInsetsHint=Insets{left=0, top=0, right=0, bottom=126}}, target=Window{d040d74 u0 com.netflix.mediaclient/o.cqo}, from=com.android.server.wm.InsetsStateController.onControlTargetChanged:358 com.android.server.wm.InsetsStateController.onBarControlTargetChanged:327 com.android.server.wm.InsetsPolicy.updateBarControlTarget:172 com.android.server.wm.InsetsPolicy.updateSystemBars:800 com.android.server.wm.DisplayPolicy.updateSystemBarsLw:3418
05-13 08:44:55.728  2377  7185 D InsetsSourceProvider: updateControlForTarget: control=InsetsSourceControl: {b0820000 mType=statusBars initiallyVisible mSurfacePosition=Point(0, 0) mInsetsHint=Insets{left=0, top=76, right=0, bottom=0}}, target=Window{d040d74 u0 com.netflix.mediaclient/o.cqo}, from=com.android.server.wm.InsetsStateController.onControlTargetChanged:358 com.android.server.wm.InsetsStateController.onBarControlTargetChanged:324 com.android.server.wm.InsetsPolicy.updateBarControlTarget:172 com.android.server.wm.InsetsPolicy.updateSystemBars:800 com.android.server.wm.DisplayPolicy.updateSystemBarsLw:3418
05-13 08:44:55.728 21513 21513 I InsetsController: onStateChanged: host=com.netflix.mediaclient/o.cqo, from=android.view.ViewRootImpl.relayoutWindow:10062, state=InsetsState: {mDisplayFrame=Rect(0, 0 - 1080, 2340), mDisplayCutout=DisplayCutout{insets=Rect(0, 76 - 0, 0) waterfall=Insets{left=0, top=0, right=0, bottom=0} boundingRect={Bounds=[Rect(0, 0 - 0, 0), Rect(515, 0 - 565, 76), Rect(0, 0 - 0, 0), Rect(0, 0 - 0, 0)]} cutoutPathParserInfo={CutoutPathParserInfo{displayWidth=1080 displayHeight=2340 physicalDisplayWidth=1080 physicalDisplayHeight=2340 density={2.8125} cutoutSpec={M 0,0 H -8.933333333333333 V 26.93333333333333 H 8.933333333333333 V 0 H 0 Z @dp} rotation={0} scale={1.0} physicalPixelDisplaySizeRatio={1.0}}}}, mRoundedCorners=RoundedCorners{[RoundedCorner{position=TopLeft, radius=4, center=Point(4, 4)}, RoundedCorner{position=TopRight, radius=4, center=Point(1076, 4)}, RoundedCorner{position=BottomRight, radius=4, center=Point(1076, 2336)}, RoundedCorner{position=BottomLeft, radius=4, center=Point(4, 2336)}]}  mRoundedCornerFrame=Rect(0, 0 - 1080, 2340), mPrivacyIndicatorBounds=PrivacyIndicatorBounds {static bounds=Rect(964, 0 - 1080, 76) rotation=0}, mDisplayShape=DisplayShape{ spec=-1951251426 displayWidth=1440 displayHeight=3120 physicalPixelDisplaySizeRatio=1.0 rotation=0 offsetX=0 offsetY=0 scale=1.0}, mSources= { InsetsSource: {b0820000 mType=statusBars mFrame=[0,0][1080,76] mVisible=true mFlags=[]}, InsetsSource: {b0820005 mType=mandatorySystemGestures mFrame=[0,0][1080,108] mVisible=true mFlags=[]}, InsetsSource: {b0820006 mType=tappableElement mFrame=[0,0][1080,76] mVisible=true mFlags=[]}, InsetsSource: {d8e10001 mType=navigationBars mFrame=[0,2214][1080,2340] mVisible=true mFlags=[]}, InsetsSource: {d8e10004 mType=systemGestures mFrame=[0,0][0,0] mVisible=true mFlags=[]}, InsetsSource: {d8e10005 mType=mandatorySystemGestures mFrame=[0,2214][1080,2340] mVisible=true mFlags=[]}, InsetsSource: {d8e10006 mType=tappableElement mFrame=[0,2214][1080,2340] mVisible=true mFlags=[]}, InsetsSource: {d8e10024 mType=systemGestures mFrame=[0,0][0,0] mVisible=true mFlags=[]}, InsetsSource: {3 mType=ime mFrame=[0,1273][1080,2340] mVisible=false mFlags=[]}, InsetsSource: {27 mType=displayCutout mFrame=[0,0][1080,76] mVisible=true mFlags=[]} }
05-13 08:44:55.738  2377  2440 D WindowManager: finishDrawingWindow: Window{d040d74 u0 com.netflix.mediaclient/o.cqo} mDrawState=DRAW_PENDING seqId=0
05-13 08:44:55.739  2377  3554 D InputDispatcher: Focus request (0): d040d74 com.netflix.mediaclient/o.cqo but waiting because NO_WINDOW
05-13 08:44:55.742  2377  2598 V WindowManager: performShowLocked: mDrawState=HAS_DRAWN in Window{d040d74 u0 com.netflix.mediaclient/o.cqo}
05-13 08:44:55.742  2377  2598 V WindowManager: Start calculating TransitionInfo based on participants: {ActivityRecord{1a51021 u0 com.netflix.mediaclient/.ui.launch.UIWebViewActivity t180 f}}, ActivityRecord{8573ba1 u0 com.netflix.mediaclient/o.cqo t180}}
05-13 08:44:55.742  2377  2598 V WindowManager:   Final targets: [ActivityRecord{8573ba1 u0 com.netflix.mediaclient/o.cqo t180}, ActivityRecord{1a51021 u0 com.netflix.mediaclient/.ui.launch.UIWebViewActivity t180 f}}]
05-13 08:44:55.742  1669  1761 I SurfaceFlinger: id=4970 createSurf, flag=84004, Transition Root: ActivityRecord{8573ba1 u0 com.netflix.mediaclient/o.cqo t180}#4970
05-13 08:44:55.743  2377  2598 I SurfaceControl: show, t=StartTransaction_SyncId<283>, sc=Surface(name=ActivityRecord{8573ba1 u0 com.netflix.mediaclient/o.cqo t180})/@0xc02c35b, caller=com.android.server.wm.Transition.onTransactionReady:1962 com.android.server.wm.BLASTSyncEngine$SyncGroup.finishNow:310 com.android.server.wm.BLASTSyncEngine$SyncGroup.tryFinish:242 com.android.server.wm.BLASTSyncEngine$SyncGroup.-$$Nest$mtryFinish:0 com.android.server.wm.BLASTSyncEngine.onSurfacePlacement:670 com.android.server.wm.RootWindowContainer.performSurfacePlacementNoTrace:988
05-13 08:44:55.743 21513 21513 I InsetsSourceConsumer: applyRequestedVisibilityToControl: visible=true, type=navigationBars, host=com.netflix.mediaclient/com.netflix.mediaclient.ui.launch.UIWebViewActivity
05-13 08:44:55.743 21513 21513 I InsetsSourceConsumer: applyRequestedVisibilityToControl: visible=true, type=statusBars, host=com.netflix.mediaclient/com.netflix.mediaclient.ui.launch.UIWebViewActivity
05-13 08:44:55.743  2377  2598 V WindowManager: Calling onTransitionReady: {id=283 t=OPEN f=0x0 trk=0 r=[0@Point(0, 0)] c=[{null m=OPEN f=FILLS_TASK|IS_BEHIND_STARTING_WINDOW|IS_ACTIVITY leash=Surface(name=ActivityRecord{8573ba1 u0 com.netflix.mediaclient/o.cqo t180})/@0xc02c35b sb=Rect(0, 0 - 0, 0) eb=Rect(0, 0 - 1080, 2340) d=-1->0 r=-1->0:-1 dim=true inset=Rect(0, 0 - 0, 0)},{null m=CLOSE f=FILLS_TASK|IS_BEHIND_STARTING_WINDOW|IS_OCCLUDED|IS_ACTIVITY leash=Surface(name=ActivityRecord{1a51021 u0 com.netflix.mediaclient/.ui.launch.UIWebViewActivity t180})/@0xc294e2a sb=Rect(0, 0 - 1080, 2340) eb=Rect(0, 0 - 1080, 2340) d=0 inset=Rect(0, 0 - 0, 0)}]}
05-13 08:44:55.744  3777  3902 V WindowManagerShell: onTransitionReady android.os.BinderProxy@e5528d6: {id=283 t=OPEN f=0x0 trk=0 r=[0@Point(0, 0)] c=[{null m=OPEN f=FILLS_TASK|IS_BEHIND_STARTING_WINDOW|IS_ACTIVITY leash=Surface(name=ActivityRecord{8573ba1 u0 com.netflix.mediaclient/o.cqo t180})/@0xc0781f3 sb=Rect(0, 0 - 0, 0) eb=Rect(0, 0 - 1080, 2340) d=-1->0 r=-1->0:-1 dim=true inset=Rect(0, 0 - 0, 0)},{null m=CLOSE f=FILLS_TASK|IS_BEHIND_STARTING_WINDOW|IS_OCCLUDED|IS_ACTIVITY leash=Surface(name=ActivityRecord{1a51021 u0 com.netflix.mediaclient/.ui.launch.UIWebViewActivity t180})/@0xdbc8eb0 sb=Rect(0, 0 - 1080, 2340) eb=Rect(0, 0 - 1080, 2340) d=0 inset=Rect(0, 0 - 0, 0)}]}
05-13 08:44:55.744  3777  3902 I SurfaceControl: hide, t=FinishTransaction_SyncId<283>, sc=Surface(name=ActivityRecord{1a51021 u0 com.netflix.mediaclient/.ui.launch.UIWebViewActivity t180})/@0xdbc8eb0, caller=com.android.wm.shell.transition.Transitions.dispatchReady:681 com.android.wm.shell.transition.Transitions.onTransitionReady:118 com.android.wm.shell.transition.Transitions$TransitionPlayerImpl$$ExternalSyntheticLambda0.run:13 android.os.Handler.handleCallback:958 android.os.Handler.dispatchMessage:99 android.os.Looper.loopOnce:230
05-13 08:44:55.744  3777  3902 I SurfaceControl: show, t=StartTransaction_SyncId<283>, sc=Surface(name=ActivityRecord{8573ba1 u0 com.netflix.mediaclient/o.cqo t180})/@0xc0781f3, caller=com.android.wm.shell.transition.Transitions.dispatchReady:686 com.android.wm.shell.transition.Transitions.onTransitionReady:118 com.android.wm.shell.transition.Transitions$TransitionPlayerImpl$$ExternalSyntheticLambda0.run:13 android.os.Handler.handleCallback:958 android.os.Handler.dispatchMessage:99 android.os.Looper.loopOnce:230
05-13 08:44:55.744  3777  3902 I SurfaceControl: show, t=FinishTransaction_SyncId<283>, sc=Surface(name=ActivityRecord{8573ba1 u0 com.netflix.mediaclient/o.cqo t180})/@0xc0781f3, caller=com.android.wm.shell.transition.Transitions.dispatchReady:733 com.android.wm.shell.transition.Transitions.onTransitionReady:118 com.android.wm.shell.transition.Transitions$TransitionPlayerImpl$$ExternalSyntheticLambda0.run:13 android.os.Handler.handleCallback:958 android.os.Handler.dispatchMessage:99 android.os.Looper.loopOnce:230
05-13 08:44:55.746  1669  3597 I SurfaceFlinger: id=4971 createSurf, flag=84000, 7c3d9ab ActivityRecordInputSink com.netflix.mediaclient/o.cqo#4971
05-13 08:44:55.746  2377  2594 I ActivityTaskManager: Displayed com.netflix.mediaclient/o.cqo for user 0: +110ms
05-13 08:44:55.746  2377  2594 I Pageboost: Launch time gathered : pid 21513 com.netflix.mediaclient 110
05-13 08:44:55.747  1669  1669 I Layer   : id=4948 removeFromCurrentState ActivityRecord{1a51021 u0 com.netflix.mediaclient/.ui.launch.UIWebViewActivity t180}#4948 (148)
05-13 08:44:55.747  1669  1669 I Layer   : id=4952 removeFromCurrentState d6b7a2b ActivityRecordInputSink com.netflix.mediaclient/.ui.launch.UIWebViewActivity#4952 (148)
05-13 08:44:55.747  1669  1669 I Layer   : id=4959 removeFromCurrentState Surface(name=14d99cb com.netflix.mediaclient/com.netflix.mediaclient.ui.launch.UIWebViewActivity)/@0xfb5d9ec - animation-leash of starting_reveal#4959 (148)
05-13 08:44:55.747  1669  1669 I Layer   : id=4953 removeFromCurrentState 14d99cb com.netflix.mediaclient/com.netflix.mediaclient.ui.launch.UIWebViewActivity#4953 (148)
05-13 08:44:55.747  1669  1669 I Layer   : id=4954 removeFromCurrentState com.netflix.mediaclient/com.netflix.mediaclient.ui.launch.UIWebViewActivity$_21513#4954 (148)
05-13 08:44:55.747  1669  1669 I Layer   : id=4949 removeFromCurrentState cf666a0 Splash Screen com.netflix.mediaclient#4949 (148)
05-13 08:44:55.747  1669  1669 I Layer   : id=4950 removeFromCurrentState Splash Screen com.netflix.mediaclient$_3777#4950 (148)
05-13 08:44:55.747  1669  1669 I Layer   : id=4960 removeFromCurrentState ActivityRecord{8573ba1 u0 com.netflix.mediaclient/o.cqo t180}#4960 (148)
05-13 08:44:55.747  1669  1669 I Layer   : id=4966 removeFromCurrentState d040d74 com.netflix.mediaclient/o.cqo#4966 (148)
05-13 08:44:55.747  1669  1669 I Layer   : id=4967 removeFromCurrentState com.netflix.mediaclient/o.cqo$_21513#4967 (148)
05-13 08:44:55.747  1669  1669 I Layer   : id=4971 removeFromCurrentState 7c3d9ab ActivityRecordInputSink com.netflix.mediaclient/o.cqo#4971 (148)
05-13 08:44:55.747  1669  1669 I Layer   : id=4970 removeFromCurrentState Transition Root: ActivityRecord{8573ba1 u0 com.netflix.mediaclient/o.cqo t180}#4970 (148)
05-13 08:44:55.747  1669  1669 I Layer   : id=4948 addToCurrentState ActivityRecord{1a51021 u0 com.netflix.mediaclient/.ui.launch.UIWebViewActivity t180}#4948 (148)
05-13 08:44:55.747  1669  1669 I Layer   : id=4952 addToCurrentState d6b7a2b ActivityRecordInputSink com.netflix.mediaclient/.ui.launch.UIWebViewActivity#4952 (148)
05-13 08:44:55.747  1669  1669 I Layer   : id=4959 addToCurrentState Surface(name=14d99cb com.netflix.mediaclient/com.netflix.mediaclient.ui.launch.UIWebViewActivity)/@0xfb5d9ec - animation-leash of starting_reveal#4959 (148)
05-13 08:44:55.747  1669  1669 I Layer   : id=4953 addToCurrentState 14d99cb com.netflix.mediaclient/com.netflix.mediaclient.ui.launch.UIWebViewActivity#4953 (148)
05-13 08:44:55.747  1669  1669 I Layer   : id=4954 addToCurrentState com.netflix.mediaclient/com.netflix.mediaclient.ui.launch.UIWebViewActivity$_21513#4954 (148)
05-13 08:44:55.747  1669  1669 I Layer   : id=4949 addToCurrentState cf666a0 Splash Screen com.netflix.mediaclient#4949 (148)
05-13 08:44:55.747  1669  1669 I Layer   : id=4950 addToCurrentState Splash Screen com.netflix.mediaclient$_3777#4950 (148)
05-13 08:44:55.747  1669  1669 I Layer   : id=4960 addToCurrentState ActivityRecord{8573ba1 u0 com.netflix.mediaclient/o.cqo t180}#4960 (148)
05-13 08:44:55.747  1669  1669 I Layer   : id=4966 addToCurrentState d040d74 com.netflix.mediaclient/o.cqo#4966 (148)
05-13 08:44:55.747  1669  1669 I Layer   : id=4967 addToCurrentState com.netflix.mediaclient/o.cqo$_21513#4967 (148)
05-13 08:44:55.747  1669  1669 I Layer   : id=4971 addToCurrentState 7c3d9ab ActivityRecordInputSink com.netflix.mediaclient/o.cqo#4971 (148)
05-13 08:44:55.747  1669  1669 I Layer   : id=4970 addToCurrentState Transition Root: ActivityRecord{8573ba1 u0 com.netflix.mediaclient/o.cqo t180}#4970 (148)
05-13 08:44:55.748  2377  2594 V WindowManager: Sent Transition #283 createdAt=05-13 08:44:55.631 via request=TransitionRequestInfo { type = OPEN, triggerTask = TaskInfo{userId=0 taskId=180 displayId=0 isRunning=true baseIntent=Intent { act=android.intent.action.MAIN cat=[android.intent.category.LAUNCHER] flg=0x10204000 cmp=com.netflix.mediaclient/.ui.launch.UIWebViewActivity } baseActivity=ComponentInfo{com.netflix.mediaclient/com.netflix.mediaclient.ui.launch.UIWebViewActivity} topActivity=ComponentInfo{com.netflix.mediaclient/o.cqo} origActivity=null realActivity=ComponentInfo{com.netflix.mediaclient/com.netflix.mediaclient.ui.launch.UIWebViewActivity} numActivities=2 lastActiveTime=63234568 supportsMultiWindow=false resizeMode=0 isResizeable=false minWidth=-1 minHeight=-1 maxWidth=-1 maxHeight=-1 defaultMinSize=220 token=WCT{RemoteToken{214391 Task{8b81c46 #180 type=standard A=10312:com.netflix.mediaclient}}} topActivityType=1 pictureInPictureParams=null shouldDockBigOverlays=false launchIntoPipHostTaskId=-1 lastParentTaskIdBeforePip=-1 displayCutoutSafeInsets=null topActivityInfo=ActivityInfo{18f4d1 o.cqo} launchCookies=[] positionInParent=Point(0, 0) parentTaskId=-1 isFocused=true isVisible=true isVisibleRequested=true isSleeping=false topActivityInSizeCompat=false topActivityEligibleForLetterboxEducation= false topActivityLetterboxed= false isFromDoubleTap= false topActivityLetterboxVerticalPosition= -1 topActivityLetterboxHorizontalPosition= -1 topActivityLetterboxWidth=-1 topActivityLetterboxHeight=-1 locusId=null displayAreaFeatureId=1 cameraCompatControlState=hidden originallySupportedMultiWindow=false hasWallpaper=false topActivityInFixedAspectRatio=false rootAffinity=10312:com.netflix.mediaclient topActivityInDisplayCompat=false topActivityInBoundsCompat=false topActivityBounds=null singleTapFromLetterbox=false isTopTaskInStage=false topActivityUiMode=17 CoverLauncherWidgetTask=false CoverScreenTask=false isAllowedSeamlessRotation=false}, remoteTransition = null, displayChange = null }
05-13 08:44:55.748  2377  2594 V WindowManager:     info={id=283 t=OPEN f=0x0 trk=0 r=[0@Point(0, 0)] c=[{null m=OPEN f=FILLS_TASK|IS_BEHIND_STARTING_WINDOW|IS_ACTIVITY leash=Surface(name=ActivityRecord{8573ba1 u0 com.netflix.mediaclient/o.cqo t180})/@0xc02c35b sb=Rect(0, 0 - 0, 0) eb=Rect(0, 0 - 1080, 2340) d=-1->0 r=-1->0:-1 dim=true inset=Rect(0, 0 - 0, 0)},{null m=CLOSE f=FILLS_TASK|IS_BEHIND_STARTING_WINDOW|IS_OCCLUDED|IS_ACTIVITY leash=Surface(name=ActivityRecord{1a51021 u0 com.netflix.mediaclient/.ui.launch.UIWebViewActivity t180})/@0xc294e2a sb=Rect(0, 0 - 1080, 2340) eb=Rect(0, 0 - 1080, 2340) d=0 inset=Rect(0, 0 - 0, 0)}]}
05-13 08:44:55.749  1669  1669 D SurfaceFlinger:      DEVICE | 0xb400007d08ed23f0 | 0102 | RGBA_8888    |    0.0    0.0 1080.0 2340.0 |    0    0 1080 2340 | com.netflix.mediaclient/com.netflix.[...]launch.UIWebViewActivity$_21513#4954
05-13 08:44:55.749  1669  1669 D SurfaceFlinger:      DEVICE | 0xb400007d08ef7050 | 0100 | RGBA_8888    |    0.0    0.0 1080.0 2340.0 |    0    0 1080 2340 | Splash Screen com.netflix.mediaclient$_3777#4950
05-13 08:44:55.752 21513 21513 I InsetsSourceConsumer: applyRequestedVisibilityToControl: visible=true, type=navigationBars, host=com.netflix.mediaclient/o.cqo
05-13 08:44:55.752 21513 21513 I InsetsSourceConsumer: applyRequestedVisibilityToControl: visible=true, type=statusBars, host=com.netflix.mediaclient/o.cqo
05-13 08:44:55.753  3777  3902 I SurfaceControl: show, t=StartTransaction_SyncId<283>, sc=Surface(name=Transition Root: ActivityRecord{8573ba1 u0 com.netflix.mediaclient/o.cqo t180})/@0x8e29129, caller=com.android.wm.shell.transition.Transitions.playTransition:80 com.android.wm.shell.transition.Transitions.processReadyQueue:185 com.android.wm.shell.transition.Transitions.onFinish:449 com.android.wm.shell.transition.Transitions$$ExternalSyntheticLambda6.onTransitionFinished:15 com.android.wm.shell.transition.DefaultTransitionHandler$$ExternalSyntheticLambda5.run:125 com.android.wm.shell.transition.DefaultTransitionHandler$$ExternalSyntheticLambda3.run:52
05-13 08:44:55.754  3777  3902 V WindowManagerShell: Transition doesn't have explicit remote, search filters for match for {id=283 t=OPEN f=0x0 trk=0 r=[0@Point(0, 0)] c=[{null m=OPEN f=FILLS_TASK|IS_BEHIND_STARTING_WINDOW|IS_ACTIVITY leash=Surface(name=ActivityRecord{8573ba1 u0 com.netflix.mediaclient/o.cqo t180})/@0xc0781f3 sb=Rect(0, 0 - 0, 0) eb=Rect(0, 0 - 1080, 2340) d=-1->0 r=-1->0:-1 dim=true inset=Rect(0, 0 - 0, 0)},{null m=CLOSE f=FILLS_TASK|IS_BEHIND_STARTING_WINDOW|IS_OCCLUDED|IS_ACTIVITY leash=Surface(name=ActivityRecord{1a51021 u0 com.netflix.mediaclient/.ui.launch.UIWebViewActivity t180})/@0xdbc8eb0 sb=Rect(0, 0 - 1080, 2340) eb=Rect(0, 0 - 1080, 2340) d=0 inset=Rect(0, 0 - 0, 0)}]}
05-13 08:44:55.754  3777  3902 V WindowManagerShell: start default transition animation, info = {id=283 t=OPEN f=0x0 trk=0 r=[0@Point(0, 0)] c=[{null m=OPEN f=FILLS_TASK|IS_BEHIND_STARTING_WINDOW|IS_ACTIVITY leash=Surface(name=ActivityRecord{8573ba1 u0 com.netflix.mediaclient/o.cqo t180})/@0xc0781f3 sb=Rect(0, 0 - 0, 0) eb=Rect(0, 0 - 1080, 2340) d=-1->0 r=-1->0:-1 dim=true inset=Rect(0, 0 - 0, 0)},{null m=CLOSE f=FILLS_TASK|IS_BEHIND_STARTING_WINDOW|IS_OCCLUDED|IS_ACTIVITY leash=Surface(name=ActivityRecord{1a51021 u0 com.netflix.mediaclient/.ui.launch.UIWebViewActivity t180})/@0xdbc8eb0 sb=Rect(0, 0 - 1080, 2340) eb=Rect(0, 0 - 1080, 2340) d=0 inset=Rect(0, 0 - 0, 0)}]}
05-13 08:44:55.760  2377  3554 V WindowManager: Setting visibility of Window{14d99cb u0 com.netflix.mediaclient/com.netflix.mediaclient.ui.launch.UIWebViewActivity}: false, caller=com.android.server.wm.WindowContainer.sendAppVisibilityToClients:1281 com.android.server.wm.WindowToken.setClientVisible:446 com.android.server.wm.ActivityRecord.setClientVisible:8092 com.android.server.wm.ActivityRecord.postApplyAnimation:6656 com.android.server.wm.ActivityRecord.commitVisibility:6599

05-13 08:44:55.760  2377  3554 I WindowManager: Destroying surface Surface(name=Splash Screen com.netflix.mediaclient$_3777)/@0x2f6835a called by com.android.server.wm.WindowStateAnimator.destroySurface:799 com.android.server.wm.WindowStateAnimator.destroySurfaceLocked:472 com.android.server.wm.WindowState.removeImmediately:2911 com.android.server.wm.WindowState.handleCompleteDeferredRemoval:5738 com.android.server.wm.WindowContainer.handleCompleteDeferredRemoval:1456 com.android.server.wm.ActivityRecord.handleCompleteDeferredRemoval:5150 com.android.server.wm.WindowContainer.handleCompleteDeferredRemoval:1456 com.android.server.wm.TaskFragment.handleCompleteDeferredRemoval:3377
05-13 08:44:55.763  7839  7839 I HBD     : g Package : com.netflix.mediaclient has no meta data.
05-13 08:44:55.763  1669  1669 I Layer   : Layer::reparent [ActivityRecord{1a51021 u0 com.netflix.mediaclient/.ui.launch.UIWebViewActivity t180}#4948] newParent : Transition Root: ActivityRecord{8573ba1 u0 com.netflix.mediaclient/o.cqo t180}#4970 , isRemovedFromCurrentState : 0 -------------------------
05-13 08:44:55.763  1669  1669 I Layer   : Layer::reparent [ActivityRecord{1a51021 u0 com.netflix.mediaclient/.ui.launch.UIWebViewActivity t180}#4948] End -------------------------
05-13 08:44:55.763  1669  1669 I Layer   : Layer::reparent [Surface(name=14d99cb com.netflix.mediaclient/com.netflix.mediaclient.ui.launch.UIWebViewActivity)/@0xfb5d9ec - animation-leash of starting_reveal#4959] newParentHandle : null -------------------------
05-13 08:44:55.763  1669  1669 I Layer   : id=4959 removeFromCurrentState Surface(name=14d99cb com.netflix.mediaclient/com.netflix.mediaclient.ui.launch.UIWebViewActivity)/@0xfb5d9ec - animation-leash of starting_reveal#4959 (146)
