05-13 08:45:09.440  2377  7237 D ActivityTaskManager: scheduleTopResumedActivityChanged, onTop=true, r=ActivityRecord{8573ba1 u0 com.netflix.mediaclient/o.cqo t180}, caller=com.android.server.wm.ActivityTaskSupervisor.scheduleTopResumedActivityStateIfNeeded:2849 com.android.server.wm.ActivityTaskSupervisor.updateTopResumedActivityIfNeeded:2841 com.android.server.wm.TaskFragment.setResumedActivity:574 com.android.server.wm.TaskFragment.onActivityStateChanged:898 com.android.server.wm.ActivityRecord.setState:6782 com.android.server.wm.TaskFragment.resumeTopActivity:1727
05-13 08:45:09.441  2377  7237 D WindowManager: rotationForOrientation, orientationSource=ActivityRecord{8573ba1 u0 com.netflix.mediaclient/o.cqo t180}
05-13 08:45:09.441  2377  7237 D ActivityTaskManager: applyFixedRotationTransform, r=ActivityRecord{8573ba1 u0 com.netflix.mediaclient/o.cqo t180}, caller=com.android.server.wm.DisplayContent.startFixedRotationTransform:2535 com.android.server.wm.DisplayContent.setFixedRotationLaunchingApp:2471 com.android.server.wm.DisplayContent.handleTopActivityLaunchingInDifferentOrientation:2369 com.android.server.wm.DisplayContent.updateOrientation:2167 com.android.server.wm.DisplayContent.updateOrientation:2099
05-13 08:45:09.441  2377  7237 D ActivityTaskManager: scheduleConfigurationChanged: ActivityRecord{8573ba1 u0 com.netflix.mediaclient/o.cqo t180} state=RESUMED config={1.0 452mcc2mnc [en_US,en_GB] ldltr sw411dp w411dp h814dp 420dpi nrml long hdr widecg port finger -keyb/v/h -nav/h winConfig={ mBounds=Rect(0, 0 - 1080, 2340) mAppBounds=Rect(0, 76 - 1080, 2214) mMaxBounds=Rect(0, 0 - 1080, 2340) mDisplayRotation=ROTATION_0 mWindowingMode=fullscreen mDisplayWindowingMode=fullscreen mActivityType=standard mAlwaysOnTop=undefined mRotation=ROTATION_0 mPopOver=off mOverlappingWithCutout=true mStageConfig=undefined mFreeformTaskPinningState=unpinned mCompatSandboxScale=-1.0 mDexTaskDockingState=none} s.3 fontWeightAdjustment=0 ff=0 bf=0 bts=0 cst=1.0 nightDim=0 desktop/d dm/n dc/d ?dcui themeSeq=0} caller=com.android.server.wm.ActivityRecord.ensureActivityConfiguration:11386 com.android.server.wm.ActivityRecord.ensureActivityConfiguration:11216 com.android.server.wm.ActivityRecord.applyFixedRotationTransform:9071
05-13 08:45:09.445  1669  1669 D CompositionEngine: Layer: com.netflix.mediaclient/com.netflix.mediaclient.ui.player.PlayerActivity$_21513#4984 had an out of bounds transparent region
05-13 08:45:09.446  2377  7237 D WindowManager: setFixedRotationLaunchingAppUnchecked, rotation=0, r=ActivityRecord{8573ba1 u0 com.netflix.mediaclient/o.cqo t180}, caller=com.android.server.wm.DisplayContent.setFixedRotationLaunchingApp:2473 com.android.server.wm.DisplayContent.handleTopActivityLaunchingInDifferentOrientation:2369 com.android.server.wm.DisplayContent.updateOrientation:2167 com.android.server.wm.DisplayContent.updateOrientation:2099 com.android.server.wm.RootWindowContainer.ensureVisibilityAndConfig:2084
05-13 08:45:09.446  2377  7237 V WindowManager: Collecting in transition 286: ActivityRecord{8573ba1 u0 com.netflix.mediaclient/o.cqo t180}, caller=com.android.server.wm.TransitionController.collect:898 com.android.server.wm.ActivityRecord.setVisibility:6319 com.android.server.wm.ActivityRecord.setVisibility:6271 com.android.server.wm.ActivityRecord.completeResumeLocked:7366 com.android.server.wm.TaskFragment.resumeTopActivity:1847
05-13 08:45:09.447  2377  7237 D WindowManagerServiceExt: notifyOccludeChangeNotice: cn=ComponentInfo{com.netflix.mediaclient/o.cqo} occludesParent=true isInSplitScreenMode=false styleFloating=false caller=com.android.server.wm.ActivityRecord.completeResumeLocked:7423 com.android.server.wm.TaskFragment.resumeTopActivity:1847 com.android.server.wm.TaskFragment.resumeTopActivity:1381 com.android.server.wm.Task.resumeTopActivityInnerLocked:6421 com.android.server.wm.Task.resumeTopActivityUncheckedLocked:6308
05-13 08:45:09.447  2377  7237 D WindowManager: SyncGroup 286:  Unfinished container: ActivityRecord{8573ba1 u0 com.netflix.mediaclient/o.cqo t180} mSyncState=2 05-13 08:45:09.448  2377  2597 D SGM:FgCheckThread: notePauseComponent(), received pkgName: com.netflix.mediaclient, userId: 0
05-13 08:45:09.450  2377  7207 D SGM:GameManager: identifyGamePackage. com.netflix.mediaclient, mCurrentUserId: 0, callerUserId: 0, callingMethodInfo: com.samsung.android.game.IGameManagerService$Stub.onTransact(IGameManagerService.java:233)
05-13 08:45:09.450  2377  7207 D SGM:PkgDataHelper: getGamePkgData(). com.netflix.mediaclient
05-13 08:45:09.453  4156  4156 I Edge.ActivityUtils: HomePackage : com.sec.android.app.launcher, resumePackageName : com.netflix.mediaclient
05-13 08:45:09.454  1669  1669 D CompositionEngine: Layer: com.netflix.mediaclient/com.netflix.mediaclient.ui.player.PlayerActivity$_21513#4984 had an out of bounds transparent region
05-13 08:45:09.454  2377  2597 D SGM:FgCheckThread: noteResumeComponent(), received pkgName: com.netflix.mediaclient, userId: 0
05-13 08:45:09.454  2377  2597 I GameSDK@LifeCycle: noteResumeComponent(): package name  : com.netflix.mediaclient
05-13 08:45:09.455 21513 21513 D ViewRootImpl@f3db6e[cqo]: WindowStopped on com.netflix.mediaclient/o.cqo set to false
05-13 08:45:09.455  2377  3295 D SGM:FgCheckThread: onLooperPrepared(), msg: MSG_APP_RESUME, pkgName: com.netflix.mediaclient, userid: 0
05-13 08:45:09.462  1669  1669 D CompositionEngine: Layer: com.netflix.mediaclient/com.netflix.mediaclient.ui.player.PlayerActivity$_21513#4984 had an out of bounds transparent region
05-13 08:45:09.465  2377  4406 V WindowManager: Relayout Window{d040d74 u0 com.netflix.mediaclient/o.cqo}: viewVisibility=0 req=1079x2340 ty=1 d0
05-13 08:45:09.465  1669  3597 I SurfaceFlinger: id=5008 createSurf, flag=44004, com.netflix.mediaclient/o.cqo$_21513#5008
05-13 08:45:09.466  2377  4406 D WindowManager: makeSurface duration=1 name=com.netflix.mediaclient/o.cqo$_21513
05-13 08:45:09.466  2377  4406 D WindowManager: SyncGroup 286:  Unfinished container: ActivityRecord{8573ba1 u0 com.netflix.mediaclient/o.cqo t180} mSyncState=2 05-13 08:45:09.467  2377  4406 V WindowManager: Changing focus from null to Window{d040d74 u0 com.netflix.mediaclient/o.cqo} displayId=0 Callers=com.android.server.wm.RootWindowContainer.updateFocusedWindowLocked:576 com.android.server.wm.WindowManagerService.updateFocusedWindowLocked:6883 com.android.server.wm.WindowManagerService.relayoutWindow:2773 com.android.server.wm.Session.relayout:282
05-13 08:45:09.467  2377  4406 D WindowManager: updateSystemBarAttributes: displayId=0, win=Window{d040d74 u0 com.netflix.mediaclient/o.cqo}, navColorWin=null, focusedCanBeNavColorWin=false, behavior=1, appearance=0, statusBarAppearanceRegions=[AppearanceRegion{ bounds=[0,0][2340,1080]}], requestedVisibilities=-9, from=com.android.server.wm.DisplayPolicy.focusChangedLw:2940 com.android.server.wm.DisplayContent.updateFocusedWindowLocked:4880 com.android.server.wm.RootWindowContainer.updateFocusedWindowLocked:576
05-13 08:45:09.468  2377  2598 D WindowManager: SyncGroup 286:  Unfinished container: ActivityRecord{8573ba1 u0 com.netflix.mediaclient/o.cqo t180} mSyncState=2 05-13 08:45:09.468 21513 21513 I InsetsController: onStateChanged: host=com.netflix.mediaclient/o.cqo, from=android.view.ViewRootImpl.relayoutWindow:10062, state=InsetsState: {mDisplayFrame=Rect(0, 0 - 1080, 2340), mDisplayCutout=DisplayCutout{insets=Rect(0, 76 - 0, 0) waterfall=Insets{left=0, top=0, right=0, bottom=0} boundingRect={Bounds=[Rect(0, 0 - 0, 0), Rect(515, 0 - 565, 76), Rect(0, 0 - 0, 0), Rect(0, 0 - 0, 0)]} cutoutPathParserInfo={CutoutPathParserInfo{displayWidth=1080 displayHeight=2340 physicalDisplayWidth=1080 physicalDisplayHeight=2340 density={2.8125} cutoutSpec={M 0,0 H -8.933333333333333 V 26.93333333333333 H 8.933333333333333 V 0 H 0 Z @dp} rotation={0} scale={1.0} physicalPixelDisplaySizeRatio={1.0}}}}, mRoundedCorners=RoundedCorners{[RoundedCorner{position=TopLeft, radius=4, center=Point(4, 4)}, RoundedCorner{position=TopRight, radius=4, center=Point(1076, 4)}, RoundedCorner{position=BottomRight, radius=4, center=Point(1076, 2336)}, RoundedCorner{position=BottomLeft, radius=4, center=Point(4, 2336)}]}  mRoundedCornerFrame=Rect(0, 0 - 2340, 1080), mPrivacyIndicatorBounds=PrivacyIndicatorBounds {static bounds=Rect(964, 0 - 1080, 76) rotation=0}, mDisplayShape=DisplayShape{ spec=-1951251426 displayWidth=1440 displayHeight=3120 physicalPixelDisplaySizeRatio=1.0 rotation=0 offsetX=0 offsetY=0 scale=1.0}, mSources= { InsetsSource: {b0820000 mType=statusBars mFrame=[0,0][1080,76] mVisible=true mFlags=[]}, InsetsSource: {b0820005 mType=mandatorySystemGestures mFrame=[0,0][1080,108] mVisible=true mFlags=[]}, InsetsSource: {b0820006 mType=tappableElement mFrame=[0,0][1080,76] mVisible=true mFlags=[]}, InsetsSource: {d8e10001 mType=navigationBars mFrame=[0,2214][1080,2340] mVisible=true mFlags=[]}, InsetsSource: {d8e10004 mType=systemGestures mFrame=[0,0][0,0] mVisible=true mFlags=[]}, InsetsSource: {d8e10005 mType=mandatorySystemGestures mFrame=[0,2214][1080,2340] mVisible=true mFlags=[]}, InsetsSource: {d8e10006 mType=tappableElement mFrame=[0,2214][1080,2340] mVisible=true mFlags=[]}, InsetsSource: {d8e10024 mType=systemGestures mFrame=[0,0][0,0] mVisible=true mFlags=[]}, InsetsSource: {27 mType=displayCutout mFrame=[0,0][1080,76] mVisible=true mFlags=[]} }
05-13 08:45:09.470  1669  1669 D CompositionEngine: Layer: com.netflix.mediaclient/com.netflix.mediaclient.ui.player.PlayerActivity$_21513#4984 had an out of bounds transparent region
05-13 08:45:09.470  2377  7237 D InputDispatcher: Focus request (0): d040d74 com.netflix.mediaclient/o.cqo but waiting because NO_WINDOW
05-13 08:45:09.479  1669  1669 D CompositionEngine: Layer: com.netflix.mediaclient/com.netflix.mediaclient.ui.player.PlayerActivity$_21513#4984 had an out of bounds transparent region
05-13 08:45:09.487  1669  1669 D CompositionEngine: Layer: com.netflix.mediaclient/com.netflix.mediaclient.ui.player.PlayerActivity$_21513#4984 had an out of bounds transparent region
05-13 08:45:09.493  2377  7237 D WindowManager: finishDrawingWindow: Window{d040d74 u0 com.netflix.mediaclient/o.cqo} mDrawState=DRAW_PENDING seqId=0
05-13 08:45:09.494  2377  2598 V WindowManager: performShowLocked: mDrawState=HAS_DRAWN in Window{d040d74 u0 com.netflix.mediaclient/o.cqo}
05-13 08:45:09.494  2377  2598 V WindowManager: Start calculating TransitionInfo based on participants: {ActivityRecord{13bd2dd u0 com.netflix.mediaclient/.ui.player.PlayerActivity t180 f}}, ActivityRecord{8573ba1 u0 com.netflix.mediaclient/o.cqo t180}}
05-13 08:45:09.494  2377  2598 V WindowManager:   Final targets: [ActivityRecord{13bd2dd u0 com.netflix.mediaclient/.ui.player.PlayerActivity t180 f}}, ActivityRecord{8573ba1 u0 com.netflix.mediaclient/o.cqo t180}]
05-13 08:45:09.494  1669  3469 I SurfaceFlinger: id=5009 createSurf, flag=84004, Transition Root: ActivityRecord{13bd2dd u0 com.netflix.mediaclient/.ui.player.PlayerActivity t180 f}}#5009
05-13 08:45:09.496  1669  1669 D CompositionEngine: Layer: com.netflix.mediaclient/com.netflix.mediaclient.ui.player.PlayerActivity$_21513#4984 had an out of bounds transparent region
05-13 08:45:09.498  1669  3469 I SurfaceFlinger: id=5010 createSurf, flag=84000, Surface(name=ActivityRecord{8573ba1 u0 com.netflix.mediaclient/o.cqo t180})/@0xc02c35b - rotation-leash#5010
05-13 08:45:09.499  2377  2598 I SurfaceControl: show, t=StartTransaction_SyncId<286>, sc=Surface(name=ActivityRecord{8573ba1 u0 com.netflix.mediaclient/o.cqo t180})/@0xc02c35b, caller=com.android.server.wm.Transition.onTransactionReady:1962 com.android.server.wm.BLASTSyncEngine$SyncGroup.finishNow:310 com.android.server.wm.BLASTSyncEngine$SyncGroup.tryFinish:242 com.android.server.wm.BLASTSyncEngine$SyncGroup.-$$Nest$mtryFinish:0 com.android.server.wm.BLASTSyncEngine.onSurfacePlacement:670 com.android.server.wm.RootWindowContainer.performSurfacePlacementNoTrace:988
05-13 08:45:09.499  2377  2598 V WindowManager: Calling onTransitionReady: {id=286 t=CLOSE f=0x0 trk=0 r=[0@Point(0, 0)] c=[{null m=CLOSE f=FILLS_TASK|IS_ACTIVITY|EDGE_EXTENSION_RESTRICTION leash=Surface(name=ActivityRecord{13bd2dd u0 com.netflix.mediaclient/.ui.player.PlayerActivity t180})/@0x467dd7b sb=Rect(0, 0 - 2340, 1080) eb=Rect(0, 0 - 2340, 1080) d=0 inset=Rect(0, 0 - 0, 0)},{null m=TO_FRONT f=IS_ACTIVITY leash=Surface(name=Surface(name=ActivityRecord{8573ba1 u0 com.netflix.mediaclient/o.cqo t180})/@0xc02c35b - rotation-leash)/@0x8f07cfe sb=Rect(896, 0 - 1394, 1080) eb=Rect(0, 0 - 2340, 1080) d=0 inset=Rect(0, 0 - 0, 0)}]}
05-13 08:45:09.500  3777  3902 V WindowManagerShell: onTransitionReady android.os.BinderProxy@e2b376a: {id=286 t=CLOSE f=0x0 trk=0 r=[0@Point(0, 0)] c=[{null m=CLOSE f=FILLS_TASK|IS_ACTIVITY|EDGE_EXTENSION_RESTRICTION leash=Surface(name=ActivityRecord{13bd2dd u0 com.netflix.mediaclient/.ui.player.PlayerActivity t180})/@0x71508a4 sb=Rect(0, 0 - 2340, 1080) eb=Rect(0, 0 - 2340, 1080) d=0 inset=Rect(0, 0 - 0, 0)},{null m=TO_FRONT f=IS_ACTIVITY leash=Surface(name=Surface(name=ActivityRecord{8573ba1 u0 com.netflix.mediaclient/o.cqo t180})/@0xc02c35b - rotation-leash)/@0xf6ed60d sb=Rect(896, 0 - 1394, 1080) eb=Rect(0, 0 - 2340, 1080) d=0 inset=Rect(0, 0 - 0, 0)}]}
05-13 08:45:09.500  3777  3902 I SurfaceControl: show, t=StartTransaction_SyncId<286>, sc=Surface(name=Surface(name=ActivityRecord{8573ba1 u0 com.netflix.mediaclient/o.cqo t180})/@0xc02c35b - rotation-leash)/@0xf6ed60d, caller=com.android.wm.shell.transition.Transitions.dispatchReady:686 com.android.wm.shell.transition.Transitions.onTransitionReady:118 com.android.wm.shell.transition.Transitions$TransitionPlayerImpl$$ExternalSyntheticLambda0.run:13 android.os.Handler.handleCallback:958 android.os.Handler.dispatchMessage:99 android.os.Looper.loopOnce:230
05-13 08:45:09.500  2377  2594 V WindowManager:     info={id=286 t=CLOSE f=0x0 trk=0 r=[0@Point(0, 0)] c=[{null m=CLOSE f=FILLS_TASK|IS_ACTIVITY|EDGE_EXTENSION_RESTRICTION leash=Surface(name=ActivityRecord{13bd2dd u0 com.netflix.mediaclient/.ui.player.PlayerActivity t180})/@0x467dd7b sb=Rect(0, 0 - 2340, 1080) eb=Rect(0, 0 - 2340, 1080) d=0 inset=Rect(0, 0 - 0, 0)},{null m=TO_FRONT f=IS_ACTIVITY leash=Surface(name=Surface(name=ActivityRecord{8573ba1 u0 com.netflix.mediaclient/o.cqo t180})/@0xc02c35b - rotation-leash)/@0x8f07cfe sb=Rect(896, 0 - 1394, 1080) eb=Rect(0, 0 - 2340, 1080) d=0 inset=Rect(0, 0 - 0, 0)}]}
05-13 08:45:09.500  3777  3902 I SurfaceControl: show, t=FinishTransaction_SyncId<286>, sc=Surface(name=Surface(name=ActivityRecord{8573ba1 u0 com.netflix.mediaclient/o.cqo t180})/@0xc02c35b - rotation-leash)/@0xf6ed60d, caller=com.android.wm.shell.transition.Transitions.dispatchReady:733 com.android.wm.shell.transition.Transitions.onTransitionReady:118 com.android.wm.shell.transition.Transitions$TransitionPlayerImpl$$ExternalSyntheticLambda0.run:13 android.os.Handler.handleCallback:958 android.os.Handler.dispatchMessage:99 android.os.Looper.loopOnce:230
05-13 08:45:09.500  3777  3902 I SurfaceControl: hide, t=FinishTransaction_SyncId<286>, sc=Surface(name=ActivityRecord{13bd2dd u0 com.netflix.mediaclient/.ui.player.PlayerActivity t180})/@0x71508a4, caller=com.android.wm.shell.transition.Transitions.dispatchReady:681 com.android.wm.shell.transition.Transitions.onTransitionReady:118 com.android.wm.shell.transition.Transitions$TransitionPlayerImpl$$ExternalSyntheticLambda0.run:13 android.os.Handler.handleCallback:958 android.os.Handler.dispatchMessage:99 android.os.Looper.loopOnce:230
05-13 08:45:09.500  3777  3902 I SurfaceControl: show, t=StartTransaction_SyncId<286>, sc=Surface(name=Transition Root: ActivityRecord{13bd2dd u0 com.netflix.mediaclient/.ui.player.PlayerActivity t180 f}})/@0x27749c2, caller=com.android.wm.shell.transition.Transitions.playTransition:80 com.android.wm.shell.transition.Transitions.processReadyQueue:185 com.android.wm.shell.transition.Transitions.dispatchReady:751 com.android.wm.shell.transition.Transitions.onTransitionReady:118 com.android.wm.shell.transition.Transitions$TransitionPlayerImpl$$ExternalSyntheticLambda0.run:13 android.os.Handler.handleCallback:958
05-13 08:45:09.500  2377  2598 D WindowManager: updateSystemBarAttributes: displayId=0, win=Window{d040d74 u0 com.netflix.mediaclient/o.cqo}, navColorWin=Window{d040d74 u0 com.netflix.mediaclient/o.cqo}, focusedCanBeNavColorWin=false, behavior=1, appearance=0, statusBarAppearanceRegions=[AppearanceRegion{ bounds=[0,0][1080,2340]}], requestedVisibilities=-9, from=com.android.server.wm.DisplayPolicy.finishPostLayoutPolicyLw:2313 com.android.server.wm.DisplayContent.applySurfaceChangesTransaction:6116 com.android.server.wm.RootWindowContainer.applySurfaceChangesTransaction:1178
05-13 08:45:09.500  3777  3902 V WindowManagerShell: Transition doesn't have explicit remote, search filters for match for {id=286 t=CLOSE f=0x0 trk=0 r=[0@Point(0, 0)] c=[{null m=CLOSE f=FILLS_TASK|IS_ACTIVITY|EDGE_EXTENSION_RESTRICTION leash=Surface(name=ActivityRecord{13bd2dd u0 com.netflix.mediaclient/.ui.player.PlayerActivity t180})/@0x71508a4 sb=Rect(0, 0 - 2340, 1080) eb=Rect(0, 0 - 2340, 1080) d=0 inset=Rect(0, 0 - 0, 0)},{null m=TO_FRONT f=IS_ACTIVITY leash=Surface(name=Surface(name=ActivityRecord{8573ba1 u0 com.netflix.mediaclient/o.cqo t180})/@0xc02c35b - rotation-leash)/@0xf6ed60d sb=Rect(896, 0 - 1394, 1080) eb=Rect(0, 0 - 2340, 1080) d=0 inset=Rect(0, 0 - 0, 0)}]}
05-13 08:45:09.500  3777  3902 V WindowManagerShell: start default transition animation, info = {id=286 t=CLOSE f=0x0 trk=0 r=[0@Point(0, 0)] c=[{null m=CLOSE f=FILLS_TASK|IS_ACTIVITY|EDGE_EXTENSION_RESTRICTION leash=Surface(name=ActivityRecord{13bd2dd u0 com.netflix.mediaclient/.ui.player.PlayerActivity t180})/@0x71508a4 sb=Rect(0, 0 - 2340, 1080) eb=Rect(0, 0 - 2340, 1080) d=0 inset=Rect(0, 0 - 0, 0)},{null m=TO_FRONT f=IS_ACTIVITY leash=Surface(name=Surface(name=ActivityRecord{8573ba1 u0 com.netflix.mediaclient/o.cqo t180})/@0xc02c35b - rotation-leash)/@0xf6ed60d sb=Rect(896, 0 - 1394, 1080) eb=Rect(0, 0 - 2340, 1080) d=0 inset=Rect(0, 0 - 0, 0)}]}
05-13 08:45:09.504  3777  3777 D SamsungLightBarControlHelper: onStatusBarAppearanceChanged() -  sbModeChanged:false, statusBarMode:0, barState:MODE_TRANSPARENT, isKeyguardShowing:false, navbarColorManagedByIme:false, stackAppearanceChanged:true, (AppearanceRegion{ bounds=[0,0][1080,2340]}, ), packageName:com.netflix.mediaclient
05-13 08:45:09.504  1669  1669 D CompositionEngine: Layer: com.netflix.mediaclient/com.netflix.mediaclient.ui.player.PlayerActivity$_21513#4984 had an out of bounds transparent region
05-13 08:45:09.511  1669  1669 I Layer   : Layer [Transition Root: ActivityRecord{13bd2dd u0 com.netflix.mediaclient/.ui.player.PlayerActivity t180 f}}#5009] hidden!! flag(0)
05-13 08:45:09.511  1669  1669 I Layer   : Layer::reparent [ActivityRecord{13bd2dd u0 com.netflix.mediaclient/.ui.player.PlayerActivity t180}#4978] newParent : Transition Root: ActivityRecord{13bd2dd u0 com.netflix.mediaclient/.ui.player.PlayerActivity t180 f}}#5009 , isRemovedFromCurrentState : 0 -------------------------
05-13 08:45:09.512  1669  1669 I Layer   : Layer::reparent [ActivityRecord{13bd2dd u0 com.netflix.mediaclient/.ui.player.PlayerActivity t180}#4978] End -------------------------
05-13 08:45:09.512  1669  1669 I Layer   : Layer [ActivityRecord{8573ba1 u0 com.netflix.mediaclient/o.cqo t180}#4960] hidden!! flag(0)
05-13 08:45:09.512  1669  1669 I Layer   : Layer::reparent [ActivityRecord{8573ba1 u0 com.netflix.mediaclient/o.cqo t180}#4960] newParent : Surface(name=ActivityRecord{8573ba1 u0 com.netflix.mediaclient/o.cqo t180})/@0xc02c35b - rotation-leash#5010 , isRemovedFromCurrentState : 0 -------------------------
05-13 08:45:09.512  1669  1669 I Layer   : Layer::reparent [ActivityRecord{8573ba1 u0 com.netflix.mediaclient/o.cqo t180}#4960] End -------------------------
05-13 08:45:09.512  1669  1669 I Layer   : Layer::reparent [Surface(name=ActivityRecord{8573ba1 u0 com.netflix.mediaclient/o.cqo t180})/@0xc02c35b - rotation-leash#5010] newParent : Transition Root: ActivityRecord{13bd2dd u0 com.netflix.mediaclient/.ui.player.PlayerActivity t180 f}}#5009 , isRemovedFromCurrentState : 0 -------------------------
05-13 08:45:09.512  1669  1669 I Layer   : Layer::reparent [Surface(name=ActivityRecord{8573ba1 u0 com.netflix.mediaclient/o.cqo t180})/@0xc02c35b - rotation-leash#5010] End -------------------------
05-13 08:45:09.512  1669  1669 I Layer   : Layer [com.netflix.mediaclient/o.cqo$_21513#5008] hidden!! flag(0)
05-13 08:45:09.512  1669  1669 D CompositionEngine: Layer: com.netflix.mediaclient/com.netflix.mediaclient.ui.player.PlayerActivity$_21513#4984 had an out of bounds transparent region
05-13 08:45:09.512  2377  7237 D InputDispatcher: Focus entered window (0): d040d74 com.netflix.mediaclient/o.cqo
05-13 08:45:09.514  2377  7237 I ImeTracker: com.netflix.mediaclient:e123cd4f: onRequestHide at ORIGIN_SERVER_HIDE_INPUT reason HIDE_UNSPECIFIED_WINDOW
05-13 08:45:09.514  2377  7237 I ImeTracker: com.netflix.mediaclient:e123cd4f: onCancelled at PHASE_SERVER_SHOULD_HIDE
05-13 08:45:09.517  2377  7237 D InsetsSourceProvider: updateControlForTarget: control=InsetsSourceControl: {3 mType=ime mSurfacePosition=Point(0, 76) mInsetsHint=Insets{left=0, top=0, right=0, bottom=1067}}, target=Window{d040d74 u0 com.netflix.mediaclient/o.cqo}, from=com.android.server.wm.ImeInsetsSourceProvider.updateControlForTarget:164 com.android.server.wm.InsetsStateController.onControlTargetChanged:358 com.android.server.wm.InsetsStateController.onImeControlTargetChanged:302 com.android.server.wm.DisplayContent.updateImeControlTarget:5713 com.android.server.wm.DisplayContent.updateImeInputAndControlTarget:5673
05-13 08:45:09.520  1669  1669 D CompositionEngine: Layer: com.netflix.mediaclient/com.netflix.mediaclient.ui.player.PlayerActivity$_21513#4984 had an out of bounds transparent region
05-13 08:45:09.523  7839  7839 I HBD     : b [AiWriter] setContact : com.netflix.mediaclient
05-13 08:45:09.523 21513 21513 I InsetsSourceConsumer: applyRequestedVisibilityToControl: visible=false, type=ime, host=com.netflix.mediaclient/o.cqo
05-13 08:45:09.531  1669  1669 D CompositionEngine: Layer: com.netflix.mediaclient/com.netflix.mediaclient.ui.player.PlayerActivity$_21513#4984 had an out of bounds transparent region
05-13 08:45:09.540  1669  1669 D CompositionEngine: Layer: com.netflix.mediaclient/com.netflix.mediaclient.ui.player.PlayerActivity$_21513#4984 had an out of bounds transparent region
05-13 08:45:09.545  1669  1669 D CompositionEngine: Layer: com.netflix.mediaclient/com.netflix.mediaclient.ui.player.PlayerActivity$_21513#4984 had an out of bounds transparent region
05-13 08:45:09.548  6813  3582 I [AirCmd]_ActivitySwitchDetector: onTaskStackChanged : componentName - ComponentInfo{com.netflix.mediaclient/o.cqo}
05-13 08:45:09.548  6813  3582 I [AirCmd]_ActivitySwitchDetector: onTaskStackChanged :top mTopMostActivity - ComponentInfo{com.netflix.mediaclient/com.netflix.mediaclient.ui.player.PlayerActivity}
05-13 08:45:09.549  6813  3582 I [AirCmd]_AirActionOperator: hasGeneralAction : packageName is com.netflix.mediaclient, activityName is o.cqo, hasActions is false
05-13 08:45:09.550  6813  3582 I [AirCmd]_AirActionOperator: onSwitch : package is com.netflix.mediaclient   and activity is o.cqo and isBleConnected is false and hasActions is false
05-13 08:45:09.553  1669  1669 D CompositionEngine: Layer: com.netflix.mediaclient/com.netflix.mediaclient.ui.player.PlayerActivity$_21513#4984 had an out of bounds transparent region
05-13 08:45:09.562  1669  1669 D CompositionEngine: Layer: com.netflix.mediaclient/com.netflix.mediaclient.ui.player.PlayerActivity$_21513#4984 had an out of bounds transparent region
05-13 08:45:09.570  1669  1669 D CompositionEngine: Layer: com.netflix.mediaclient/com.netflix.mediaclient.ui.player.PlayerActivity$_21513#4984 had an out of bounds transparent region
05-13 08:45:09.578  1669  1669 D CompositionEngine: Layer: com.netflix.mediaclient/com.netflix.mediaclient.ui.player.PlayerActivity$_21513#4984 had an out of bounds transparent region
05-13 08:45:09.587  1669  1669 D CompositionEngine: Layer: com.netflix.mediaclient/com.netflix.mediaclient.ui.player.PlayerActivity$_21513#4984 had an out of bounds transparent region
05-13 08:45:09.588  1669  1669 D SurfaceFlinger:      DEVICE | 0xb400007d08eeb590 | 0102 | RGBA_8888    |    0.0    0.0 1080.0 2340.0 |   96  207  984 2133 | com.netflix.mediaclient/o.cqo$_21513#5008
05-13 08:45:09.588  1669  1669 D SurfaceFlinger:      CLIENT | 0xb400007d08f093b0 | 0182 | RGBx_8888    |    0.0    0.0    1.0    1.0 |    0  268 1080 2340 | SurfaceView[com.netflix.mediaclient/[...]player.PlayerActivity]@0(BLAST)#4991
05-13 08:45:09.588  1669  1669 D SurfaceFlinger:      DEVICE | 0xb400007d08ef6d80 | 0100 | RGBA_8888    |    0.0    0.0 1080.0 2072.0 |    0  268 1080 2340 | com.netflix.mediaclient/com.netflix.[...]ui.player.PlayerActivity$_21513#4984
05-13 08:45:09.595  1669  1669 D CompositionEngine: Layer: com.netflix.mediaclient/com.netflix.mediaclient.ui.player.PlayerActivity$_21513#4984 had an out of bounds transparent region
05-13 08:45:09.597  1669  1669 D SurfaceFlinger:      DEVICE | 0xb400007d08eeb590 | 0102 | RGBA_8888    |    0.0    0.0 1080.0 2340.0 |   93  201  987 2139 | com.netflix.mediaclient/o.cqo$_21513#5008
05-13 08:45:09.597  1669  1669 D SurfaceFlinger:      CLIENT | 0xb400007d08f093b0 | 0182 | RGBx_8888    |    0.0    0.0    1.0    1.0 |    0  334 1080 2340 | SurfaceView[com.netflix.mediaclient/[...]player.PlayerActivity]@0(BLAST)#4991
05-13 08:45:09.597  1669  1669 D SurfaceFlinger:      DEVICE | 0xb400007d08eda940 | 0100 | RGBA_8888    |    0.0    0.0 1080.0 2006.0 |    0  334 1080 2340 | com.netflix.mediaclient/com.netflix.[...]ui.player.PlayerActivity$_21513#4984
05-13 08:45:09.603  1669  1669 D CompositionEngine: Layer: com.netflix.mediaclient/com.netflix.mediaclient.ui.player.PlayerActivity$_21513#4984 had an out of bounds transparent region
05-13 08:45:09.612  1669  1669 D CompositionEngine: Layer: com.netflix.mediaclient/com.netflix.mediaclient.ui.player.PlayerActivity$_21513#4984 had an out of bounds transparent region
05-13 08:45:09.620  1669  1669 D CompositionEngine: Layer: com.netflix.mediaclient/com.netflix.mediaclient.ui.player.PlayerActivity$_21513#4984 had an out of bounds transparent region
05-13 08:45:09.629  1669  1669 D CompositionEngine: Layer: com.netflix.mediaclient/com.netflix.mediaclient.ui.player.PlayerActivity$_21513#4984 had an out of bounds transparent region
05-13 08:45:09.637  1669  1669 D CompositionEngine: Layer: com.netflix.mediaclient/com.netflix.mediaclient.ui.player.PlayerActivity$_21513#4984 had an out of bounds transparent region
05-13 08:45:09.645  1669  1669 D CompositionEngine: Layer: com.netflix.mediaclient/com.netflix.mediaclient.ui.player.PlayerActivity$_21513#4984 had an out of bounds transparent region
05-13 08:45:09.654  1669  1669 D CompositionEngine: Layer: com.netflix.mediaclient/com.netflix.mediaclient.ui.player.PlayerActivity$_21513#4984 had an out of bounds transparent region
05-13 08:45:09.662  1669  1669 D CompositionEngine: Layer: com.netflix.mediaclient/com.netflix.mediaclient.ui.player.PlayerActivity$_21513#4984 had an out of bounds transparent region
05-13 08:45:09.670  1669  1669 D CompositionEngine: Layer: com.netflix.mediaclient/com.netflix.mediaclient.ui.player.PlayerActivity$_21513#4984 had an out of bounds transparent region
05-13 08:45:09.679  1669  1669 D CompositionEngine: Layer: com.netflix.mediaclient/com.netflix.mediaclient.ui.player.PlayerActivity$_21513#4984 had an out of bounds transparent region
05-13 08:45:09.687  1669  1669 D CompositionEngine: Layer: com.netflix.mediaclient/com.netflix.mediaclient.ui.player.PlayerActivity$_21513#4984 had an out of bounds transparent region
05-13 08:45:09.695  1669  1669 D CompositionEngine: Layer: com.netflix.mediaclient/com.netflix.mediaclient.ui.player.PlayerActivity$_21513#4984 had an out of bounds transparent region
05-13 08:45:09.703  1669  1669 D CompositionEngine: Layer: com.netflix.mediaclient/com.netflix.mediaclient.ui.player.PlayerActivity$_21513#4984 had an out of bounds transparent region
05-13 08:45:09.711  1669  1669 D CompositionEngine: Layer: com.netflix.mediaclient/com.netflix.mediaclient.ui.player.PlayerActivity$_21513#4984 had an out of bounds transparent region
05-13 08:45:09.720  1669  1669 D CompositionEngine: Layer: com.netflix.mediaclient/com.netflix.mediaclient.ui.player.PlayerActivity$_21513#4984 had an out of bounds transparent region
05-13 08:45:09.728  1669  1669 D CompositionEngine: Layer: com.netflix.mediaclient/com.netflix.mediaclient.ui.player.PlayerActivity$_21513#4984 had an out of bounds transparent region
05-13 08:45:09.736  1669  1669 D CompositionEngine: Layer: com.netflix.mediaclient/com.netflix.mediaclient.ui.player.PlayerActivity$_21513#4984 had an out of bounds transparent region
05-13 08:45:09.745  1669  1669 D CompositionEngine: Layer: com.netflix.mediaclient/com.netflix.mediaclient.ui.player.PlayerActivity$_21513#4984 had an out of bounds transparent region
05-13 08:45:09.753  1669  1669 D CompositionEngine: Layer: com.netflix.mediaclient/com.netflix.mediaclient.ui.player.PlayerActivity$_21513#4984 had an out of bounds transparent region
05-13 08:45:09.761  1669  1669 D CompositionEngine: Layer: com.netflix.mediaclient/com.netflix.mediaclient.ui.player.PlayerActivity$_21513#4984 had an out of bounds transparent region
05-13 08:45:09.770  1669  1669 D CompositionEngine: Layer: com.netflix.mediaclient/com.netflix.mediaclient.ui.player.PlayerActivity$_21513#4984 had an out of bounds transparent region
05-13 08:45:09.778  1669  1669 D CompositionEngine: Layer: com.netflix.mediaclient/com.netflix.mediaclient.ui.player.PlayerActivity$_21513#4984 had an out of bounds transparent region
05-13 08:45:09.786  1669  1669 D CompositionEngine: Layer: com.netflix.mediaclient/com.netflix.mediaclient.ui.player.PlayerActivity$_21513#4984 had an out of bounds transparent region
05-13 08:45:09.795  1669  1669 D CompositionEngine: Layer: com.netflix.mediaclient/com.netflix.mediaclient.ui.player.PlayerActivity$_21513#4984 had an out of bounds transparent region
05-13 08:45:09.803  1669  1669 D CompositionEngine: Layer: com.netflix.mediaclient/com.netflix.mediaclient.ui.player.PlayerActivity$_21513#4984 had an out of bounds transparent region
05-13 08:45:09.811  1669  1669 D CompositionEngine: Layer: com.netflix.mediaclient/com.netflix.mediaclient.ui.player.PlayerActivity$_21513#4984 had an out of bounds transparent region
05-13 08:45:09.819  1669  1669 D CompositionEngine: Layer: com.netflix.mediaclient/com.netflix.mediaclient.ui.player.PlayerActivity$_21513#4984 had an out of bounds transparent region
05-13 08:45:09.824  2377  4406 V WindowManager: Setting visibility of Window{c9dc567 u0 com.netflix.mediaclient/com.netflix.mediaclient.ui.player.PlayerActivity}: false, caller=com.android.server.wm.WindowContainer.sendAppVisibilityToClients:1281 com.android.server.wm.WindowToken.setClientVisible:446 com.android.server.wm.ActivityRecord.setClientVisible:8092 com.android.server.wm.ActivityRecord.postApplyAnimation:6656 com.android.server.wm.ActivityRecord.commitVisibility:6599
05-13 08:45:09.824  2377  4406 D WindowManager: rotationForOrientation, orientationSource=ActivityRecord{8573ba1 u0 com.netflix.mediaclient/o.cqo t180}
05-13 08:45:09.826  2377  4406 D WindowManager: prepareSync <SYNC_STATE_WAITING_FOR_DRAW>, mPrepareSyncSeqId=0, win=Window{c9dc567 u0 com.netflix.mediaclient/com.netflix.mediaclient.ui.player.PlayerActivity}
05-13 08:45:09.826  2377  4406 D WindowManager: prepareSync <SYNC_STATE_WAITING_FOR_DRAW>, mPrepareSyncSeqId=0, win=Window{d040d74 u0 com.netflix.mediaclient/o.cqo}
05-13 08:45:09.826  2377  4406 V WindowManager: Override sync-method for d040d74 com.netflix.mediaclient/o.cqo because seamless rotating, caller=com.android.server.wm.Transition.setSeamlessRotation:604 com.android.server.wm.DisplayContent.setSeamlessTransitionForFixedRotation:4398 com.android.server.wm.DisplayContent.requestChangeTransitionIfNeeded:4352 com.android.server.wm.DisplayRotation.updateRotationUnchecked:726 com.android.server.wm.DisplayRotation.updateOrientation:517
05-13 08:45:09.827  1669  1669 I Layer   : Layer [ActivityRecord{13bd2dd u0 com.netflix.mediaclient/.ui.player.PlayerActivity t180}#4978] hidden!! flag(1)
05-13 08:45:09.827  1669  1669 I Layer   : Layer::reparent [ActivityRecord{13bd2dd u0 com.netflix.mediaclient/.ui.player.PlayerActivity t180}#4978] newParent : Task=180#4947 , isRemovedFromCurrentState : 0 -------------------------
05-13 08:45:09.827  1669  1669 I Layer   : Layer::reparent [ActivityRecord{13bd2dd u0 com.netflix.mediaclient/.ui.player.PlayerActivity t180}#4978] End -------------------------
05-13 08:45:09.827  1669  1669 I Layer   : Layer::reparent [Transition Root: ActivityRecord{13bd2dd u0 com.netflix.mediaclient/.ui.player.PlayerActivity t180 f}}#5009] newParentHandle : null -------------------------
05-13 08:45:09.827  1669  1669 I Layer   : id=5009 removeFromCurrentState Transition Root: ActivityRecord{13bd2dd u0 com.netflix.mediaclient/.ui.player.PlayerActivity t180 f}}#5009 (152)
05-13 08:45:09.828  1669  1669 I Layer   : id=5010 removeFromCurrentState Surface(name=ActivityRecord{8573ba1 u0 com.netflix.mediaclient/o.cqo t180})/@0xc02c35b - rotation-leash#5010 (152)
05-13 08:45:09.828  1669  1669 I Layer   : id=4960 removeFromCurrentState ActivityRecord{8573ba1 u0 com.netflix.mediaclient/o.cqo t180}#4960 (152)
05-13 08:45:09.828  1669  1669 I Layer   : id=4971 removeFromCurrentState 7c3d9ab ActivityRecordInputSink com.netflix.mediaclient/o.cqo#4971 (152)
05-13 08:45:09.828  1669  1669 I Layer   : id=4966 removeFromCurrentState d040d74 com.netflix.mediaclient/o.cqo#4966 (152)
05-13 08:45:09.828  1669  1669 I Layer   : id=5008 removeFromCurrentState com.netflix.mediaclient/o.cqo$_21513#5008 (152)
05-13 08:45:09.828  1669  1669 I Layer   : Layer::reparent [Transition Root: ActivityRecord{13bd2dd u0 com.netflix.mediaclient/.ui.player.PlayerActivity t180 f}}#5009] End -------------------------
05-13 08:45:09.828  1669  1669 I Layer   : Layer::reparent [Surface(name=ActivityRecord{8573ba1 u0 com.netflix.mediaclient/o.cqo t180})/@0xc02c35b - rotation-leash#5010] newParent : Task=180#4947 , isRemovedFromCurrentState : 0 -------------------------
05-13 08:45:09.828  1669  1669 I Layer   : id=5010 addToCurrentState Surface(name=ActivityRecord{8573ba1 u0 com.netflix.mediaclient/o.cqo t180})/@0xc02c35b - rotation-leash#5010 (152)
05-13 08:45:09.828  1669  1669 I Layer   : id=4960 addToCurrentState ActivityRecord{8573ba1 u0 com.netflix.mediaclient/o.cqo t180}#4960 (152)
05-13 08:45:09.828  1669  1669 I Layer   : id=4971 addToCurrentState 7c3d9ab ActivityRecordInputSink com.netflix.mediaclient/o.cqo#4971 (152)
05-13 08:45:09.828  1669  1669 I Layer   : id=4966 addToCurrentState d040d74 com.netflix.mediaclient/o.cqo#4966 (152)
05-13 08:45:09.828  1669  1669 I Layer   : id=5008 addToCurrentState com.netflix.mediaclient/o.cqo$_21513#5008 (152)
05-13 08:45:09.828  1669  1669 I Layer   : Layer::reparent [Surface(name=ActivityRecord{8573ba1 u0 com.netflix.mediaclient/o.cqo t180})/@0xc02c35b - rotation-leash#5010] End -------------------------
05-13 08:45:09.828  1669  1669 I Layer   : Layer::reparent [Transition Root: ActivityRecord{13bd2dd u0 com.netflix.mediaclient/.ui.player.PlayerActivity t180 f}}#5009] newParentHandle : null -------------------------
05-13 08:45:09.828  1669  1669 I Layer   : id=5009 removeFromCurrentState Transition Root: ActivityRecord{13bd2dd u0 com.netflix.mediaclient/.ui.player.PlayerActivity t180 f}}#5009 (152)
05-13 08:45:09.828  1669  1669 I Layer   : Layer::reparent [Transition Root: ActivityRecord{13bd2dd u0 com.netflix.mediaclient/.ui.player.PlayerActivity t180 f}}#5009] End -------------------------
05-13 08:45:09.828  1669  1669 I SurfaceFlinger: id=5009 Removed Transition Root: ActivityRecord{13bd2dd u0 com.netflix.mediaclient/.ui.player.PlayerActivity t180 f}}#5009 (152)
05-13 08:45:09.831  1669  1669 D SurfaceFlinger:      DEVICE | 0xb400007d08eeb590 | 0102 | RGBA_8888    |    0.0    0.0 1080.0 2340.0 |    0    0 1080 2340 | com.netflix.mediaclient/o.cqo$_21513#5008
05-13 08:45:09.836  1669  1669 I Layer   : id=5009 Destroyed Transition Root: ActivityRecord{13bd2dd u0 com.netflix.mediaclient/.ui.player.PlayerActivity t180 f}}#5009
05-13 08:45:09.842  2377  4406 V WindowManager: Collecting in transition 287: Task{8b81c46 #180 type=standard A=10312:com.netflix.mediaclient}, caller=com.android.server.wm.TransitionController.lambda$collectForDisplayAreaChange$3:960 com.android.server.wm.TransitionController.$r8$lambda$eS0DTh55IBmOAY1lJgwxM4wXsCw:0 com.android.server.wm.TransitionController$$ExternalSyntheticLambda3.accept:0 com.android.server.wm.Task.forAllLeafTasks:3993 com.android.server.wm.WindowContainer.forAllLeafTasks:2185
05-13 08:45:09.848  2377  4406 D InsetsSourceProvider: updateControlForTarget: control=InsetsSourceControl: {d8e10001 mType=navigationBars initiallyVisible mSurfacePosition=Point(2214, 0) mInsetsHint=Insets{left=0, top=0, right=126, bottom=0}}, target=Window{d040d74 u0 com.netflix.mediaclient/o.cqo}, from=com.android.server.wm.InsetsStateController.onControlTargetChanged:358 com.android.server.wm.InsetsStateController.onBarControlTargetChanged:327 com.android.server.wm.InsetsPolicy.updateBarControlTarget:172 com.android.server.wm.InsetsPolicy.updateSystemBars:800 com.android.server.wm.DisplayPolicy.updateSystemBarsLw:3418
05-13 08:45:09.848  2377  4406 D InsetsSourceProvider: updateControlForTarget: control=InsetsSourceControl: {b0820000 mType=statusBars initiallyVisible mSurfacePosition=Point(0, 0) mInsetsHint=Insets{left=0, top=63, right=0, bottom=0}}, target=Window{d040d74 u0 com.netflix.mediaclient/o.cqo}, from=com.android.server.wm.InsetsStateController.onControlTargetChanged:358 com.android.server.wm.InsetsStateController.onBarControlTargetChanged:324 com.android.server.wm.InsetsPolicy.updateBarControlTarget:172 com.android.server.wm.InsetsPolicy.updateSystemBars:800 com.android.server.wm.DisplayPolicy.updateSystemBarsLw:3418
05-13 08:45:09.851  2377  7198 V WindowManager: Relayout Window{c9dc567 u0 com.netflix.mediaclient/com.netflix.mediaclient.ui.player.PlayerActivity}: viewVisibility=8 req=2340x1080 ty=1 d0
05-13 08:45:09.853 21513 21513 I InsetsController: onStateChanged: host=com.netflix.mediaclient/com.netflix.mediaclient.ui.player.PlayerActivity, from=android.view.ViewRootImpl.relayoutWindow:10062, state=InsetsState: {mDisplayFrame=Rect(0, 0 - 2340, 1080), mDisplayCutout=DisplayCutout{insets=Rect(76, 0 - 0, 0) waterfall=Insets{left=0, top=0, right=0, bottom=0} boundingRect={Bounds=[Rect(0, 515 - 76, 565), Rect(0, 0 - 0, 0), Rect(0, 0 - 0, 0), Rect(0, 0 - 0, 0)]} cutoutPathParserInfo={CutoutPathParserInfo{displayWidth=1080 displayHeight=2340 physicalDisplayWidth=1080 physicalDisplayHeight=2340 density={2.8125} cutoutSpec={M 0,0 H -8.933333333333333 V 26.93333333333333 H 8.933333333333333 V 0 H 0 Z @dp} rotation={1} scale={1.0} physicalPixelDisplaySizeRatio={1.0}}}}, mRoundedCorners=RoundedCorners{[RoundedCorner{position=TopLeft, radius=4, center=Point(4, 4)}, RoundedCorner{position=TopRight, radius=4, center=Point(2336, 4)}, RoundedCorner{position=BottomRight, radius=4, center=Point(2336, 1076)}, RoundedCorner{position=BottomLeft, radius=4, center=Point(4, 1076)}]}  mRoundedCornerFrame=Rect(0, 0 - 1080, 2340), mPrivacyIndicatorBounds=PrivacyIndicatorBounds {static bounds=Rect(2224, 0 - 2340, 63) rotation=1}, mDisplayShape=DisplayShape{ spec=-1951251426 displayWidth=1440 displayHeight=3120 physicalPixelDisplaySizeRatio=1.0 rotation=1 offsetX=0 offsetY=0 scale=1.0}, mSources= { InsetsSource: {b0820000 mType=statusBars mFrame=[0,0][2340,63] mVisible=false mFlags=[]}, InsetsSource: {b0820005 mType=mandatorySystemGestures mFrame=[0,0][2340,63] mVisible=true mFlags=[]}, InsetsSource: {b0820006 mType=tappableElement mFrame=[0,0][2340,63] mVisible=true mFlags=[]}, InsetsSource: {d8e10001 mType=navigationBars mFrame=[2214,0][2340,1080] mVisible=false mFlags=[]}, InsetsSource: {d8e10004 mType=systemGestures mFrame=[0,0][0,0] mVisible=true mFlags=[]}, InsetsSource: {d8e10005 mType=mandatorySystemGestures mFrame=[2214,0][2340,1080] mVisible=true mFlags=[]}, InsetsSource: {d8e10006 mType=tappableElement mFrame=[2214,0][2340,1080] mVisible=true mFlags=[]}, InsetsSource: {d8e10024 mType=systemGestures mFrame=[0,0][0,0] mVisible=true mFlags=[]}, InsetsSource: {3 mType=ime mFrame=[0,0][0,0] mVisible=false mFlags=[]}, InsetsSource: {7 mType=displayCutout mFrame=[0,0][76,1080] mVisible=true mFlags=[]} }
05-13 08:45:09.855 21513 21513 I InsetsController: onStateChanged: host=com.netflix.mediaclient/o.cqo, from=android.view.ViewRootImpl$ViewRootHandler.handleMessageImpl:7207, state=InsetsState: {mDisplayFrame=Rect(0, 0 - 1080, 2340), mDisplayCutout=DisplayCutout{insets=Rect(0, 76 - 0, 0) waterfall=Insets{left=0, top=0, right=0, bottom=0} boundingRect={Bounds=[Rect(0, 0 - 0, 0), Rect(515, 0 - 565, 76), Rect(0, 0 - 0, 0), Rect(0, 0 - 0, 0)]} cutoutPathParserInfo={CutoutPathParserInfo{displayWidth=1080 displayHeight=2340 physicalDisplayWidth=1080 physicalDisplayHeight=2340 density={2.8125} cutoutSpec={M 0,0 H -8.933333333333333 V 26.93333333333333 H 8.933333333333333 V 0 H 0 Z @dp} rotation={0} scale={1.0} physicalPixelDisplaySizeRatio={1.0}}}}, mRoundedCorners=RoundedCorners{[RoundedCorner{position=TopLeft, radius=4, center=Point(4, 4)}, RoundedCorner{position=TopRight, radius=4, center=Point(1076, 4)}, RoundedCorner{position=BottomRight, radius=4, center=Point(1076, 2336)}, RoundedCorner{position=BottomLeft, radius=4, center=Point(4, 2336)}]}  mRoundedCornerFrame=Rect(0, 0 - 1080, 2340), mPrivacyIndicatorBounds=PrivacyIndicatorBounds {static bounds=Rect(964, 0 - 1080, 76) rotation=0}, mDisplayShape=DisplayShape{ spec=-1951251426 displayWidth=1440 displayHeight=3120 physicalPixelDisplaySizeRatio=1.0 rotation=0 offsetX=0 offsetY=0 scale=1.0}, mSources= { InsetsSource: {b0820000 mType=statusBars mFrame=[0,0][1080,76] mVisible=true mFlags=[]}, InsetsSource: {b0820005 mType=mandatorySystemGestures mFrame=[0,0][1080,108] mVisible=true mFlags=[]}, InsetsSource: {b0820006 mType=tappableElement mFrame=[0,0][1080,76] mVisible=true mFlags=[]}, InsetsSource: {d8e10001 mType=navigationBars mFrame=[0,2214][1080,2340] mVisible=true mFlags=[]}, InsetsSource: {d8e10004 mType=systemGestures mFrame=[0,0][0,0] mVisible=true mFlags=[]}, InsetsSource: {d8e10005 mType=mandatorySystemGestures mFrame=[0,2214][1080,2340] mVisible=true mFlags=[]}, InsetsSource: {d8e10006 mType=tappableElement mFrame=[0,2214][1080,2340] mVisible=true mFlags=[]}, InsetsSource: {d8e10024 mType=systemGestures mFrame=[0,0][0,0] mVisible=true mFlags=[]}, InsetsSource: {3 mType=ime mFrame=[0,0][0,0] mVisible=false mFlags=[]}, InsetsSource: {27 mType=displayCutout mFrame=[0,0][1080,76] mVisible=true mFlags=[]} }
05-13 08:45:09.856 21513 21513 I InsetsSourceConsumer: applyRequestedVisibilityToControl: visible=true, type=navigationBars, host=com.netflix.mediaclient/o.cqo
05-13 08:45:09.856 21513 21513 I InsetsSourceConsumer: applyRequestedVisibilityToControl: visible=true, type=statusBars, host=com.netflix.mediaclient/o.cqo
05-13 08:45:09.858  2377  7207 V WindowManager: Start calculating TransitionInfo based on participants: {Task{8b81c46 #180 type=standard A=10312:com.netflix.mediaclient}, Display{#0 state=ON size=1080x2340 ROTATION_0}}
05-13 08:45:09.858  2377  7207 V WindowManager:   Final targets: [Task{8b81c46 #180 type=standard A=10312:com.netflix.mediaclient}, DefaultTaskDisplayArea_d0@218423179, Display{#0 state=ON size=1080x2340 ROTATION_0}]
05-13 08:45:09.859 19592 21550 I SAMSUNGWALLET: [Hint_t3m] isHomePackageRunning topPkgName = com.netflix.mediaclient, topClsName = o.cqo, return false , se : false
05-13 08:45:09.859  2377  7207 V WindowManager: Calling onTransitionReady: {id=287 t=CHANGE f=0x0 trk=0 r=[0@Point(0, 0)] c=[{WCT{RemoteToken{214391 Task{8b81c46 #180 type=standard A=10312:com.netflix.mediaclient}}} m=CHANGE f=NONE p=WCT{RemoteToken{a1ffc3f DefaultTaskDisplayArea_d0@218423179}} leash=Surface(name=Task=180)/@0x1e3441b sb=Rect(0, 0 - 2340, 1080) eb=Rect(0, 0 - 1080, 2340) d=0 r=1->0:0 inset=Rect(0, 76 - 0, 126)},{WCT{RemoteToken{a1ffc3f DefaultTaskDisplayArea_d0@218423179}} m=CHANGE f=IS_TASK_DISPLAY_AREA p=WCT{RemoteToken{762f38e Display{#0 state=ON size=1080x2340 ROTATION_0}}} leash=Surface(name=DefaultTaskDisplayArea_d0)/@0xd1cf4e3 sb=Rect(0, 0 - 2340, 1080) eb=Rect(0, 0 - 1080, 2340) d=0 r=1->0:-1 inset=Rect(0, 0 - 0, 0)},{WCT{RemoteToken{762f38e Display{#0 state=ON size=1080x2340 ROTATION_0}}} m=CHANGE f=IS_DISPLAY leash=Surface(name=WindowedMagnification:0:31)/@0x1c8898f sb=Rect(0, 0 - 2340, 1080) eb=Rect(0, 0 - 1080, 2340) d=0 r=1->0:3 inset=Rect(0, 0 - 0, 0)}]}
05-13 08:45:09.861  1669  1669 I Layer   : Layer::reparent [Bounds for - com.netflix.mediaclient/com.netflix.mediaclient.ui.player.PlayerActivity@0#4989] newParentHandle : null -------------------------
05-13 08:45:09.861  1669  1669 I Layer   : id=4989 removeFromCurrentState Bounds for - com.netflix.mediaclient/com.netflix.mediaclient.ui.player.PlayerActivity@0#4989 (154)
05-13 08:45:09.861  1669  1669 I Layer   : id=4990 removeFromCurrentState SurfaceView[com.netflix.mediaclient/com.netflix.mediaclient.ui.player.PlayerActivity]@0#4990 (154)
05-13 08:45:09.861  1669  1669 I Layer   : id=4992 removeFromCurrentState Background for SurfaceView[com.netflix.mediaclient/com.netflix.mediaclient.ui.player.PlayerActivity]@0#4992 (154)
05-13 08:45:09.861  1669  1669 I Layer   : id=4991 removeFromCurrentState SurfaceView[com.netflix.mediaclient/com.netflix.mediaclient.ui.player.PlayerActivity]@0(BLAST)#4991 (154)
05-13 08:45:09.861  1669  1669 I Layer   : Layer::reparent [Bounds for - com.netflix.mediaclient/com.netflix.mediaclient.ui.player.PlayerActivity@0#4989] End -------------------------
05-13 08:45:09.861  1669  1669 I SurfaceFlinger: id=4989 Removed Bounds for - com.netflix.mediaclient/com.netflix.mediaclient.ui.player.PlayerActivity@0#4989 (152)
05-13 08:45:09.862  2377  7176 V WindowManager: Relayout Window{d040d74 u0 com.netflix.mediaclient/o.cqo}: viewVisibility=0 req=1080x2340 ty=1 d0
05-13 08:45:09.862  2377  2594 V WindowManager:     info={id=287 t=CHANGE f=0x0 trk=0 r=[0@Point(0, 0)] c=[{WCT{RemoteToken{214391 Task{8b81c46 #180 type=standard A=10312:com.netflix.mediaclient}}} m=CHANGE f=NONE p=WCT{RemoteToken{a1ffc3f DefaultTaskDisplayArea_d0@218423179}} leash=Surface(name=Task=180)/@0x1e3441b sb=Rect(0, 0 - 2340, 1080) eb=Rect(0, 0 - 1080, 2340) d=0 r=1->0:0 inset=Rect(0, 76 - 0, 126)},{WCT{RemoteToken{a1ffc3f DefaultTaskDisplayArea_d0@218423179}} m=CHANGE f=IS_TASK_DISPLAY_AREA p=WCT{RemoteToken{762f38e Display{#0 state=ON size=1080x2340 ROTATION_0}}} leash=Surface(name=DefaultTaskDisplayArea_d0)/@0xd1cf4e3 sb=Rect(0, 0 - 2340, 1080) eb=Rect(0, 0 - 1080, 2340) d=0 r=1->0:-1 inset=Rect(0, 0 - 0, 0)},{WCT{RemoteToken{762f38e Display{#0 state=ON size=1080x2340 ROTATION_0}}} m=CHANGE f=IS_DISPLAY leash=Surface(name=WindowedMagnification:0:31)/@0x1c8898f sb=Rect(0, 0 - 2340, 1080) eb=Rect(0, 0 - 1080, 2340) d=0 r=1->0:3 inset=Rect(0, 0 - 0, 0)}]}
05-13 08:45:09.864  2377  4406 D WindowManager: rotationForOrientation, orientationSource=ActivityRecord{8573ba1 u0 com.netflix.mediaclient/o.cqo t180}
05-13 08:45:09.865  2377  2598 D PowerManagerService: [api] release WakeLock SCREEN_BRIGHT_WAKE_LOCK        'WindowManager/displayId:0' ON_AFTER_RELEASE ACQ=-7s35ms (uid=1000 pid=2377 ws=WorkSource{10312 com.netflix.mediaclient} displayId=0 lock=13f34df)
05-13 08:45:09.865  2377  2598 D PowerManagerService: [api] applyWakeLockFlagsOnReleaseLocked : userActivityNoUpdateLocked is called : SCREEN_BRIGHT_WAKE_LOCK
     'WindowManager/displayId:0' ON_AFTER_RELEASE DISABLED (uid=1000 pid=2377 ws=WorkSource{10312 com.netflix.mediaclient} displayId=0 lock=13f34df)
05-13 08:45:09.867  4156  4156 I Edge.ActivityUtils: getResumeComponentName : ComponentInfo{com.netflix.mediaclient/o.cqo}
05-13 08:45:09.869  2377  4024 D WindowManager: finishDrawingWindow: Window{d040d74 u0 com.netflix.mediaclient/o.cqo} mDrawState=HAS_DRAWN seqId=5
05-13 08:45:09.869  1669  1669 I Layer   : Layer::reparent [ActivityRecord{8573ba1 u0 com.netflix.mediaclient/o.cqo t180}#4960] newParent : Task=180#4947 , isRemovedFromCurrentState : 0 -------------------------
05-13 08:45:09.869  1669  1669 I Layer   : Layer::reparent [ActivityRecord{8573ba1 u0 com.netflix.mediaclient/o.cqo t180}#4960] End -------------------------
05-13 08:45:09.869  1669  1669 I Layer   : Layer::reparent [Surface(name=ActivityRecord{8573ba1 u0 com.netflix.mediaclient/o.cqo t180})/@0xc02c35b - rotation-leash#5010] newParentHandle : null -------------------------
05-13 08:45:09.869  1669  1669 I Layer   : id=5010 removeFromCurrentState Surface(name=ActivityRecord{8573ba1 u0 com.netflix.mediaclient/o.cqo t180})/@0xc02c35b - rotation-leash#5010 (152)
05-13 08:45:09.869  1669  1669 I Layer   : Layer::reparent [Surface(name=ActivityRecord{8573ba1 u0 com.netflix.mediaclient/o.cqo t180})/@0xc02c35b - rotation-leash#5010] End -------------------------
05-13 08:45:09.870  1669  1669 I Layer   : id=4960 removeFromCurrentState ActivityRecord{8573ba1 u0 com.netflix.mediaclient/o.cqo t180}#4960 (152)
05-13 08:45:09.870  1669  1669 I Layer   : id=4971 removeFromCurrentState 7c3d9ab ActivityRecordInputSink com.netflix.mediaclient/o.cqo#4971 (152)
05-13 08:45:09.870  1669  1669 I Layer   : id=4966 removeFromCurrentState d040d74 com.netflix.mediaclient/o.cqo#4966 (152)
05-13 08:45:09.870  1669  1669 I Layer   : id=5008 removeFromCurrentState com.netflix.mediaclient/o.cqo$_21513#5008 (152)
