05-13 08:44:55.763  1669  1669 I Layer   : id=4953 removeFromCurrentState 14d99cb com.netflix.mediaclient/com.netflix.mediaclient.ui.launch.UIWebViewActivity#4953 (146)
05-13 08:44:55.763  1669  1669 I Layer   : id=4954 removeFromCurrentState com.netflix.mediaclient/com.netflix.mediaclient.ui.launch.UIWebViewActivity$_21513#4954 (146)
05-13 08:44:55.763  1669  1669 I Layer   : Layer::reparent [Surface(name=14d99cb com.netflix.mediaclient/com.netflix.mediaclient.ui.launch.UIWebViewActivity)/@0xfb5d9ec - animation-leash of starting_reveal#4959] End -------------------------
05-13 08:44:55.763  1669  1669 I Layer   : Layer [Transition Root: ActivityRecord{8573ba1 u0 com.netflix.mediaclient/o.cqo t180}#4970] hidden!! flag(0)
05-13 08:44:55.763  1669  1669 I Layer   : Layer [com.netflix.mediaclient/o.cqo$_21513#4967] hidden!! flag(0)
05-13 08:44:55.763  1669  1669 I Layer   : Layer::reparent [14d99cb com.netflix.mediaclient/com.netflix.mediaclient.ui.launch.UIWebViewActivity#4953] newParent : ActivityRecord{1a51021 u0 com.netflix.mediaclient/.ui.launch.UIWebViewActivity t180}#4948 , isRemovedFromCurrentState : 0 -------------------------
05-13 08:44:55.763  1669  1669 I Layer   : id=4953 addToCurrentState 14d99cb com.netflix.mediaclient/com.netflix.mediaclient.ui.launch.UIWebViewActivity#4953 (146)
05-13 08:44:55.763  1669  1669 I Layer   : id=4954 addToCurrentState com.netflix.mediaclient/com.netflix.mediaclient.ui.launch.UIWebViewActivity$_21513#4954 (146)
05-13 08:44:55.763  1669  1669 I Layer   : Layer::reparent [14d99cb com.netflix.mediaclient/com.netflix.mediaclient.ui.launch.UIWebViewActivity#4953] End -------------------------
05-13 08:44:55.763  1669  1669 I Layer   : Layer [d040d74 com.netflix.mediaclient/o.cqo#4966] hidden!! flag(0)
05-13 08:44:55.763  1669  1669 I Layer   : Layer [ActivityRecord{8573ba1 u0 com.netflix.mediaclient/o.cqo t180}#4960] hidden!! flag(0)
05-13 08:44:55.763  1669  1669 I Layer   : Layer::reparent [ActivityRecord{8573ba1 u0 com.netflix.mediaclient/o.cqo t180}#4960] newParent : Transition Root: ActivityRecord{8573ba1 u0 com.netflix.mediaclient/o.cqo t180}#4970 , isRemovedFromCurrentState : 0 -------------------------
05-13 08:44:55.763  1669  1669 I Layer   : Layer::reparent [ActivityRecord{8573ba1 u0 com.netflix.mediaclient/o.cqo t180}#4960] End -------------------------
05-13 08:44:55.763  1669  1669 I Layer   : Layer::reparent [ActivityRecord{8573ba1 u0 com.netflix.mediaclient/o.cqo t180}#4960] newParent : Task=180#4947 , isRemovedFromCurrentState : 0 -------------------------
05-13 08:44:55.763  1669  1669 I Layer   : Layer::reparent [ActivityRecord{8573ba1 u0 com.netflix.mediaclient/o.cqo t180}#4960] End -------------------------
05-13 08:44:55.763  1669  1669 I Layer   : Layer [ActivityRecord{1a51021 u0 com.netflix.mediaclient/.ui.launch.UIWebViewActivity t180}#4948] hidden!! flag(1)
05-13 08:44:55.763  1669  1669 I Layer   : Layer::reparent [ActivityRecord{1a51021 u0 com.netflix.mediaclient/.ui.launch.UIWebViewActivity t180}#4948] newParent : Task=180#4947 , isRemovedFromCurrentState : 0 -------------------------
05-13 08:44:55.763  1669  1669 I Layer   : Layer::reparent [ActivityRecord{1a51021 u0 com.netflix.mediaclient/.ui.launch.UIWebViewActivity t180}#4948] End -------------------------
05-13 08:44:55.763  1669  1669 I Layer   : Layer::reparent [Transition Root: ActivityRecord{8573ba1 u0 com.netflix.mediaclient/o.cqo t180}#4970] newParentHandle : null -------------------------
05-13 08:44:55.763  1669  1669 I Layer   : id=4970 removeFromCurrentState Transition Root: ActivityRecord{8573ba1 u0 com.netflix.mediaclient/o.cqo t180}#4970 (146)
05-13 08:44:55.763  1669  1669 I Layer   : Layer::reparent [Transition Root: ActivityRecord{8573ba1 u0 com.netflix.mediaclient/o.cqo t180}#4970] End -------------------------
05-13 08:44:55.763  1669  1669 I Layer   : Layer::reparent [Transition Root: ActivityRecord{8573ba1 u0 com.netflix.mediaclient/o.cqo t180}#4970] newParentHandle : null -------------------------
05-13 08:44:55.763  1669  1669 I Layer   : id=4970 removeFromCurrentState Transition Root: ActivityRecord{8573ba1 u0 com.netflix.mediaclient/o.cqo t180}#4970 (146)
05-13 08:44:55.763  1669  1669 I Layer   : Layer::reparent [Transition Root: ActivityRecord{8573ba1 u0 com.netflix.mediaclient/o.cqo t180}#4970] End -------------------------
05-13 08:44:55.764  2377  7185 D InputDispatcher: Focus entered window (0): d040d74 com.netflix.mediaclient/o.cqo
05-13 08:44:55.765  1669  1669 D SurfaceFlinger:      DEVICE | 0xb400007d08ecd4a0 | 0102 | RGBA_8888    |    0.0    0.0 1080.0 2340.0 |    0    0 1080 2340 | com.netflix.mediaclient/o.cqo$_21513#4967
05-13 08:44:55.769  6813  3582 I [AirCmd]_ActivitySwitchDetector: onTaskStackChanged : componentName - ComponentInfo{com.netflix.mediaclient/o.cqo}
05-13 08:44:55.769  6813  3582 I [AirCmd]_ActivitySwitchDetector: onTaskStackChanged :top mTopMostActivity - ComponentInfo{com.netflix.mediaclient/com.netflix.mediaclient.ui.launch.UIWebViewActivity}
05-13 08:44:55.771  1669  3597 I SurfaceFlinger: id=4970 Removed Transition Root: ActivityRecord{8573ba1 u0 com.netflix.mediaclient/o.cqo t180}#4970 (145)
05-13 08:44:55.771  6813  3582 I [AirCmd]_AirActionOperator: hasGeneralAction : packageName is com.netflix.mediaclient, activityName is o.cqo, hasActions is false
05-13 08:44:55.771  6813  3582 I [AirCmd]_AirActionOperator: onSwitch : package is com.netflix.mediaclient   and activity is o.cqo and isBleConnected is false and hasActions is false
05-13 08:44:55.772  1669  1669 I Layer   : Layer::reparent [Splash Screen com.netflix.mediaclient$_3777#4950] newParentHandle : null -------------------------
05-13 08:44:55.772  1669  1669 I Layer   : id=4950 removeFromCurrentState Splash Screen com.netflix.mediaclient$_3777#4950 (145)
05-13 08:44:55.772  1669  1669 I Layer   : Layer::reparent [Splash Screen com.netflix.mediaclient$_3777#4950] End -------------------------
05-13 08:44:55.772  1669  1669 I Layer   : Layer::reparent [cf666a0 Splash Screen com.netflix.mediaclient#4949] newParentHandle : null ------------------------- 05-13 08:44:55.772  1669  1669 I Layer   : id=4949 removeFromCurrentState cf666a0 Splash Screen com.netflix.mediaclient#4949 (145)
05-13 08:44:55.772  1669  1669 I Layer   : Layer::reparent [cf666a0 Splash Screen com.netflix.mediaclient#4949] End -------------------------
05-13 08:44:55.772  1669  1669 I Layer   : Layer [com.netflix.mediaclient/com.netflix.mediaclient.ui.launch.UIWebViewActivity$_21513#4954] hidden!! flag(1)
05-13 08:44:55.772  1669  1669 I Layer   : id=4970 Destroyed Transition Root: ActivityRecord{8573ba1 u0 com.netflix.mediaclient/o.cqo t180}#4970
05-13 08:44:55.772  1669  1669 I SurfaceFlinger: id=4949 Removed cf666a0 Splash Screen com.netflix.mediaclient#4949 (144)
05-13 08:44:55.772  1669  1669 I SurfaceFlinger: id=4950 Removed Splash Screen com.netflix.mediaclient$_3777#4950 (144)
05-13 08:44:55.776 11724 11898 I SGPController: onForegoundAppChanged() cn=ComponentInfo{com.netflix.mediaclient/o.cqo}
05-13 08:44:55.780  1669  1669 I Layer   : id=4949 Destroyed cf666a0 Splash Screen com.netflix.mediaclient#4949
05-13 08:44:55.780  1669  1669 I Layer   : id=4950 Destroyed Splash Screen com.netflix.mediaclient$_3777#4950
05-13 08:44:55.781  2377  2595 D ScreenCurtainController: onForegroundActivitiesChanged: com.netflix.mediaclient
05-13 08:44:55.785 19592 21550 I SAMSUNGWALLET: [Hint_t3m] isHomePackageRunning topPkgName = com.netflix.mediaclient, topClsName = o.cqo, return false , se : false
05-13 08:44:55.790 21513 21513 D ViewRootImpl@3061e1b[UIWebViewActivity]: WindowStopped on com.netflix.mediaclient/com.netflix.mediaclient.ui.launch.UIWebViewActivity set to true
05-13 08:44:55.794  2377  7176 D CoreBackPreview: Window{14d99cb u0 com.netflix.mediaclient/com.netflix.mediaclient.ui.launch.UIWebViewActivity}: Setting back callback null
05-13 08:44:55.795  2377  5042 W InputManager-JNI: Input channel object '14d99cb com.netflix.mediaclient/com.netflix.mediaclient.ui.launch.UIWebViewActivity (client)' was disposed without first being removed with the input manager!
05-13 08:44:55.795  2377  5042 V WindowManager: Remove Window{14d99cb u0 com.netflix.mediaclient/com.netflix.mediaclient.ui.launch.UIWebViewActivity}: mSurfaceController=Surface(name=com.netflix.mediaclient/com.netflix.mediaclient.ui.launch.UIWebViewActivity$_21513)/@0x337394b mAnimatingExit=false mRemoveOnExit=false mHasSurface=true surfaceShowing=false animating=false app-animation=false mDisplayFrozen=false callers=com.android.server.wm.WindowManagerService.removeWindow:2166 com.android.server.wm.Session.remove:257 android.view.IWindowSession$Stub.onTransact:734 com.android.server.wm.Session.onTransact:204 android.os.Binder.execTransactInternal:1375 android.os.Binder.execTransact:1311
05-13 08:44:55.795  2377  5042 I WindowManager: Destroying surface Surface(name=com.netflix.mediaclient/com.netflix.mediaclient.ui.launch.UIWebViewActivity$_21513)/@0x337394b called by com.android.server.wm.WindowStateAnimator.destroySurface:799 com.android.server.wm.WindowStateAnimator.destroySurfaceLocked:472 com.android.server.wm.WindowState.removeImmediately:2911 com.android.server.wm.WindowState.removeIfPossible:3179 com.android.server.wm.WindowManagerService.removeWindow:2166 com.android.server.wm.Session.remove:257 android.view.IWindowSession$Stub.onTransact:734 com.android.server.wm.Session.onTransact:204
05-13 08:44:55.801  1669  3597 I SurfaceFlinger: id=4952 Removed d6b7a2b ActivityRecordInputSink com.netflix.mediaclient/.ui.launch.UIWebViewActivity#4952 (142) 05-13 08:44:55.802  2377  4007 I ImeTracker: com.netflix.mediaclient:b863852f: onRequestHide at ORIGIN_SERVER_HIDE_INPUT reason HIDE_UNSPECIFIED_WINDOW
05-13 08:44:55.802  2377  4007 I ImeTracker: com.netflix.mediaclient:b863852f: onCancelled at PHASE_SERVER_SHOULD_HIDE
05-13 08:44:55.805  1669  1669 I Layer   : Layer::reparent [com.netflix.mediaclient/com.netflix.mediaclient.ui.launch.UIWebViewActivity$_21513#4954] newParentHandle : null -------------------------
05-13 08:44:55.805  1669  1669 I Layer   : id=4954 removeFromCurrentState com.netflix.mediaclient/com.netflix.mediaclient.ui.launch.UIWebViewActivity$_21513#4954 (142)
05-13 08:44:55.805  1669  1669 I Layer   : Layer::reparent [com.netflix.mediaclient/com.netflix.mediaclient.ui.launch.UIWebViewActivity$_21513#4954] End -------------------------
05-13 08:44:55.805  1669  1669 I Layer   : Layer::reparent [14d99cb com.netflix.mediaclient/com.netflix.mediaclient.ui.launch.UIWebViewActivity#4953] newParentHandle : null -------------------------
05-13 08:44:55.805  1669  1669 I Layer   : id=4953 removeFromCurrentState 14d99cb com.netflix.mediaclient/com.netflix.mediaclient.ui.launch.UIWebViewActivity#4953 (142)
05-13 08:44:55.805  1669  1669 I Layer   : Layer::reparent [14d99cb com.netflix.mediaclient/com.netflix.mediaclient.ui.launch.UIWebViewActivity#4953] End -------------------------
05-13 08:44:55.805  1669  1669 I SurfaceFlinger: id=4953 Removed 14d99cb com.netflix.mediaclient/com.netflix.mediaclient.ui.launch.UIWebViewActivity#4953 (142)
05-13 08:44:55.805  1669  1669 I SurfaceFlinger: id=4954 Removed com.netflix.mediaclient/com.netflix.mediaclient.ui.launch.UIWebViewActivity$_21513#4954 (142)
05-13 08:44:55.808  2377  7198 D InsetsSourceProvider: updateControlForTarget: control=InsetsSourceControl: {3 mType=ime mSurfacePosition=Point(0, 76) mInsetsHint=Insets{left=0, top=0, right=0, bottom=1067}}, target=Window{d040d74 u0 com.netflix.mediaclient/o.cqo}, from=com.android.server.wm.ImeInsetsSourceProvider.updateControlForTarget:164 com.android.server.wm.InsetsStateController.onControlTargetChanged:358 com.android.server.wm.InsetsStateController.onImeControlTargetChanged:302 com.android.server.wm.DisplayContent.updateImeControlTarget:5713 com.android.server.wm.DisplayContent.updateImeInputAndControlTarget:5673
05-13 08:44:55.809 21513 21513 I InsetsSourceConsumer: applyRequestedVisibilityToControl: visible=false, type=ime, host=com.netflix.mediaclient/o.cqo
05-13 08:44:55.813  1669  1669 I Layer   : Layer::reparent [ActivityRecord{1a51021 u0 com.netflix.mediaclient/.ui.launch.UIWebViewActivity t180}#4948] newParentHandle : null -------------------------
05-13 08:44:55.813  1669  1669 I Layer   : id=4948 removeFromCurrentState ActivityRecord{1a51021 u0 com.netflix.mediaclient/.ui.launch.UIWebViewActivity t180}#4948 (143)
05-13 08:44:55.813  1669  1669 I Layer   : id=4952 removeFromCurrentState d6b7a2b ActivityRecordInputSink com.netflix.mediaclient/.ui.launch.UIWebViewActivity#4952 (143)
05-13 08:44:55.813  1669  1669 I Layer   : Layer::reparent [ActivityRecord{1a51021 u0 com.netflix.mediaclient/.ui.launch.UIWebViewActivity t180}#4948] End -------------------------
05-13 08:44:55.813  1669  1669 I Layer   : Layer::reparent [ImeContainer#17] newParent : ActivityRecord{8573ba1 u0 com.netflix.mediaclient/o.cqo t180}#4960 , isRemovedFromCurrentState : 0 -------------------------
05-13 08:44:55.814  1669  1669 I Layer   : id=4954 Destroyed com.netflix.mediaclient/com.netflix.mediaclient.ui.launch.UIWebViewActivity$_21513#4954
05-13 08:44:55.814  1669  1669 I Layer   : id=4953 Destroyed 14d99cb com.netflix.mediaclient/com.netflix.mediaclient.ui.launch.UIWebViewActivity#4953
05-13 08:44:55.912  2377  3432 D MdnieScenarioControlService:  packageName : com.netflix.mediaclient    className : o.cqo
05-13 08:44:56.309  2377  2597 D SGM:GameManager: identifyForegroundApp. com.netflix.mediaclient, mCurrentUserId: 0, callerUserId: 0
05-13 08:44:56.309  2377  2597 D SGM:PkgDataHelper: getGamePkgData(). com.netflix.mediaclient
05-13 08:44:56.312 21513 21513 I InsetsController: onStateChanged: host=com.netflix.mediaclient/o.cqo, from=android.view.ViewRootImpl$ViewRootHandler.handleMessageImpl:7194, state=InsetsState: {mDisplayFrame=Rect(0, 0 - 1080, 2340), mDisplayCutout=DisplayCutout{insets=Rect(0, 76 - 0, 0) waterfall=Insets{left=0, top=0, right=0, bottom=0} boundingRect={Bounds=[Rect(0, 0 - 0, 0), Rect(515, 0 - 565, 76), Rect(0, 0 - 0, 0), Rect(0, 0 - 0, 0)]} cutoutPathParserInfo={CutoutPathParserInfo{displayWidth=1080 displayHeight=2340 physicalDisplayWidth=1080 physicalDisplayHeight=2340 density={2.8125} cutoutSpec={M 0,0 H -8.933333333333333 V 26.93333333333333 H 8.933333333333333 V 0 H 0 Z @dp} rotation={0} scale={1.0} physicalPixelDisplaySizeRatio={1.0}}}}, mRoundedCorners=RoundedCorners{[RoundedCorner{position=TopLeft, radius=4, center=Point(4, 4)}, RoundedCorner{position=TopRight, radius=4, center=Point(1076, 4)}, RoundedCorner{position=BottomRight, radius=4, center=Point(1076, 2336)}, RoundedCorner{position=BottomLeft, radius=4, center=Point(4, 2336)}]}  mRoundedCornerFrame=Rect(0, 0 - 1080, 2340), mPrivacyIndicatorBounds=PrivacyIndicatorBounds {static bounds=Rect(964, 0 - 1080, 76) rotation=0}, mDisplayShape=DisplayShape{ spec=-1951251426 displayWidth=1440 displayHeight=3120 physicalPixelDisplaySizeRatio=1.0 rotation=0 offsetX=0 offsetY=0 scale=1.0}, mSources= { InsetsSource: {b0820000 mType=statusBars mFrame=[0,0][1080,76] mVisible=true mFlags=[]}, InsetsSource: {b0820005 mType=mandatorySystemGestures mFrame=[0,0][1080,108] mVisible=true mFlags=[]}, InsetsSource: {b0820006 mType=tappableElement mFrame=[0,0][1080,76] mVisible=true mFlags=[]}, InsetsSource: {d8e10001 mType=navigationBars mFrame=[0,2214][1080,2340] mVisible=true mFlags=[]}, InsetsSource: {d8e10004 mType=systemGestures mFrame=[0,0][0,0] mVisible=true mFlags=[]}, InsetsSource: {d8e10005 mType=mandatorySystemGestures mFrame=[0,2214][1080,2340] mVisible=true mFlags=[]}, InsetsSource: {d8e10006 mType=tappableElement mFrame=[0,2214][1080,2340] mVisible=true mFlags=[]}, InsetsSource: {d8e10024 mType=systemGestures mFrame=[0,0][0,0] mVisible=true mFlags=[]}, InsetsSource: {3 mType=ime mFrame=[0,0][0,0] mVisible=false mFlags=[]}, InsetsSource: {27 mType=displayCutout mFrame=[0,0][1080,76] mVisible=true mFlags=[]} }
05-13 08:44:59.372  1669  1669 D SurfaceFlinger:      DEVICE | 0xb400007d08eea8a0 | 0102 | RGBA_8888    |    0.0    0.0 1080.0 2340.0 |    0    0 1080 2340 | com.netflix.mediaclient/o.cqo$_21513#4967
05-13 08:44:59.548 11724 11724 I SGPController: performSwipeAction() pos=left, handleIndex=0, type=DIAGONAL_UP_SWIPE, action=group_control_panel, pkg=com.netflix.mediaclient
05-13 08:44:59.632  1669  1669 D SurfaceFlinger:      CLIENT | 0xb400007d08eea8a0 | 0102 | RGBA_8888    |    0.0    0.0 1080.0 2340.0 |    0    0 1080 2340 | com.netflix.mediaclient/o.cqo$_21513#4967
05-13 08:44:59.905  1669  1669 D SurfaceFlinger:      CLIENT | 0xb400007d08eea8a0 | 0102 | RGBA_8888    |    0.0    0.0 1080.0 2340.0 |    0    0 1080 2340 | com.netflix.mediaclient/o.cqo$_21513#4967
05-13 08:45:01.552  1669  1669 D SurfaceFlinger:      CLIENT | 0xb400007d08eea8a0 | 0102 | RGBA_8888    |    0.0    0.0 1080.0 2340.0 |    0    0 1080 2340 | com.netflix.mediaclient/o.cqo$_21513#4967
05-13 08:45:01.779  2377  2377 D SemApeController: updateAppState: type=0x10 (true) uid=10312 com.netflix.mediaclient (before=0x00 after=0x10) size=1, foreground uid=10312 com.netflix.mediaclient
05-13 08:45:01.782  2377  2377 D SGM:GameManager: identifyGamePackage. com.netflix.mediaclient, mCurrentUserId: 0, callerUserId: 0, callingMethodInfo: com.samsung.android.game.SemGameManager.isGamePackage(SemGameManager.java:109)
05-13 08:45:01.782  2377  2377 D SGM:PkgDataHelper: getGamePkgData(). com.netflix.mediaclient
05-13 08:45:01.782  2377  2377 D SGM:SemGameManager: isGamePackage(), pkgName=com.netflix.mediaclient, ret=false
05-13 08:45:01.782  2377  2377 I SemApeController: Ignore non gaming app: uid=10312 com.netflix.mediaclient
05-13 08:45:01.783  2377  2377 I SemApeController: (v2.0.5) APE_INFO: msg_type=REALTIME_APP_INFO Enable(1) type=0x10 uid=10312 com.netflix.mediaclient
05-13 08:45:02.212  2377  2597 I ChimeraSystemEventListener: appLaunchIntent package name is: com.netflix.mediaclient
05-13 08:45:02.214  2377  5042 V WindowManager: Collecting in transition 284: ActivityRecord{13bd2dd u0 com.netflix.mediaclient/.ui.player.PlayerActivity, caller=com.android.server.wm.TransitionController.collect:898 com.android.server.wm.ActivityStarter.startActivityUnchecked:2376 com.android.server.wm.ActivityStarter.executeRequest:1953 com.android.server.wm.ActivityStarter.execute:1093 com.android.server.wm.ActivityTaskManagerService.startActivityAsUser:1980
05-13 08:45:02.214  2377  5042 D ActivityTaskManager: TaskLaunchParamsModifier:task=null activity=ActivityRecord{13bd2dd u0 com.netflix.mediaclient/.ui.player.PlayerActivity t-1} display-area-from-source=DefaultTaskDisplayArea_d0@218423179 display-id=0 task-display-area-windowing-mode=1 suggested-display-area=DefaultTaskDisplayArea_d0@218423179
05-13 08:45:02.214  2377  5042 D ActivityTaskManager: TaskLaunchParamsModifier:task=Task{8b81c46 #180 type=standard A=10312:com.netflix.mediaclient} activity=ActivityRecord{13bd2dd u0 com.netflix.mediaclient/.ui.player.PlayerActivity t-1} display-area-from-source=DefaultTaskDisplayArea_d0@218423179 display-id=0 task-display-area-windowing-mode=1 suggested-display-area=DefaultTaskDisplayArea_d0@218423179 inherit-from-source=fullscreen non-freeform-task-display-area display-area=DefaultTaskDisplayArea_d0@218423179 activity-requested-portrait freeform-size-mismatch=Rect(81, 560 - 999, 1730)
05-13 08:45:02.216  1669  1760 I SurfaceFlinger: id=4978 createSurf, flag=84004, ActivityRecord{13bd2dd u0 com.netflix.mediaclient/.ui.player.PlayerActivity t180}#4978
05-13 08:45:02.218  2377  5042 D ActivityTaskManager: scheduleTopResumedActivityChanged, onTop=false, r=ActivityRecord{8573ba1 u0 com.netflix.mediaclient/o.cqo t180}, caller=com.android.server.wm.ActivityTaskSupervisor.updateTopResumedActivityIfNeeded:2818 com.android.server.wm.TaskFragment.setResumedActivity:574 com.android.server.wm.TaskFragment.onActivityStateChanged:883 com.android.server.wm.ActivityRecord.setState:6782 com.android.server.wm.TaskFragment.startPausing:1985 com.android.server.wm.TaskFragment.startPausing:1929
05-13 08:45:02.219  2377  5042 V WindowManager: Collecting in transition 284: ActivityRecord{13bd2dd u0 com.netflix.mediaclient/.ui.player.PlayerActivity t180}, caller=com.android.server.wm.Transition.collectExistenceChange:921 com.android.server.wm.TransitionController.collectExistenceChange:940 com.android.server.wm.ActivityStarter.handleStartResult:2558 com.android.server.wm.ActivityStarter.startActivityUnchecked:2384 com.android.server.wm.ActivityStarter.executeRequest:1953

05-13 08:45:02.220  2377  5042 I ActivityTaskManager: START u0 {flg=0x10020000 cmp=com.netflix.mediaclient/.ui.player.PlayerActivity (has extras)} with LAUNCH_SINGLE_TASK from uid 10312 (BAL_ALLOW_VISIBLE_WINDOW) result code=0
05-13 08:45:02.220  3777  3902 V WindowManagerShell: Transition requested: android.os.BinderProxy@a2efde5 TransitionRequestInfo { type = OPEN, triggerTask = TaskInfo{userId=0 taskId=180 displayId=0 isRunning=true baseIntent=Intent { act=android.intent.action.MAIN cat=[android.intent.category.LAUNCHER] flg=0x10200000 cmp=com.netflix.mediaclient/.ui.launch.UIWebViewActivity } baseActivity=ComponentInfo{com.netflix.mediaclient/o.cqo} topActivity=ComponentInfo{com.netflix.mediaclient/com.netflix.mediaclient.ui.player.PlayerActivity} origActivity=null realActivity=ComponentInfo{com.netflix.mediaclient/com.netflix.mediaclient.ui.launch.UIWebViewActivity} numActivities=2 lastActiveTime=63241154 supportsMultiWindow=false resizeMode=0 isResizeable=false minWidth=-1 minHeight=-1 maxWidth=-1 maxHeight=-1 defaultMinSize=220 token=WCT{android.window.IWindowContainerToken$Stub$Proxy@b7c10ba} topActivityType=1 pictureInPictureParams=null shouldDockBigOverlays=false launchIntoPipHostTaskId=-1 lastParentTaskIdBeforePip=-1 displayCutoutSafeInsets=null topActivityInfo=ActivityInfo{ac7fb6b com.netflix.mediaclient.ui.player.PlayerActivity} launchCookies=[] positionInParent=Point(0, 0) parentTaskId=-1 isFocused=true isVisible=true isVisibleRequested=true isSleeping=false topActivityInSizeCompat=false topActivityEligibleForLetterboxEducation= false topActivityLetterboxed= false isFromDoubleTap= false topActivityLetterboxVerticalPosition= -1 topActivityLetterboxHorizontalPosition= -1 topActivityLetterboxWidth=-1 topActivityLetterboxHeight=-1 locusId=null displayAreaFeatureId=1 cameraCompatControlState=hidden originallySupportedMultiWindow=false hasWallpaper=false topActivityInFixedAspectRatio=false rootAffinity=10312:com.netflix.mediaclient topActivityInDisplayCompat=false topActivityInBoundsCompat=false topActivityBounds=null singleTapFromLetterbox=false isTopTaskInStage=false topActivityUiMode=17 CoverLauncherWidgetTask=false CoverScreenTask=false isAllowedSeamlessRotation=false}, remoteTransition = null, displayChange = null }
05-13 08:45:02.223  2377  4007 V WindowManager: Collecting in transition 284: ActivityRecord{13bd2dd u0 com.netflix.mediaclient/.ui.player.PlayerActivity t180}, caller=com.android.server.wm.TransitionController.collect:898 com.android.server.wm.ActivityRecord.setVisibility:6319 com.android.server.wm.ActivityRecord.setVisibility:6271 com.android.server.wm.ActivityRecord.makeVisibleIfNeeded:7073 com.android.server.wm.EnsureActivitiesVisibleHelper.setActivityVisibilityState:282
05-13 08:45:02.223  2377  4007 V WindowManager: Collecting in transition 284: ActivityRecord{8573ba1 u0 com.netflix.mediaclient/o.cqo t180}, caller=com.android.server.wm.TransitionController.collect:898 com.android.server.wm.ActivityRecord.setVisibility:6319 com.android.server.wm.ActivityRecord.setVisibility:6271 com.android.server.wm.ActivityRecord.makeInvisible:7108 com.android.server.wm.EnsureActivitiesVisibleHelper.setActivityVisibilityState:294
05-13 08:45:02.223  2377  4007 D WindowManager: prepareSync <SYNC_STATE_WAITING_FOR_DRAW>, mPrepareSyncSeqId=0, win=Window{d040d74 u0 com.netflix.mediaclient/o.cqo}
05-13 08:45:02.223  2377  4007 D WindowManager: VisibleRequested updated, r=ActivityRecord{8573ba1 u0 com.netflix.mediaclient/o.cqo t180}
05-13 08:45:02.224  2377  4007 D WindowManager: rotationForOrientation, orientationSource=ActivityRecord{13bd2dd u0 com.netflix.mediaclient/.ui.player.PlayerActivity t180}
05-13 08:45:02.224  2377  4007 D ActivityTaskManager: applyFixedRotationTransform, r=ActivityRecord{13bd2dd u0 com.netflix.mediaclient/.ui.player.PlayerActivity t180}, caller=com.android.server.wm.DisplayContent.startFixedRotationTransform:2535 com.android.server.wm.DisplayContent.setFixedRotationLaunchingApp:2471 com.android.server.wm.DisplayContent.handleTopActivityLaunchingInDifferentOrientation:2369 com.android.server.wm.DisplayContent.updateOrientation:2167 com.android.server.wm.DisplayContent.updateOrientation:2099
05-13 08:45:02.234  2377  4007 D WindowManager: setFixedRotationLaunchingAppUnchecked, rotation=1, r=ActivityRecord{13bd2dd u0 com.netflix.mediaclient/.ui.player.PlayerActivity t180}, caller=com.android.server.wm.DisplayContent.setFixedRotationLaunchingApp:2473 com.android.server.wm.DisplayContent.handleTopActivityLaunchingInDifferentOrientation:2369 com.android.server.wm.DisplayContent.updateOrientation:2167 com.android.server.wm.DisplayContent.updateOrientation:2099 com.android.server.wm.RootWindowContainer.ensureVisibilityAndConfig:2084
05-13 08:45:02.234  2377  4007 V WindowManager: Collecting in transition 284: ActivityRecord{13bd2dd u0 com.netflix.mediaclient/.ui.player.PlayerActivity t180}, caller=com.android.server.wm.TransitionController.collect:898 com.android.server.wm.ActivityRecord.setVisibility:6319 com.android.server.wm.ActivityRecord.setVisibility:6271 com.android.server.wm.ActivityTaskSupervisor.realStartActivityLocked:941 com.android.server.wm.ActivityTaskSupervisor.startSpecificActivity:1267
05-13 08:45:02.234  2377  4007 D SGM:PkgDataHelper: notifyAppCreate(), pkgName: com.netflix.mediaclient, userId: 0, sendRet: true
05-13 08:45:02.235  2377  3295 D SGM:FgCheckThread: onLooperPrepared(), msg: MSG_APP_CREATE, pkgName: com.netflix.mediaclient, userId: 0
05-13 08:45:02.235  2377  4007 D InputDispatcher: Focused application(0): ActivityRecord{13bd2dd u0 com.netflix.mediaclient/.ui.player.PlayerActivity t180}
05-13 08:45:02.235  2377  4007 V WindowManager: Changing focus from Window{d040d74 u0 com.netflix.mediaclient/o.cqo} to null displayId=0 Callers=com.android.server.wm.RootWindowContainer.updateFocusedWindowLocked:576 com.android.server.wm.WindowManagerService.updateFocusedWindowLocked:6883 com.android.server.wm.ActivityTaskManagerService.setLastResumedActivityUncheckLocked:6114 com.android.server.wm.ActivityTaskSupervisor.updateTopResumedActivityIfNeeded:2839
05-13 08:45:02.235  2377  4007 D ActivityTaskManager: scheduleTopResumedActivityChanged, onTop=true, r=ActivityRecord{13bd2dd u0 com.netflix.mediaclient/.ui.player.PlayerActivity t180}, caller=com.android.server.wm.ActivityTaskSupervisor.scheduleTopResumedActivityStateIfNeeded:2849 com.android.server.wm.ActivityTaskSupervisor.updateTopResumedActivityIfNeeded:2841 com.android.server.wm.TaskFragment.setResumedActivity:574 com.android.server.wm.TaskFragment.onActivityStateChanged:898 com.android.server.wm.ActivityRecord.setState:6782 com.android.server.wm.Task.minimalResumeActivityLocked:6116
05-13 08:45:02.236  2377  4007 V WindowManager: Collecting in transition 284: ActivityRecord{13bd2dd u0 com.netflix.mediaclient/.ui.player.PlayerActivity t180}, caller=com.android.server.wm.TransitionController.collect:898 com.android.server.wm.ActivityRecord.setVisibility:6319 com.android.server.wm.ActivityRecord.setVisibility:6271 com.android.server.wm.ActivityRecord.completeResumeLocked:7366 com.android.server.wm.Task.minimalResumeActivityLocked:6117
05-13 08:45:02.236  2377  4007 D WindowManagerServiceExt: notifyOccludeChangeNotice: cn=ComponentInfo{com.netflix.mediaclient/com.netflix.mediaclient.ui.player.PlayerActivity} occludesParent=true isInSplitScreenMode=false styleFloating=false caller=com.android.server.wm.ActivityRecord.completeResumeLocked:7423 com.android.server.wm.Task.minimalResumeActivityLocked:6117 com.android.server.wm.ActivityTaskSupervisor.realStartActivityLocked:1158 com.android.server.wm.ActivityTaskSupervisor.startSpecificActivity:1267 com.android.server.wm.TaskFragment.resumeTopActivity:1866
05-13 08:45:02.237  2377  4007 D WindowManager: SyncGroup 284:  Unfinished container: ActivityRecord{13bd2dd u0 com.netflix.mediaclient/.ui.player.PlayerActivity t180} mSyncState=2
05-13 08:45:02.237  2377  2597 D SGM:FgCheckThread: notePauseComponent(), received pkgName: com.netflix.mediaclient, userId: 0
05-13 08:45:02.240  4156  4156 I Edge.ActivityUtils: HomePackage : com.sec.android.app.launcher, resumePackageName : com.netflix.mediaclient
05-13 08:45:02.241  2377  6853 D SGM:GameManager: identifyGamePackage. com.netflix.mediaclient, mCurrentUserId: 0, callerUserId: 0, callingMethodInfo: com.samsung.android.game.IGameManagerService$Stub.onTransact(IGameManagerService.java:233)
05-13 08:45:02.241  2377  6853 D SGM:PkgDataHelper: getGamePkgData(). com.netflix.mediaclient
05-13 08:45:02.242  2377  2597 D SGM:FgCheckThread: noteResumeComponent(), received pkgName: com.netflix.mediaclient, userId: 0
05-13 08:45:02.242  2377  2597 I GameSDK@LifeCycle: noteResumeComponent(): package name  : com.netflix.mediaclient
05-13 08:45:02.242  2377  3295 D SGM:FgCheckThread: onLooperPrepared(), msg: MSG_APP_RESUME, pkgName: com.netflix.mediaclient, userid: 0
05-13 08:45:02.247  2377  4007 D InputDispatcher: Focus left window (0): d040d74 com.netflix.mediaclient/o.cqo
05-13 08:45:02.339  6813  3582 I [AirCmd]_ActivitySwitchDetector: onTaskStackChanged : componentName - ComponentInfo{com.netflix.mediaclient/com.netflix.mediaclient.ui.player.PlayerActivity}
05-13 08:45:02.339  6813  3582 I [AirCmd]_ActivitySwitchDetector: onTaskStackChanged :top mTopMostActivity - ComponentInfo{com.netflix.mediaclient/o.cqo}
05-13 08:45:02.339  6813  3582 I [AirCmd]_AirActionOperator: hasGeneralAction : packageName is com.netflix.mediaclient, activityName is com.netflix.mediaclient.ui.player.PlayerActivity, hasActions is false
05-13 08:45:02.340  6813  3582 I [AirCmd]_AirActionOperator: onSwitch : package is com.netflix.mediaclient   and activity is com.netflix.mediaclient.ui.player.PlayerActivity and isBleConnected is false and hasActions is false
05-13 08:45:02.345 21513 21513 I InsetsController: setRequestedVisibleTypes: visible=false, mask=statusBars navigationBars, host=com.netflix.mediaclient/com.netflix.mediaclient.ui.player.PlayerActivity, from=android.view.InsetsController.controlAnimationUnchecked:1444 android.view.InsetsController.applyAnimation:2004 android.view.InsetsController.applyAnimation:1967 android.view.InsetsController.hide:1402 android.view.InsetsController.hide:1341 android.view.ViewRootImpl.controlInsetsForCompatibility:3516 android.view.ViewRootImpl.setView:1707 android.view.WindowManagerGlobal.addView:569 android.view.WindowManagerImpl.addView:150 android.app.ActivityThread.handleResumeActivity:5560
05-13 08:45:02.347  2377  4007 D WindowManager: prepareSync <SYNC_STATE_WAITING_FOR_DRAW>, mPrepareSyncSeqId=0, win=Window{c9dc567 u0 com.netflix.mediaclient/com.netflix.mediaclient.ui.player.PlayerActivity}
05-13 08:45:02.347  1669  1761 I SurfaceFlinger: id=4983 createSurf, flag=84004, c9dc567 com.netflix.mediaclient/com.netflix.mediaclient.ui.player.PlayerActivity#4983
05-13 08:45:02.348 21513 21513 I InsetsController: onStateChanged: host=com.netflix.mediaclient/com.netflix.mediaclient.ui.player.PlayerActivity, from=android.view.ViewRootImpl.setView:1751, state=InsetsState: {mDisplayFrame=Rect(0, 0 - 2340, 1080), mDisplayCutout=DisplayCutout{insets=Rect(76, 0 - 0, 0) waterfall=Insets{left=0, top=0, right=0, bottom=0} boundingRect={Bounds=[Rect(0, 515 - 76, 565), Rect(0, 0 - 0, 0), Rect(0, 0 - 0, 0), Rect(0, 0 - 0, 0)]} cutoutPathParserInfo={CutoutPathParserInfo{displayWidth=1080 displayHeight=2340 physicalDisplayWidth=1080 physicalDisplayHeight=2340 density={2.8125} cutoutSpec={M 0,0 H -8.933333333333333 V 26.93333333333333 H 8.933333333333333 V 0 H 0 Z @dp} rotation={1} scale={1.0} physicalPixelDisplaySizeRatio={1.0}}}}, mRoundedCorners=RoundedCorners{[RoundedCorner{position=TopLeft, radius=4, center=Point(4, 4)}, RoundedCorner{position=TopRight, radius=4, center=Point(2336, 4)}, RoundedCorner{position=BottomRight, radius=4, center=Point(2336, 1076)}, RoundedCorner{position=BottomLeft, radius=4, center=Point(4, 1076)}]}  mRoundedCornerFrame=Rect(0, 0 - 1080, 2340), mPrivacyIndicatorBounds=PrivacyIndicatorBounds {static bounds=Rect(2224, 0 - 2340, 63) rotation=1}, mDisplayShape=DisplayShape{ spec=-1951251426 displayWidth=1440 displayHeight=3120 physicalPixelDisplaySizeRatio=1.0 rotation=1 offsetX=0 offsetY=0 scale=1.0}, mSources= { InsetsSource: {b0820000 mType=statusBars mFrame=[0,0][2340,63] mVisible=true mFlags=[]}, InsetsSource: {b0820005 mType=mandatorySystemGestures mFrame=[0,0][2340,63] mVisible=true mFlags=[]}, InsetsSource: {b0820006 mType=tappableElement mFrame=[0,0][2340,63] mVisible=true mFlags=[]}, InsetsSource: {d8e10001 mType=navigationBars mFrame=[2214,0][2340,1080] mVisible=true mFlags=[]}, InsetsSource: {d8e10004 mType=systemGestures mFrame=[0,0][0,0] mVisible=true mFlags=[]}, InsetsSource: {d8e10005 mType=mandatorySystemGestures mFrame=[2214,0][2340,1080] mVisible=true mFlags=[]}, InsetsSource: {d8e10006 mType=tappableElement mFrame=[2214,0][2340,1080] mVisible=true mFlags=[]}, InsetsSource: {d8e10024 mType=systemGestures mFrame=[0,0][0,0] mVisible=true mFlags=[]}, InsetsSource: {7 mType=displayCutout mFrame=[0,0][76,1080] mVisible=true mFlags=[]} }
05-13 08:45:02.371  2377  4007 D CoreBackPreview: Window{c9dc567 u0 com.netflix.mediaclient/com.netflix.mediaclient.ui.player.PlayerActivity}: Setting back callback OnBackInvokedCallbackInfo{mCallback=android.window.IOnBackInvokedCallback$Stub$Proxy@4375103, mPriority=0, mIsAnimationCallback=false}
05-13 08:45:02.375  2377  4007 V WindowManager: Relayout Window{c9dc567 u0 com.netflix.mediaclient/com.netflix.mediaclient.ui.player.PlayerActivity}: viewVisibility=0 req=2264x1080 ty=1 d0
05-13 08:45:02.376  1669  1760 I SurfaceFlinger: id=4984 createSurf, flag=44004, com.netflix.mediaclient/com.netflix.mediaclient.ui.player.PlayerActivity$_21513#4984
05-13 08:45:02.377  2377  4007 D WindowManager: makeSurface duration=1 name=com.netflix.mediaclient/com.netflix.mediaclient.ui.player.PlayerActivity$_21513
05-13 08:45:02.378  2377  4007 D WindowManager: SyncGroup 284:  Unfinished container: ActivityRecord{13bd2dd u0 com.netflix.mediaclient/.ui.player.PlayerActivity t180} mSyncState=2
05-13 08:45:02.379  2377  4007 V WindowManager: Changing focus from null to Window{c9dc567 u0 com.netflix.mediaclient/com.netflix.mediaclient.ui.player.PlayerActivity} displayId=0 Callers=com.android.server.wm.RootWindowContainer.updateFocusedWindowLocked:576 com.android.server.wm.WindowManagerService.updateFocusedWindowLocked:6883 com.android.server.wm.WindowManagerService.relayoutWindow:2773 com.android.server.wm.Session.relayout:282
05-13 08:45:02.379  2377  4007 D WindowManager: updateSystemBarAttributes: displayId=0, win=Window{c9dc567 u0 com.netflix.mediaclient/com.netflix.mediaclient.ui.player.PlayerActivity}, navColorWin=Window{d040d74 u0 com.netflix.mediaclient/o.cqo}, focusedCanBeNavColorWin=false, behavior=2, appearance=0, statusBarAppearanceRegions=[AppearanceRegion{ bounds=[0,0][1080,2340]}], requestedVisibilities=-12, from=com.android.server.wm.DisplayPolicy.focusChangedLw:2940 com.android.server.wm.DisplayContent.updateFocusedWindowLocked:4880 com.android.server.wm.RootWindowContainer.updateFocusedWindowLocked:576
05-13 08:45:02.389  1669  1669 D SurfaceFlinger:      DEVICE | 0xb400007d08ee2d70 | 0102 | RGBA_8888    |    0.0    0.0 1080.0 2340.0 |    0    0 1080 2340 | com.netflix.mediaclient/o.cqo$_21513#4967
05-13 08:45:02.394  2377  4007 D WindowManager: finishDrawingWindow: Window{c9dc567 u0 com.netflix.mediaclient/com.netflix.mediaclient.ui.player.PlayerActivity} mDrawState=DRAW_PENDING seqId=0
05-13 08:45:02.396  2377  2598 V WindowManager: performShowLocked: mDrawState=HAS_DRAWN in Window{c9dc567 u0 com.netflix.mediaclient/com.netflix.mediaclient.ui.player.PlayerActivity}
05-13 08:45:02.396  2377  2598 V WindowManager: Start calculating TransitionInfo based on participants: {ActivityRecord{13bd2dd u0 com.netflix.mediaclient/.ui.player.PlayerActivity t180}, ActivityRecord{8573ba1 u0 com.netflix.mediaclient/o.cqo t180}}
05-13 08:45:02.396  2377  2598 V WindowManager:   Final targets: [ActivityRecord{13bd2dd u0 com.netflix.mediaclient/.ui.player.PlayerActivity t180}, ActivityRecord{8573ba1 u0 com.netflix.mediaclient/o.cqo t180}]
05-13 08:45:02.396  1669  2869 I SurfaceFlinger: id=4985 createSurf, flag=84004, Transition Root: ActivityRecord{13bd2dd u0 com.netflix.mediaclient/.ui.player.PlayerActivity t180}#4985
05-13 08:45:02.397  1669  3597 I SurfaceFlinger: id=4986 createSurf, flag=84000, Surface(name=ActivityRecord{13bd2dd u0 com.netflix.mediaclient/.ui.player.PlayerActivity t180})/@0x467dd7b - rotation-leash#4986
05-13 08:45:02.397  2377  2598 I SurfaceControl: show, t=StartTransaction_SyncId<284>, sc=Surface(name=ActivityRecord{13bd2dd u0 com.netflix.mediaclient/.ui.player.PlayerActivity t180})/@0x467dd7b, caller=com.android.server.wm.Transition.onTransactionReady:1962 com.android.server.wm.BLASTSyncEngine$SyncGroup.finishNow:310 com.android.server.wm.BLASTSyncEngine$SyncGroup.tryFinish:242 com.android.server.wm.BLASTSyncEngine$SyncGroup.-$$Nest$mtryFinish:0 com.android.server.wm.BLASTSyncEngine.onSurfacePlacement:670 com.android.server.wm.RootWindowContainer.performSurfacePlacementNoTrace:988
05-13 08:45:02.398  2377  2598 V WindowManager: Calling onTransitionReady: {id=284 t=OPEN f=0x0 trk=0 r=[0@Point(0, 0)] c=[{null m=OPEN f=IS_ACTIVITY leash=Surface(name=Surface(name=ActivityRecord{13bd2dd u0 com.netflix.mediaclient/.ui.player.PlayerActivity t180})/@0x467dd7b - rotation-leash)/@0xdd6f798 sb=Rect(0, 0 - 0, 0) eb=Rect(0, 0 - 1080, 2340) d=-1->0 r=-1->0:-1 dim=true inset=Rect(0, 0 - 0, 0)},{null m=TO_BACK f=FILLS_TASK|IS_ACTIVITY leash=Surface(name=ActivityRecord{8573ba1 u0 com.netflix.mediaclient/o.cqo t180})/@0xc02c35b sb=Rect(0, 0 - 1080, 2340) eb=Rect(0, 0 - 1080, 2340) d=0 inset=Rect(0, 0 - 0, 0)}]}
05-13 08:45:02.398  2377  5042 D InputDispatcher: Focus request (0): c9dc567 com.netflix.mediaclient/com.netflix.mediaclient.ui.player.PlayerActivity but waiting because NO_WINDOW
05-13 08:45:02.398  2377  2594 I ActivityTaskManager: Displayed com.netflix.mediaclient/.ui.player.PlayerActivity for user 0: +182ms
05-13 08:45:02.399  2377  2594 I Pageboost: Launch time gathered : pid 21513 com.netflix.mediaclient 182
05-13 08:45:02.399  3777  3902 V WindowManagerShell: onTransitionReady android.os.BinderProxy@a2efde5: {id=284 t=OPEN f=0x0 trk=0 r=[0@Point(0, 0)] c=[{null m=OPEN f=IS_ACTIVITY leash=Surface(name=Surface(name=ActivityRecord{13bd2dd u0 com.netflix.mediaclient/.ui.player.PlayerActivity t180})/@0x467dd7b - rotation-leash)/@0x582d6c8 sb=Rect(0, 0 - 0, 0) eb=Rect(0, 0 - 1080, 2340) d=-1->0 r=-1->0:-1 dim=true inset=Rect(0, 0 - 0, 0)},{null m=TO_BACK f=FILLS_TASK|IS_ACTIVITY leash=Surface(name=ActivityRecord{8573ba1 u0 com.netflix.mediaclient/o.cqo t180})/@0xcd69361 sb=Rect(0, 0 - 1080, 2340) eb=Rect(0, 0 - 1080, 2340) d=0 inset=Rect(0, 0 - 0, 0)}]}
05-13 08:45:02.399  2377  2594 V WindowManager: Sent Transition #284 createdAt=05-13 08:45:02.213 via request=TransitionRequestInfo { type = OPEN, triggerTask = TaskInfo{userId=0 taskId=180 displayId=0 isRunning=true baseIntent=Intent { act=android.intent.action.MAIN cat=[android.intent.category.LAUNCHER] flg=0x10200000 cmp=com.netflix.mediaclient/.ui.launch.UIWebViewActivity } baseActivity=ComponentInfo{com.netflix.mediaclient/o.cqo} topActivity=ComponentInfo{com.netflix.mediaclient/com.netflix.mediaclient.ui.player.PlayerActivity} origActivity=null realActivity=ComponentInfo{com.netflix.mediaclient/com.netflix.mediaclient.ui.launch.UIWebViewActivity} numActivities=2 lastActiveTime=63241154 supportsMultiWindow=false resizeMode=0 isResizeable=false minWidth=-1 minHeight=-1 maxWidth=-1 maxHeight=-1 defaultMinSize=220 token=WCT{RemoteToken{214391 Task{8b81c46 #180 type=standard A=10312:com.netflix.mediaclient}}} topActivityType=1 pictureInPictureParams=null shouldDockBigOverlays=false launchIntoPipHostTaskId=-1 lastParentTaskIdBeforePip=-1 displayCutoutSafeInsets=null topActivityInfo=ActivityInfo{2913d6 com.netflix.mediaclient.ui.player.PlayerActivity} launchCookies=[] positionInParent=Point(0, 0) parentTaskId=-1 isFocused=true isVisible=true isVisibleRequested=true isSleeping=false topActivityInSizeCompat=false topActivityEligibleForLetterboxEducation= false topActivityLetterboxed= false isFromDoubleTap= false topActivityLetterboxVerticalPosition= -1 topActivityLetterboxHorizontalPosition= -1 topActivityLetterboxWidth=-1 topActivityLetterboxHeight=-1 locusId=null displayAreaFeatureId=1 cameraCompatControlState=hidden originallySupportedMultiWindow=false hasWallpaper=false topActivityInFixedAspectRatio=false rootAffinity=10312:com.netflix.mediaclient topActivityInDisplayCompat=false topActivityInBoundsCompat=false topActivityBounds=null singleTapFromLetterbox=false isTopTaskInStage=false topActivityUiMode=17 CoverLauncherWidgetTask=false CoverScreenTask=false isAllowedSeamlessRotation=false}, remoteTransition = null, displayChange = null }
05-13 08:45:02.399  3777  3902 I SurfaceControl: hide, t=FinishTransaction_SyncId<284>, sc=Surface(name=ActivityRecord{8573ba1 u0 com.netflix.mediaclient/o.cqo t180})/@0xcd69361, caller=com.android.wm.shell.transition.Transitions.dispatchReady:681 com.android.wm.shell.transition.Transitions.onTransitionReady:118 com.android.wm.shell.transition.Transitions$TransitionPlayerImpl$$ExternalSyntheticLambda0.run:13 android.os.Handler.handleCallback:958 android.os.Handler.dispatchMessage:99 android.os.Looper.loopOnce:230
05-13 08:45:02.399  2377  2594 V WindowManager:     info={id=284 t=OPEN f=0x0 trk=0 r=[0@Point(0, 0)] c=[{null m=OPEN f=IS_ACTIVITY leash=Surface(name=Surface(name=ActivityRecord{13bd2dd u0 com.netflix.mediaclient/.ui.player.PlayerActivity t180})/@0x467dd7b - rotation-leash)/@0xdd6f798 sb=Rect(0, 0 - 0, 0) eb=Rect(0, 0 - 1080, 2340) d=-1->0 r=-1->0:-1 dim=true inset=Rect(0, 0 - 0, 0)},{null m=TO_BACK f=FILLS_TASK|IS_ACTIVITY leash=Surface(name=ActivityRecord{8573ba1 u0 com.netflix.mediaclient/o.cqo t180})/@0xc02c35b sb=Rect(0, 0 - 1080, 2340) eb=Rect(0, 0 - 1080, 2340) d=0 inset=Rect(0, 0 - 0, 0)}]}
05-13 08:45:02.399  3777  3902 I SurfaceControl: show, t=StartTransaction_SyncId<284>, sc=Surface(name=Surface(name=ActivityRecord{13bd2dd u0 com.netflix.mediaclient/.ui.player.PlayerActivity t180})/@0x467dd7b - rotation-leash)/@0x582d6c8, caller=com.android.wm.shell.transition.Transitions.dispatchReady:686 com.android.wm.shell.transition.Transitions.onTransitionReady:118 com.android.wm.shell.transition.Transitions$TransitionPlayerImpl$$ExternalSyntheticLambda0.run:13 android.os.Handler.handleCallback:958 android.os.Handler.dispatchMessage:99 android.os.Looper.loopOnce:230
05-13 08:45:02.399  3777  3902 I SurfaceControl: show, t=FinishTransaction_SyncId<284>, sc=Surface(name=Surface(name=ActivityRecord{13bd2dd u0 com.netflix.mediaclient/.ui.player.PlayerActivity t180})/@0x467dd7b - rotation-leash)/@0x582d6c8, caller=com.android.wm.shell.transition.Transitions.dispatchReady:733 com.android.wm.shell.transition.Transitions.onTransitionReady:118 com.android.wm.shell.transition.Transitions$TransitionPlayerImpl$$ExternalSyntheticLambda0.run:13 android.os.Handler.handleCallback:958 android.os.Handler.dispatchMessage:99 android.os.Looper.loopOnce:230
05-13 08:45:02.399  3777  3902 I SurfaceControl: show, t=StartTransaction_SyncId<284>, sc=Surface(name=Transition Root: ActivityRecord{13bd2dd u0 com.netflix.mediaclient/.ui.player.PlayerActivity t180})/@0x64a7e86, caller=com.android.wm.shell.transition.Transitions.playTransition:80 com.android.wm.shell.transition.Transitions.processReadyQueue:185 com.android.wm.shell.transition.Transitions.dispatchReady:751 com.android.wm.shell.transition.Transitions.onTransitionReady:118 com.android.wm.shell.transition.Transitions$TransitionPlayerImpl$$ExternalSyntheticLambda0.run:13 android.os.Handler.handleCallback:958
05-13 08:45:02.399  2377  2598 D WindowManager: updateSystemBarAttributes: displayId=0, win=Window{c9dc567 u0 com.netflix.mediaclient/com.netflix.mediaclient.ui.player.PlayerActivity}, navColorWin=Window{c9dc567 u0 com.netflix.mediaclient/com.netflix.mediaclient.ui.player.PlayerActivity}, focusedCanBeNavColorWin=false, behavior=2, appearance=0, statusBarAppearanceRegions=[AppearanceRegion{ bounds=[0,0][2340,1080]}], requestedVisibilities=-12, from=com.android.server.wm.DisplayPolicy.finishPostLayoutPolicyLw:2313 com.android.server.wm.DisplayContent.applySurfaceChangesTransaction:6116 com.android.server.wm.RootWindowContainer.applySurfaceChangesTransaction:1178
05-13 08:45:02.399  3777  3902 V WindowManagerShell: Transition doesn't have explicit remote, search filters for match for {id=284 t=OPEN f=0x0 trk=0 r=[0@Point(0, 0)] c=[{null m=OPEN f=IS_ACTIVITY leash=Surface(name=Surface(name=ActivityRecord{13bd2dd u0 com.netflix.mediaclient/.ui.player.PlayerActivity t180})/@0x467dd7b - rotation-leash)/@0x582d6c8 sb=Rect(0, 0 - 0, 0) eb=Rect(0, 0 - 1080, 2340) d=-1->0 r=-1->0:-1 dim=true inset=Rect(0, 0 - 0, 0)},{null m=TO_BACK f=FILLS_TASK|IS_ACTIVITY leash=Surface(name=ActivityRecord{8573ba1 u0 com.netflix.mediaclient/o.cqo t180})/@0xcd69361 sb=Rect(0, 0 - 1080, 2340) eb=Rect(0, 0 - 1080, 2340) d=0 inset=Rect(0, 0 - 0, 0)}]}
05-13 08:45:02.399  3777  3902 V WindowManagerShell: start default transition animation, info = {id=284 t=OPEN f=0x0 trk=0 r=[0@Point(0, 0)] c=[{null m=OPEN f=IS_ACTIVITY leash=Surface(name=Surface(name=ActivityRecord{13bd2dd u0 com.netflix.mediaclient/.ui.player.PlayerActivity t180})/@0x467dd7b - rotation-leash)/@0x582d6c8 sb=Rect(0, 0 - 0, 0) eb=Rect(0, 0 - 1080, 2340) d=-1->0 r=-1->0:-1 dim=true inset=Rect(0, 0 - 0, 0)},{null m=TO_BACK f=FILLS_TASK|IS_ACTIVITY leash=Surface(name=ActivityRecord{8573ba1 u0 com.netflix.mediaclient/o.cqo t180})/@0xcd69361 sb=Rect(0, 0 - 1080, 2340) eb=Rect(0, 0 - 1080, 2340) d=0 inset=Rect(0, 0 - 0, 0)}]}
05-13 08:45:02.399  3777  3777 D SamsungLightBarControlHelper: onStatusBarAppearanceChanged() -  sbModeChanged:false, statusBarMode:0, barState:MODE_TRANSPARENT, isKeyguardShowing:false, navbarColorManagedByIme:false, stackAppearanceChanged:true, (AppearanceRegion{ bounds=[0,0][2340,1080]}, ), packageName:com.netflix.mediaclient
05-13 08:45:02.399  1669  2869 I SurfaceFlinger: id=4987 createSurf, flag=84000, addf787 ActivityRecordInputSink com.netflix.mediaclient/.ui.player.PlayerActivity#4987
05-13 08:45:02.400  2377  2598 D PowerManagerService: [api] acquire WakeLock SCREEN_BRIGHT_WAKE_LOCK        'WindowManager/displayId:0' ON_AFTER_RELEASE (uid=1000 pid=2377 ws=WorkSource{10312 com.netflix.mediaclient} displayId=0 lock=13f34df)
05-13 08:45:02.403  1669  2869 I SurfaceFlinger: id=4988 createSurf, flag=20004, DimTransitionLayer for Surface(name=Surface(name=ActivityRecord{13bd2dd u0 com.netflix.mediaclient/.ui.player.PlayerActivity t180})/@0x467dd7b - rotation-leash)/@0x582d6c8#4988
05-13 08:45:02.403  3777  3902 I SurfaceControl: show, t=StartTransaction_SyncId<284>, sc=Surface(name=DimTransitionLayer for Surface(name=Surface(name=ActivityRecord{13bd2dd u0 com.netflix.mediaclient/.ui.player.PlayerActivity t180})/@0x467dd7b - rotation-leash)/@0x582d6c8)/@0x5466ce3, caller=com.android.wm.shell.transition.DefaultTransitionHandler.startAnimation:2946 com.android.wm.shell.transition.Transitions.dispatchTransition:80 com.android.wm.shell.transition.Transitions.playTransition:776 com.android.wm.shell.transition.Transitions.processReadyQueue:185 com.android.wm.shell.transition.Transitions.dispatchReady:751 com.android.wm.shell.transition.Transitions.onTransitionReady:118
05-13 08:45:02.403  3777  3902 V WindowManagerShell: attach dim transition, change={null m=OPEN f=IS_ACTIVITY leash=Surface(name=Surface(name=ActivityRecord{13bd2dd u0 com.netflix.mediaclient/.ui.player.PlayerActivity t180})/@0x467dd7b - rotation-leash)/@0x582d6c8 sb=Rect(0, 0 - 0, 0) eb=Rect(0, 0 - 1080, 2340) d=-1->0 r=-1->0:-1 dim=true inset=Rect(0, 0 - 0, 0)}
05-13 08:45:02.404  1669  1669 I Layer   : Layer [DimTransitionLayer for Surface(name=Surface(name=ActivityRecord{13bd2dd u0 com.netflix.mediaclient/.ui.player.PlayerActivity t180})/@0x467dd7b - rotation-leash)/@0x582d6c8#4988] hidden!! flag(0)
05-13 08:45:02.404  1669  1669 I Layer   : Layer::reparent [ActivityRecord{8573ba1 u0 com.netflix.mediaclient/o.cqo t180}#4960] newParent : Transition Root: ActivityRecord{13bd2dd u0 com.netflix.mediaclient/.ui.player.PlayerActivity t180}#4985 , isRemovedFromCurrentState : 0 -------------------------
05-13 08:45:02.404  1669  1669 I Layer   : Layer::reparent [ActivityRecord{8573ba1 u0 com.netflix.mediaclient/o.cqo t180}#4960] End -------------------------
05-13 08:45:02.404  1669  1669 I Layer   : Layer [c9dc567 com.netflix.mediaclient/com.netflix.mediaclient.ui.player.PlayerActivity#4983] hidden!! flag(0)
05-13 08:45:02.404  1669  1669 I Layer   : Layer::reparent [Surface(name=ActivityRecord{13bd2dd u0 com.netflix.mediaclient/.ui.player.PlayerActivity t180})/@0x467dd7b - rotation-leash#4986] newParent : Transition Root: ActivityRecord{13bd2dd u0 com.netflix.mediaclient/.ui.player.PlayerActivity t180}#4985 , isRemovedFromCurrentState : 0 -------------------------
05-13 08:45:02.404  1669  1669 I Layer   : Layer::reparent [Surface(name=ActivityRecord{13bd2dd u0 com.netflix.mediaclient/.ui.player.PlayerActivity t180})/@0x467dd7b - rotation-leash#4986] End -------------------------
